Archive member included because of file (symbol)

/homes/skollbach/Downloads/ASE/gcc-arm-embedded/gcc-arm-none-eabi-4_8-2014q1/bin/../lib/gcc/arm-none-eabi/4.8.3/../../../../arm-none-eabi/lib/armv7-m/libstdc++.a(pure.o)
                              build/obj/HWI2CDriver.o (__cxa_pure_virtual)
/homes/skollbach/Downloads/ASE/gcc-arm-embedded/gcc-arm-none-eabi-4_8-2014q1/bin/../lib/gcc/arm-none-eabi/4.8.3/../../../../arm-none-eabi/lib/armv7-m/libstdc++.a(del_op.o)
                              build/obj/HWSPIDriver.o (operator delete(void*))
/homes/skollbach/Downloads/ASE/gcc-arm-embedded/gcc-arm-none-eabi-4_8-2014q1/bin/../lib/gcc/arm-none-eabi/4.8.3/../../../../arm-none-eabi/lib/armv7-m/libstdc++.a(eh_terminate.o)
                              /homes/skollbach/Downloads/ASE/gcc-arm-embedded/gcc-arm-none-eabi-4_8-2014q1/bin/../lib/gcc/arm-none-eabi/4.8.3/../../../../arm-none-eabi/lib/armv7-m/libstdc++.a(pure.o) (std::terminate())
/homes/skollbach/Downloads/ASE/gcc-arm-embedded/gcc-arm-none-eabi-4_8-2014q1/bin/../lib/gcc/arm-none-eabi/4.8.3/../../../../arm-none-eabi/lib/armv7-m/libstdc++.a(eh_unex_handler.o)
                              /homes/skollbach/Downloads/ASE/gcc-arm-embedded/gcc-arm-none-eabi-4_8-2014q1/bin/../lib/gcc/arm-none-eabi/4.8.3/../../../../arm-none-eabi/lib/armv7-m/libstdc++.a(eh_terminate.o) (__cxxabiv1::__unexpected_handler)
/homes/skollbach/Downloads/ASE/gcc-arm-embedded/gcc-arm-none-eabi-4_8-2014q1/bin/../lib/gcc/arm-none-eabi/4.8.3/../../../../arm-none-eabi/lib/armv7-m/libstdc++.a(eh_catch.o)
                              /homes/skollbach/Downloads/ASE/gcc-arm-embedded/gcc-arm-none-eabi-4_8-2014q1/bin/../lib/gcc/arm-none-eabi/4.8.3/../../../../arm-none-eabi/lib/armv7-m/libstdc++.a(eh_terminate.o) (__cxa_begin_catch)
/homes/skollbach/Downloads/ASE/gcc-arm-embedded/gcc-arm-none-eabi-4_8-2014q1/bin/../lib/gcc/arm-none-eabi/4.8.3/../../../../arm-none-eabi/lib/armv7-m/libstdc++.a(atexit_arm.o)
                              build/obj/main.o (__aeabi_atexit)
/homes/skollbach/Downloads/ASE/gcc-arm-embedded/gcc-arm-none-eabi-4_8-2014q1/bin/../lib/gcc/arm-none-eabi/4.8.3/../../../../arm-none-eabi/lib/armv7-m/libstdc++.a(eh_term_handler.o)
                              /homes/skollbach/Downloads/ASE/gcc-arm-embedded/gcc-arm-none-eabi-4_8-2014q1/bin/../lib/gcc/arm-none-eabi/4.8.3/../../../../arm-none-eabi/lib/armv7-m/libstdc++.a(eh_terminate.o) (__cxxabiv1::__terminate_handler)
/homes/skollbach/Downloads/ASE/gcc-arm-embedded/gcc-arm-none-eabi-4_8-2014q1/bin/../lib/gcc/arm-none-eabi/4.8.3/../../../../arm-none-eabi/lib/armv7-m/libstdc++.a(eh_arm.o)
                              /homes/skollbach/Downloads/ASE/gcc-arm-embedded/gcc-arm-none-eabi-4_8-2014q1/bin/../lib/gcc/arm-none-eabi/4.8.3/../../../../arm-none-eabi/lib/armv7-m/libstdc++.a(eh_terminate.o) (__cxa_end_cleanup)
/homes/skollbach/Downloads/ASE/gcc-arm-embedded/gcc-arm-none-eabi-4_8-2014q1/bin/../lib/gcc/arm-none-eabi/4.8.3/../../../../arm-none-eabi/lib/armv7-m/libstdc++.a(eh_call.o)
                              /homes/skollbach/Downloads/ASE/gcc-arm-embedded/gcc-arm-none-eabi-4_8-2014q1/bin/../lib/gcc/arm-none-eabi/4.8.3/../../../../arm-none-eabi/lib/armv7-m/libstdc++.a(eh_terminate.o) (__cxa_call_unexpected)
/homes/skollbach/Downloads/ASE/gcc-arm-embedded/gcc-arm-none-eabi-4_8-2014q1/bin/../lib/gcc/arm-none-eabi/4.8.3/../../../../arm-none-eabi/lib/armv7-m/libstdc++.a(eh_personality.o)
                              /homes/skollbach/Downloads/ASE/gcc-arm-embedded/gcc-arm-none-eabi-4_8-2014q1/bin/../lib/gcc/arm-none-eabi/4.8.3/../../../../arm-none-eabi/lib/armv7-m/libstdc++.a(eh_terminate.o) (__gxx_personality_v0)
/homes/skollbach/Downloads/ASE/gcc-arm-embedded/gcc-arm-none-eabi-4_8-2014q1/bin/../lib/gcc/arm-none-eabi/4.8.3/../../../../arm-none-eabi/lib/armv7-m/libstdc++.a(eh_globals.o)
                              /homes/skollbach/Downloads/ASE/gcc-arm-embedded/gcc-arm-none-eabi-4_8-2014q1/bin/../lib/gcc/arm-none-eabi/4.8.3/../../../../arm-none-eabi/lib/armv7-m/libstdc++.a(eh_catch.o) (__cxa_get_globals_fast)
/homes/skollbach/Downloads/ASE/gcc-arm-embedded/gcc-arm-none-eabi-4_8-2014q1/bin/../lib/gcc/arm-none-eabi/4.8.3/../../../../arm-none-eabi/lib/armv7-m/libstdc++.a(vterminate.o)
                              /homes/skollbach/Downloads/ASE/gcc-arm-embedded/gcc-arm-none-eabi-4_8-2014q1/bin/../lib/gcc/arm-none-eabi/4.8.3/../../../../arm-none-eabi/lib/armv7-m/libstdc++.a(eh_term_handler.o) (__gnu_cxx::__verbose_terminate_handler())
/homes/skollbach/Downloads/ASE/gcc-arm-embedded/gcc-arm-none-eabi-4_8-2014q1/bin/../lib/gcc/arm-none-eabi/4.8.3/../../../../arm-none-eabi/lib/armv7-m/libstdc++.a(eh_throw.o)
                              /homes/skollbach/Downloads/ASE/gcc-arm-embedded/gcc-arm-none-eabi-4_8-2014q1/bin/../lib/gcc/arm-none-eabi/4.8.3/../../../../arm-none-eabi/lib/armv7-m/libstdc++.a(eh_call.o) (__cxa_throw)
[...]
Memory Configuration

Name             Origin             Length             Attributes
flash            0x08006000         0x0007a000
ram              0x20000000         0x00010000
*default*        0x00000000         0xffffffff

Linker script and memory map

LOAD build/obj/crt0.o
LOAD build/obj/vectors.o
LOAD build/obj/chcore.o
LOAD build/obj/chcore_v7m.o
LOAD build/obj/nvic.o
LOAD build/obj/chsys.o
LOAD build/obj/chdebug.o
LOAD build/obj/chlists.o
LOAD build/obj/chvt.o
LOAD build/obj/chschd.o
LOAD build/obj/chthreads.o
LOAD build/obj/chdynamic.o
LOAD build/obj/chregistry.o
LOAD build/obj/chsem.o
LOAD build/obj/chmtx.o
LOAD build/obj/chcond.o
LOAD build/obj/chevents.o
LOAD build/obj/chmsg.o
LOAD build/obj/chmboxes.o
LOAD build/obj/chqueues.o
LOAD build/obj/chmemcore.o
LOAD build/obj/chheap.o
LOAD build/obj/chmempools.o
LOAD build/obj/hal.o
LOAD build/obj/adc.o
LOAD build/obj/can.o
LOAD build/obj/ext.o
LOAD build/obj/gpt.o
LOAD build/obj/i2c.o
LOAD build/obj/icu.o
LOAD build/obj/mac.o
LOAD build/obj/mmc_spi.o
LOAD build/obj/mmcsd.o
LOAD build/obj/pal.o
LOAD build/obj/pwm.o
LOAD build/obj/rtc.o
LOAD build/obj/sdc.o
LOAD build/obj/serial.o
LOAD build/obj/serial_usb.o
LOAD build/obj/spi.o
LOAD build/obj/tm.o
LOAD build/obj/uart.o
LOAD build/obj/usb.o
LOAD build/obj/qei.o
LOAD build/obj/stm32_dma.o
LOAD build/obj/hal_lld.o
LOAD build/obj/adc_lld.o
LOAD build/obj/ext_lld_isr.o
LOAD build/obj/can_lld.o
LOAD build/obj/ext_lld.o
LOAD build/obj/mac_lld.o
LOAD build/obj/sdc_lld.o
LOAD build/obj/pal_lld.o
LOAD build/obj/i2c_lld.o
LOAD build/obj/rtc_lld.o
LOAD build/obj/spi_lld.o
LOAD build/obj/gpt_lld.o
LOAD build/obj/icu_lld.o
LOAD build/obj/pwm_lld.o
LOAD build/obj/serial_lld.o
LOAD build/obj/uart_lld.o
LOAD build/obj/usb_lld.o
LOAD build/obj/qei_lld.o
LOAD build/obj/board.o
LOAD build/obj/evtimer.o
LOAD build/obj/syscalls.o
LOAD build/obj/chprintf.o
LOAD build/obj/shell.o
LOAD build/obj/memstreams.o
LOAD build/obj/stubs.o
LOAD build/obj/Debug.o
LOAD build/obj/ch.o
LOAD build/obj/HWSPIDriver.o
LOAD build/obj/HWI2CDriver.o
LOAD build/obj/I2CMultiplexer.o
LOAD build/obj/VI2CDriver.o
LOAD build/obj/vcnl4020.o
LOAD build/obj/hmc5883l.o
LOAD build/obj/lis331dlh.o
LOAD build/obj/l3g4200d.o
LOAD build/obj/ina219.o
LOAD build/obj/eeprom.o
LOAD build/obj/at24.o
LOAD build/obj/FileSystemInputOutputBase.o
LOAD build/obj/FSIODiWheelDrive.o
LOAD build/obj/MotorIncrements.o
LOAD build/obj/MotorControl.o
LOAD build/obj/DistControl.o
LOAD build/obj/Odometry.o
LOAD build/obj/ControllerAreaNetworkRx.o
LOAD build/obj/ControllerAreaNetworkTx.o
LOAD build/obj/Color.o
LOAD build/obj/serial_can_mux.o
LOAD build/obj/DiWheelDrive.o
LOAD build/obj/userthread.o
LOAD build/obj/main.o
LOAD build/obj/exti.o
                0x00000400                __main_stack_size__ = 0x400
                0x00000400                __process_stack_size__ = 0x400
                0x20000000                __ram_start__ = ORIGIN (ram)
                0x00010000                __ram_size__ = 0x10000
                0x20010000                __ram_end__ = (__ram_start__ + __ram_size__)
                0x08006150                __crc_start__ = (ORIGIN (flash) + 0x150)
                0x00000000                . = 0x0
                0x00000000                _text = .

startup         0x08006000      0x130
 *(vectors)
 vectors        0x08006000      0x130 build/obj/vectors.o
                0x08006000                _vectors

crc             0x08006150        0x4
                0x08006150        0x4 LONG 0x55aa11ee

constructors    0x08006154       0x38
                0x08006154                PROVIDE (__init_array_start, .)
 *(SORT(.init_array.*))
 *(.init_array)
 .init_array    0x08006154        0x4 build/obj/vcnl4020.o
 .init_array    0x08006158        0x4 build/obj/hmc5883l.o
 .init_array    0x0800615c        0x4 build/obj/lis331dlh.o
 .init_array    0x08006160        0x4 build/obj/l3g4200d.o
 .init_array    0x08006164        0x4 build/obj/ina219.o
 .init_array    0x08006168        0x4 build/obj/MotorControl.o
 .init_array    0x0800616c        0x4 build/obj/DistControl.o
 .init_array    0x08006170        0x4 build/obj/Odometry.o
 .init_array    0x08006174        0x4 build/obj/ControllerAreaNetworkRx.o
 .init_array    0x08006178        0x4 build/obj/ControllerAreaNetworkTx.o
 .init_array    0x0800617c        0x4 build/obj/serial_can_mux.o
 .init_array    0x08006180        0x4 build/obj/DiWheelDrive.o
 .init_array    0x08006184        0x4 build/obj/userthread.o
 .init_array    0x08006188        0x4 build/obj/main.o
                0x0800618c                PROVIDE (__init_array_end, .)

destructors     0x0800618c        0x0
                0x0800618c                PROVIDE (__fini_array_start, .)
 *(.fini_array)
 *(SORT(.fini_array.*))
                0x0800618c                PROVIDE (__fini_array_end, .)

.text           0x08006190    0x21a2c
 *(.text.startup.*)
 .text.startup._ZN10chibios_rt10BaseThread4mainEv
                0x08006190       0x10 build/obj/ch.o
                0x08006190                chibios_rt::BaseThread::main()
 .text.startup._ZN5amiro8VCNL40204mainEv
                0x080061a0      0x150 build/obj/vcnl4020.o
                0x080061a0                amiro::VCNL4020::main()
 .text.startup._GLOBAL__sub_I__ZN5amiro8VCNL4020D2Ev
                0x080062f0       0x20 build/obj/vcnl4020.o
 .text.startup._ZN5amiro8HMC5883L4mainEv
                0x08006310       0xd0 build/obj/hmc5883l.o
                0x08006310                amiro::HMC5883L::main()
 .text.startup._GLOBAL__sub_I__ZN5amiro8HMC5883LD2Ev
                0x080063e0       0x20 build/obj/hmc5883l.o
 .text.startup._ZN5amiro9LIS331DLH4mainEv
                0x08006400       0xa0 build/obj/lis331dlh.o
                0x08006400                amiro::LIS331DLH::main()
 .text.startup._GLOBAL__sub_I__ZN5amiro9LIS331DLHC2EPNS_11HWSPIDriverE
                0x080064a0       0x20 build/obj/lis331dlh.o
 .text.startup._ZN5amiro8L3G4200D4mainEv
                0x080064c0      0x120 build/obj/l3g4200d.o
                0x080064c0                amiro::L3G4200D::main()
 .text.startup._GLOBAL__sub_I__ZN5amiro8L3G4200DC2EPNS_11HWSPIDriverE
                0x080065e0       0x20 build/obj/l3g4200d.o
 .text.startup._ZN5amiro6INA2196Driver4mainEv
                0x08006600       0x30 build/obj/ina219.o
                0x08006600                amiro::INA219::Driver::main()
 .text.startup._GLOBAL__sub_I__ZN5amiro6INA2196DriverC2ERNS_9I2CDriverEh
                0x08006630       0x20 build/obj/ina219.o
 .text.startup._ZN5amiro12MotorControl4mainEv
                0x08006650      0x170 build/obj/MotorControl.o
                0x08006650                amiro::MotorControl::main()
 .text.startup._GLOBAL__sub_I__ZN5amiro12MotorControl29wheelDiameterCorrectionFactorE
                0x080067c0       0x20 build/obj/MotorControl.o
 .text.startup._ZN5amiro11DistControl4mainEv
                0x080067e0      0x1c0 build/obj/DistControl.o
                0x080067e0                amiro::DistControl::main()
 .text.startup._GLOBAL__sub_I__ZN5amiro11DistControlC2EPNS_12MotorControlEPNS_15MotorIncrementsE
                0x080069a0       0x20 build/obj/DistControl.o
 .text.startup._ZN5amiro8Odometry4mainEv
                0x080069c0       0x80 build/obj/Odometry.o
                0x080069c0                amiro::Odometry::main()
 .text.startup._GLOBAL__sub_I__ZN5amiro8OdometryC2EPNS_15MotorIncrementsEPNS_8L3G4200DE
                0x08006a40       0x20 build/obj/Odometry.o
 .text.startup._ZN5amiro23ControllerAreaNetworkRx4mainEv
                0x08006a60       0x90 build/obj/ControllerAreaNetworkRx.o
                0x08006a60                amiro::ControllerAreaNetworkRx::main()
 .text.startup._GLOBAL__sub_I__ZN5amiro23ControllerAreaNetworkRxC2EP9CANDriverh
                0x08006af0       0x20 build/obj/ControllerAreaNetworkRx.o
 .text.startup._ZN5amiro23ControllerAreaNetworkTx4mainEv
                0x08006b10       0x80 build/obj/ControllerAreaNetworkTx.o
                0x08006b10                amiro::ControllerAreaNetworkTx::main()
 .text.startup._GLOBAL__sub_I__ZN5amiro23ControllerAreaNetworkTxC2EP9CANDriverh
                0x08006b90       0x20 build/obj/ControllerAreaNetworkTx.o
 .text.startup._GLOBAL__sub_I__ZN5amiro12SerialCanMuxC2EP12SerialDriverP9CANDriverh
                0x08006bb0       0x20 build/obj/serial_can_mux.o
 .text.startup._GLOBAL__sub_I__ZN5amiro12DiWheelDriveC2EP9CANDriver
                0x08006bd0       0x20 build/obj/DiWheelDrive.o
 .text.startup._ZN5amiro10UserThread4mainEv
                0x08006bf0      0x2d0 build/obj/userthread.o
                0x08006bf0                amiro::UserThread::main()
 .text.startup._GLOBAL__sub_I_policy
                0x08006ec0       0x40 build/obj/userthread.o
 .text.startup.main
                0x08006f00      0x400 build/obj/main.o
                0x08006f00                main
 .text.startup._GLOBAL__sub_I_global
                0x08007300       0x40 build/obj/main.o
 *(.text)
 .text          0x08007340     0x57a0 /homes/skollbach/Downloads/ASE/gcc-arm-embedded/gcc-arm-none-eabi-4_8-2014q1/bin/../lib/gcc/arm-none-eabi/4.8.3/../../../../arm-none-eabi/lib/armv7-m/libstdc++.a(cp-demangle.o)
                0x0800ca00                __cxa_demangle
                0x0800cac4                __gcclibcxx_demangle_callback
 .text          0x0800cae0      0x370 /homes/skollbach/Downloads/ASE/gcc-arm-embedded/gcc-arm-none-eabi-4_8-2014q1/bin/../lib/gcc/arm-none-eabi/4.8.3/armv7-m/libgcc.a(_arm_addsubdf3.o)
                0x0800cae0                __aeabi_drsub
                0x0800cae8                __aeabi_dsub
                0x0800cae8                __subdf3
                0x0800caec                __adddf3
                0x0800caec                __aeabi_dadd
                0x0800cd64                __aeabi_ui2d
                0x0800cd64                __floatunsidf
                0x0800cd84                __floatsidf
                0x0800cd84                __aeabi_i2d
                0x0800cda8                __extendsfdf2
                0x0800cda8                __aeabi_f2d
                0x0800cde4                __aeabi_ul2d
                0x0800cde4                __floatundidf
                0x0800cdf4                __floatdidf
                0x0800cdf4                __aeabi_l2d
 .text          0x0800ce50      0x424 /homes/skollbach/Downloads/ASE/gcc-arm-embedded/gcc-arm-none-eabi-4_8-2014q1/bin/../lib/gcc/arm-none-eabi/4.8.3/armv7-m/libgcc.a(_arm_muldivdf3.o)
                0x0800ce50                __aeabi_dmul
                0x0800ce50                __muldf3
                0x0800d0a4                __aeabi_ddiv
                0x0800d0a4                __divdf3
 *fill*         0x0800d274        0xc 
 .text          0x0800d280      0x110 /homes/skollbach/Downloads/ASE/gcc-arm-embedded/gcc-arm-none-eabi-4_8-2014q1/bin/../lib/gcc/arm-none-eabi/4.8.3/armv7-m/libgcc.a(_arm_cmpdf2.o)
                0x0800d280                __gtdf2
                0x0800d280                __gedf2
                0x0800d288                __ltdf2
                0x0800d288                __ledf2
                0x0800d290                __cmpdf2
                0x0800d290                __eqdf2
                0x0800d290                __nedf2
                0x0800d30c                __aeabi_cdrcmple
                0x0800d31c                __aeabi_cdcmple
                0x0800d31c                __aeabi_cdcmpeq
                0x0800d32c                __aeabi_dcmpeq
                0x0800d340                __aeabi_dcmplt
                0x0800d354                __aeabi_dcmple
                0x0800d368                __aeabi_dcmpge
                0x0800d37c                __aeabi_dcmpgt
 .text          0x0800d390       0x50 /homes/skollbach/Downloads/ASE/gcc-arm-embedded/gcc-arm-none-eabi-4_8-2014q1/bin/../lib/gcc/arm-none-eabi/4.8.3/armv7-m/libgcc.a(_arm_fixdfsi.o)
                0x0800d390                __fixdfsi
                0x0800d390                __aeabi_d2iz
 .text          0x0800d3e0       0x40 /homes/skollbach/Downloads/ASE/gcc-arm-embedded/gcc-arm-none-eabi-4_8-2014q1/bin/../lib/gcc/arm-none-eabi/4.8.3/armv7-m/libgcc.a(_arm_fixunsdfsi.o)
                0x0800d3e0                __fixunsdfsi
                0x0800d3e0                __aeabi_d2uiz
 .text          0x0800d420       0xa0 /homes/skollbach/Downloads/ASE/gcc-arm-embedded/gcc-arm-none-eabi-4_8-2014q1/bin/../lib/gcc/arm-none-eabi/4.8.3/armv7-m/libgcc.a(_arm_truncdfsf2.o)
                0x0800d420                __aeabi_d2f
                0x0800d420                __truncdfsf2
 .text          0x0800d4c0      0x21c /homes/skollbach/Downloads/ASE/gcc-arm-embedded/gcc-arm-none-eabi-4_8-2014q1/bin/../lib/gcc/arm-none-eabi/4.8.3/armv7-m/libgcc.a(_arm_addsubsf3.o)
                0x0800d4c0                __aeabi_frsub
                0x0800d4c8                __subsf3
                0x0800d4c8                __aeabi_fsub
                0x0800d4cc                __aeabi_fadd
                0x0800d4cc                __addsf3
                0x0800d62c                __aeabi_ui2f
                0x0800d62c                __floatunsisf
                0x0800d634                __aeabi_i2f
                0x0800d634                __floatsisf
                0x0800d650                __floatundisf
                0x0800d650                __aeabi_ul2f
                0x0800d660                __floatdisf
                0x0800d660                __aeabi_l2f
 *fill*         0x0800d6dc        0x4 
 .text          0x0800d6e0      0x2a0 /homes/skollbach/Downloads/ASE/gcc-arm-embedded/gcc-arm-none-eabi-4_8-2014q1/bin/../lib/gcc/arm-none-eabi/4.8.3/armv7-m/libgcc.a(_arm_muldivsf3.o)
                0x0800d6e0                __mulsf3
                0x0800d6e0                __aeabi_fmul
                0x0800d848                __divsf3
                0x0800d848                __aeabi_fdiv
 .text          0x0800d980       0xec /homes/skollbach/Downloads/ASE/gcc-arm-embedded/gcc-arm-none-eabi-4_8-2014q1/bin/../lib/gcc/arm-none-eabi/4.8.3/armv7-m/libgcc.a(_arm_cmpsf2.o)
                0x0800d980                __gtsf2
                0x0800d980                __gesf2
                0x0800d988                __lesf2
                0x0800d988                __ltsf2
                0x0800d990                __nesf2
                0x0800d990                __eqsf2
                0x0800d990                __cmpsf2
                0x0800d9f0                __aeabi_cfrcmple
                0x0800d9f8                __aeabi_cfcmple
                0x0800d9f8                __aeabi_cfcmpeq
                0x0800da08                __aeabi_fcmpeq
                0x0800da1c                __aeabi_fcmplt
                0x0800da30                __aeabi_fcmple
                0x0800da44                __aeabi_fcmpge
                0x0800da58                __aeabi_fcmpgt
 *fill*         0x0800da6c        0x4 
 .text          0x0800da70       0x4c /homes/skollbach/Downloads/ASE/gcc-arm-embedded/gcc-arm-none-eabi-4_8-2014q1/bin/../lib/gcc/arm-none-eabi/4.8.3/armv7-m/libgcc.a(_arm_fixsfsi.o)
                0x0800da70                __fixsfsi
                0x0800da70                __aeabi_f2iz
 *fill*         0x0800dabc        0x4 
 .text          0x0800dac0       0x40 /homes/skollbach/Downloads/ASE/gcc-arm-embedded/gcc-arm-none-eabi-4_8-2014q1/bin/../lib/gcc/arm-none-eabi/4.8.3/armv7-m/libgcc.a(_arm_fixunssfsi.o)
                0x0800dac0                __aeabi_f2uiz
                0x0800dac0                __fixunssfsi
 .text          0x0800db00      0xa28 /homes/skollbach/Downloads/ASE/gcc-arm-embedded/gcc-arm-none-eabi-4_8-2014q1/bin/../lib/gcc/arm-none-eabi/4.8.3/armv7-m/libgcc.a(unwind-arm.o)
                0x0800dde4                _Unwind_GetCFA
                0x0800dde8                __gnu_Unwind_RaiseException
                0x0800de48                __gnu_Unwind_ForcedUnwind
                0x0800de5c                __gnu_Unwind_Resume
                0x0800dea0                __gnu_Unwind_Resume_or_Rethrow
                0x0800debc                _Unwind_Complete
                0x0800dec0                _Unwind_DeleteException
                0x0800ded0                _Unwind_VRS_Get
                0x0800df20                _Unwind_VRS_Set
                0x0800df70                __gnu_Unwind_Backtrace
                0x0800e2c4                __aeabi_unwind_cpp_pr0
                0x0800e2cc                __aeabi_unwind_cpp_pr1
                0x0800e2d4                __aeabi_unwind_cpp_pr2
                0x0800e2dc                _Unwind_VRS_Pop
 *fill*         0x0800e528        0x8 
 .text          0x0800e530      0x1ac /homes/skollbach/Downloads/ASE/gcc-arm-embedded/gcc-arm-none-eabi-4_8-2014q1/bin/../lib/gcc/arm-none-eabi/4.8.3/armv7-m/libgcc.a(libunwind.o)
                0x0800e530                __restore_core_regs
                0x0800e530                restore_core_regs
                0x0800e548                __gnu_Unwind_Restore_VFP
                0x0800e550                __gnu_Unwind_Save_VFP
                0x0800e558                __gnu_Unwind_Restore_VFP_D
                0x0800e560                __gnu_Unwind_Save_VFP_D
                0x0800e568                __gnu_Unwind_Restore_VFP_D_16_to_31
                0x0800e570                __gnu_Unwind_Save_VFP_D_16_to_31
                0x0800e578                __gnu_Unwind_Restore_WMMXD
                0x0800e5bc                __gnu_Unwind_Save_WMMXD
                0x0800e600                __gnu_Unwind_Restore_WMMXC
                0x0800e614                __gnu_Unwind_Save_WMMXC
                0x0800e628                ___Unwind_RaiseException
                0x0800e628                _Unwind_RaiseException
                0x0800e64c                ___Unwind_Resume
                0x0800e64c                _Unwind_Resume
                0x0800e670                _Unwind_Resume_or_Rethrow
                0x0800e670                ___Unwind_Resume_or_Rethrow
                0x0800e694                ___Unwind_ForcedUnwind
                0x0800e694                _Unwind_ForcedUnwind
                0x0800e6b8                _Unwind_Backtrace
                0x0800e6b8                ___Unwind_Backtrace
 *fill*         0x0800e6dc        0x4 
 .text          0x0800e6e0      0x33c /homes/skollbach/Downloads/ASE/gcc-arm-embedded/gcc-arm-none-eabi-4_8-2014q1/bin/../lib/gcc/arm-none-eabi/4.8.3/armv7-m/libgcc.a(pr-support.o)
                0x0800e734                __gnu_unwind_execute
                0x0800e9c4                __gnu_unwind_frame
                0x0800e9ec                _Unwind_GetRegionStart
                0x0800e9f8                _Unwind_GetLanguageSpecificData
                0x0800ea0c                _Unwind_GetDataRelBase
                0x0800ea14                _Unwind_GetTextRelBase
 *fill*         0x0800ea1c        0x4 
 .text          0x0800ea20       0xec /homes/skollbach/Downloads/ASE/gcc-arm-embedded/gcc-arm-none-eabi-4_8-2014q1/bin/../lib/gcc/arm-none-eabi/4.8.3/../../../../arm-none-eabi/lib/armv7-m/libc.a(lib_a-memcpy.o)
                0x0800ea20                memcpy
 *fill*         0x0800eb0c        0x4 
 .text          0x0800eb10      0x23c /homes/skollbach/Downloads/ASE/gcc-arm-embedded/gcc-arm-none-eabi-4_8-2014q1/bin/../lib/gcc/arm-none-eabi/4.8.3/../../../../arm-none-eabi/lib/armv7-m/libc.a(lib_a-strcmp.o)
                0x0800eb10                strcmp
 *fill*         0x0800ed4c        0x4 
 .text          0x0800ed50       0x2c /homes/skollbach/Downloads/ASE/gcc-arm-embedded/gcc-arm-none-eabi-4_8-2014q1/bin/../lib/gcc/arm-none-eabi/4.8.3/armv7-m/libgcc.a(_aeabi_uldivmod.o)
                0x0800ed50                __aeabi_uldivmod
 *fill*         0x0800ed7c        0x4 
 .text          0x0800ed80       0x60 /homes/skollbach/Downloads/ASE/gcc-arm-embedded/gcc-arm-none-eabi-4_8-2014q1/bin/../lib/gcc/arm-none-eabi/4.8.3/armv7-m/libgcc.a(bpabi.o)
                0x0800ed80                __gnu_ldivmod_helper
                0x0800edb0                __gnu_uldivmod_helper
 .text          0x0800ede0        0x4 /homes/skollbach/Downloads/ASE/gcc-arm-embedded/gcc-arm-none-eabi-4_8-2014q1/bin/../lib/gcc/arm-none-eabi/4.8.3/armv7-m/libgcc.a(_dvmd_tls.o)
                0x0800ede0                __aeabi_ldiv0
                0x0800ede0                __aeabi_idiv0
 *fill*         0x0800ede4        0xc 
 .text          0x0800edf0      0x2a0 /homes/skollbach/Downloads/ASE/gcc-arm-embedded/gcc-arm-none-eabi-4_8-2014q1/bin/../lib/gcc/arm-none-eabi/4.8.3/armv7-m/libgcc.a(_divdi3.o)
                0x0800edf0                __divdi3
 .text          0x0800f090      0x290 /homes/skollbach/Downloads/ASE/gcc-arm-embedded/gcc-arm-none-eabi-4_8-2014q1/bin/../lib/gcc/arm-none-eabi/4.8.3/armv7-m/libgcc.a(_udivdi3.o)
                0x0800f090                __udivdi3
 *(.text.*)
 .text.__late_init
                0x0800f320       0x10 build/obj/crt0.o
                0x0800f320                __late_init
 .text._default_exit
                0x0800f330       0x10 build/obj/crt0.o
                0x0800f330                _default_exit
 .text.ResetHandler
                0x0800f340      0x100 build/obj/crt0.o
                0x0800f340                ResetHandler
 .text._unhandled_exception
                0x0800f440       0x10 build/obj/vectors.o
                0x0800f440                VectorAC
                0x0800f440                NMIVector
                0x0800f440                Vector11C
                0x0800f440                VectorDC
                0x0800f440                Vector110
                0x0800f440                VectorA8
                0x0800f440                VectorB4
                0x0800f440                VectorEC
                0x0800f440                UsageFaultVector
                0x0800f440                DebugMonitorVector
                0x0800f440                Vector40
                0x0800f440                VectorF8
                0x0800f440                Vector108
                0x0800f440                PendSVVector
                0x0800f440                Vector118
                0x0800f440                VectorCC
                0x0800f440                Vector54
                0x0800f440                VectorD8
                0x0800f440                Vector24
                0x0800f440                BusFaultVector
                0x0800f440                VectorD0
                0x0800f440                HardFaultVector
                0x0800f440                VectorF0
                0x0800f440                Vector100
                0x0800f440                VectorF4
                0x0800f440                MemManageVector
                0x0800f440                VectorA0
                0x0800f440                Vector114
                0x0800f440                Vector1C
                0x0800f440                Vector48
                0x0800f440                Vector4C
                0x0800f440                _unhandled_exception
                0x0800f440                Vector88
                0x0800f440                Vector104
                0x0800f440                Vector10C
                0x0800f440                Vector50
                0x0800f440                Vector28
                0x0800f440                VectorB8
                0x0800f440                VectorFC
                0x0800f440                Vector34
                0x0800f440                VectorA4
                0x0800f440                Vector20
 .text.port_halt
                0x0800f450       0x10 build/obj/chcore.o
                0x0800f450                port_halt
 .text._port_switch_from_isr
                0x0800f460       0x10 build/obj/chcore_v7m.o
                0x0800f460                _port_switch_from_isr
 .text.SVCallVector
                0x0800f470       0x20 build/obj/chcore_v7m.o
                0x0800f470                SVCallVector
 .text._port_init
                0x0800f490       0x40 build/obj/chcore_v7m.o
                0x0800f490                _port_init
 .text._port_irq_epilogue
                0x0800f4d0       0x70 build/obj/chcore_v7m.o
                0x0800f4d0                _port_irq_epilogue
 .text.SysTickVector
                0x0800f540       0x30 build/obj/chcore_v7m.o
                0x0800f540                SysTickVector
 .text._port_switch
                0x0800f570       0x10 build/obj/chcore_v7m.o
                0x0800f570                _port_switch
 .text._port_thread_start
                0x0800f580       0x20 build/obj/chcore_v7m.o
                0x0800f580                _port_thread_start
 .text.nvicEnableVector
                0x0800f5a0       0x50 build/obj/nvic.o
                0x0800f5a0                nvicEnableVector
 .text.nvicDisableVector
                0x0800f5f0       0x50 build/obj/nvic.o
                0x0800f5f0                nvicDisableVector
 .text.nvicSetSystemHandlerPriority
                0x0800f640       0x30 build/obj/nvic.o
                0x0800f640                nvicSetSystemHandlerPriority
 .text._idle_thread
                0x0800f670       0x20 build/obj/chsys.o
                0x0800f670                _idle_thread
 .text.chSysInit
                0x0800f690       0x80 build/obj/chsys.o
                0x0800f690                chSysInit
 .text.chSysTimerHandlerI
                0x0800f710       0x70 build/obj/chsys.o
                0x0800f710                chSysTimerHandlerI
 .text.dbg_check_enable
                0x0800f780       0x40 build/obj/chdebug.o
                0x0800f780                dbg_check_enable
 .text.dbg_check_lock
                0x0800f7c0       0x40 build/obj/chdebug.o
                0x0800f7c0                dbg_check_lock
 .text.dbg_check_unlock
                0x0800f800       0x40 build/obj/chdebug.o
                0x0800f800                dbg_check_unlock
 .text.dbg_check_lock_from_isr
                0x0800f840       0x40 build/obj/chdebug.o
                0x0800f840                dbg_check_lock_from_isr
 .text.dbg_check_unlock_from_isr
                0x0800f880       0x40 build/obj/chdebug.o
                0x0800f880                dbg_check_unlock_from_isr
 .text.dbg_check_enter_isr
                0x0800f8c0       0x50 build/obj/chdebug.o
                0x0800f8c0                dbg_check_enter_isr
 .text.dbg_check_leave_isr
                0x0800f910       0x50 build/obj/chdebug.o
                0x0800f910                dbg_check_leave_isr
 .text.chDbgCheckClassI
                0x0800f960       0x40 build/obj/chdebug.o
                0x0800f960                chDbgCheckClassI
 .text.chDbgCheckClassS
                0x0800f9a0       0x40 build/obj/chdebug.o
                0x0800f9a0                chDbgCheckClassS
 .text._trace_init
                0x0800f9e0       0x20 build/obj/chdebug.o
                0x0800f9e0                _trace_init
 .text.dbg_trace
                0x0800fa00       0x50 build/obj/chdebug.o
                0x0800fa00                dbg_trace
 .text.chDbgPanic
                0x0800fa50       0x20 build/obj/chdebug.o
                0x0800fa50                chDbgPanic
 .text._vt_init
                0x0800fa70       0x20 build/obj/chvt.o
                0x0800fa70                _vt_init
 .text.chVTSetI
                0x0800fa90       0x60 build/obj/chvt.o
                0x0800fa90                chVTSetI
 .text.chVTResetI
                0x0800faf0       0x50 build/obj/chvt.o
                0x0800faf0                chVTResetI
 .text._scheduler_init
                0x0800fb40       0x20 build/obj/chschd.o
                0x0800fb40                _scheduler_init
 .text.chSchReadyI
                0x0800fb60       0x50 build/obj/chschd.o
                0x0800fb60                chSchReadyI
 .text.wakeup   0x0800fbb0       0x60 build/obj/chschd.o
 .text.chSchGoSleepS
                0x0800fc10       0x50 build/obj/chschd.o
                0x0800fc10                chSchGoSleepS
 .text.chSchGoSleepTimeoutS
                0x0800fc60       0x50 build/obj/chschd.o
                0x0800fc60                chSchGoSleepTimeoutS
 .text.chSchWakeupS
                0x0800fcb0       0x70 build/obj/chschd.o
                0x0800fcb0                chSchWakeupS
 .text.chSchDoRescheduleBehind
                0x0800fd20       0x50 build/obj/chschd.o
                0x0800fd20                chSchDoRescheduleBehind
 .text.chSchDoRescheduleAhead
                0x0800fd70       0x60 build/obj/chschd.o
                0x0800fd70                chSchDoRescheduleAhead
 .text.chSchRescheduleS
                0x0800fdd0       0x30 build/obj/chschd.o
                0x0800fdd0                chSchRescheduleS
 .text.chSchDoReschedule
                0x0800fe00       0x20 build/obj/chschd.o
                0x0800fe00                chSchDoReschedule
 .text._thread_init
                0x0800fe20       0x60 build/obj/chthreads.o
                0x0800fe20                _thread_init
 .text.chThdCreateI
                0x0800fe80       0xa0 build/obj/chthreads.o
                0x0800fe80                chThdCreateI
 .text.chThdCreateStatic
                0x0800ff20       0x50 build/obj/chthreads.o
                0x0800ff20                chThdCreateStatic
 .text.chThdTerminate
                0x0800ff70       0x30 build/obj/chthreads.o
                0x0800ff70                chThdTerminate
 .text.chThdSleep
                0x0800ffa0       0x30 build/obj/chthreads.o
                0x0800ffa0                chThdSleep
 .text.chThdSleepUntil
                0x0800ffd0       0x30 build/obj/chthreads.o
                0x0800ffd0                chThdSleepUntil
 .text.chThdExitS
                0x08010000       0x50 build/obj/chthreads.o
                0x08010000                chThdExitS
 .text.chThdExit
                0x08010050       0x20 build/obj/chthreads.o
                0x08010050                chThdExit
 .text.chThdWait
                0x08010070       0x80 build/obj/chthreads.o
                0x08010070                chThdWait
 .text.chThdRelease
                0x080100f0       0x80 build/obj/chdynamic.o
                0x080100f0                chThdRelease
 .text.chThdCreateFromHeap
                0x08010170       0x50 build/obj/chdynamic.o
                0x08010170                chThdCreateFromHeap
 .text.chSemInit
                0x080101c0       0x30 build/obj/chsem.o
                0x080101c0                chSemInit
 .text.chSemResetI
                0x080101f0       0x60 build/obj/chsem.o
                0x080101f0                chSemResetI
 .text.chSemWaitTimeoutS
                0x08010250       0x80 build/obj/chsem.o
                0x08010250                chSemWaitTimeoutS
 .text.chSemSignalI
                0x080102d0       0x60 build/obj/chsem.o
                0x080102d0                chSemSignalI
 .text.chMtxInit
                0x08010330       0x20 build/obj/chmtx.o
                0x08010330                chMtxInit
 .text.chMtxLockS
                0x08010350      0x100 build/obj/chmtx.o
                0x08010350                chMtxLockS
 .text.chMtxLock
                0x08010450       0x20 build/obj/chmtx.o
                0x08010450                chMtxLock
 .text.chMtxUnlock
                0x08010470       0x90 build/obj/chmtx.o
                0x08010470                chMtxUnlock
 .text.chEvtRegisterMask
                0x08010500       0x50 build/obj/chevents.o
                0x08010500                chEvtRegisterMask
 .text.chEvtUnregister
                0x08010550       0x50 build/obj/chevents.o
                0x08010550                chEvtUnregister
 .text.chEvtSignalI
                0x080105a0       0x50 build/obj/chevents.o
                0x080105a0                chEvtSignalI
 .text.chEvtBroadcastFlagsI
                0x080105f0       0x40 build/obj/chevents.o
                0x080105f0                chEvtBroadcastFlagsI
 .text.chEvtBroadcastFlags
                0x08010630       0x30 build/obj/chevents.o
                0x08010630                chEvtBroadcastFlags
 .text.chEvtWaitOne
                0x08010660       0x50 build/obj/chevents.o
                0x08010660                chEvtWaitOne
 .text.chEvtWaitOneTimeout
                0x080106b0       0x70 build/obj/chevents.o
                0x080106b0                chEvtWaitOneTimeout
 .text.chEvtWaitAnyTimeout
                0x08010720       0x70 build/obj/chevents.o
                0x08010720                chEvtWaitAnyTimeout
 .text.qwait    0x08010790       0x30 build/obj/chqueues.o
 .text.chIQInit
                0x080107c0       0x20 build/obj/chqueues.o
                0x080107c0                chIQInit
 .text.chIQPutI
                0x080107e0       0x60 build/obj/chqueues.o
                0x080107e0                chIQPutI
 .text.chIQGetTimeout
                0x08010840       0x70 build/obj/chqueues.o
                0x08010840                chIQGetTimeout
 .text.chIQReadTimeout
                0x080108b0       0xa0 build/obj/chqueues.o
                0x080108b0                chIQReadTimeout
 .text.chOQInit
                0x08010950       0x20 build/obj/chqueues.o
                0x08010950                chOQInit
 .text.chOQPutTimeout
                0x08010970       0x70 build/obj/chqueues.o
                0x08010970                chOQPutTimeout
 .text.chOQGetI
                0x080109e0       0x50 build/obj/chqueues.o
                0x080109e0                chOQGetI
 .text.chOQWriteTimeout
                0x08010a30       0xa0 build/obj/chqueues.o
                0x08010a30                chOQWriteTimeout
 .text._core_init
                0x08010ad0       0x30 build/obj/chmemcore.o
                0x08010ad0                _core_init
 .text.chCoreAllocI
                0x08010b00       0x30 build/obj/chmemcore.o
                0x08010b00                chCoreAllocI
 .text.chCoreAlloc
                0x08010b30       0x30 build/obj/chmemcore.o
                0x08010b30                chCoreAlloc
 .text.chCoreStatus
                0x08010b60       0x20 build/obj/chmemcore.o
                0x08010b60                chCoreStatus
 .text._heap_init
                0x08010b80       0x20 build/obj/chheap.o
                0x08010b80                _heap_init
 .text.chHeapAlloc
                0x08010ba0       0x80 build/obj/chheap.o
                0x08010ba0                chHeapAlloc
 .text.chHeapFree
                0x08010c20       0xd0 build/obj/chheap.o
                0x08010c20                chHeapFree
 .text.chPoolFreeI
                0x08010cf0       0x30 build/obj/chmempools.o
                0x08010cf0                chPoolFreeI
 .text.chPoolFree
                0x08010d20       0x30 build/obj/chmempools.o
                0x08010d20                chPoolFree
 .text.halInit  0x08010d50       0x40 build/obj/hal.o
                0x08010d50                halInit
 .text.canInit  0x08010d90       0x10 build/obj/can.o
                0x08010d90                canInit
 .text.canObjectInit
                0x08010da0       0x40 build/obj/can.o
                0x08010da0                canObjectInit
 .text.canStart
                0x08010de0       0x70 build/obj/can.o
                0x08010de0                canStart
 .text.canStop  0x08010e50       0x60 build/obj/can.o
                0x08010e50                canStop
 .text.canTransmit
                0x08010eb0       0xa0 build/obj/can.o
                0x08010eb0                canTransmit
 .text.canReceive
                0x08010f50       0x90 build/obj/can.o
                0x08010f50                canReceive
 .text.extInit  0x08010fe0       0x10 build/obj/ext.o
                0x08010fe0                extInit
 .text.extObjectInit
                0x08010ff0       0x10 build/obj/ext.o
                0x08010ff0                extObjectInit
 .text.extStart
                0x08011000       0x50 build/obj/ext.o
                0x08011000                extStart
 .text.i2cInit  0x08011050       0x10 build/obj/i2c.o
                0x08011050                i2cInit
 .text.i2cObjectInit
                0x08011060       0x10 build/obj/i2c.o
                0x08011060                i2cObjectInit
 .text.i2cStart
                0x08011070       0x50 build/obj/i2c.o
                0x08011070                i2cStart
 .text.i2cStop  0x080110c0       0x50 build/obj/i2c.o
                0x080110c0                i2cStop
 .text.i2cGetErrors
                0x08011110       0x20 build/obj/i2c.o
                0x08011110                i2cGetErrors
 .text.i2cMasterTransmitTimeout
                0x08011130       0x90 build/obj/i2c.o
                0x08011130                i2cMasterTransmitTimeout
 .text.i2cMasterReceiveTimeout
                0x080111c0       0x80 build/obj/i2c.o
                0x080111c0                i2cMasterReceiveTimeout
 .text.i2cAcquireBus
                0x08011240       0x30 build/obj/i2c.o
                0x08011240                i2cAcquireBus
 .text.i2cReleaseBus
                0x08011270       0x20 build/obj/i2c.o
                0x08011270                i2cReleaseBus
 .text.pwmInit  0x08011290       0x10 build/obj/pwm.o
                0x08011290                pwmInit
 .text.pwmObjectInit
                0x080112a0       0x10 build/obj/pwm.o
                0x080112a0                pwmObjectInit
 .text.pwmStart
                0x080112b0       0x50 build/obj/pwm.o
                0x080112b0                pwmStart
 .text.pwmEnableChannel
                0x08011300       0x50 build/obj/pwm.o
                0x08011300                pwmEnableChannel
 .text.readt    0x08011350       0x10 build/obj/serial.o
 .text.read     0x08011360       0x10 build/obj/serial.o
 .text.writet   0x08011370       0x10 build/obj/serial.o
 .text.write    0x08011380       0x10 build/obj/serial.o
 .text.gett     0x08011390       0x10 build/obj/serial.o
 .text.get      0x080113a0       0x10 build/obj/serial.o
 .text.putt     0x080113b0       0x10 build/obj/serial.o
 .text.put      0x080113c0       0x10 build/obj/serial.o
 .text.sdInit   0x080113d0       0x10 build/obj/serial.o
                0x080113d0                sdInit
 .text.sdObjectInit
                0x080113e0       0x40 build/obj/serial.o
                0x080113e0                sdObjectInit
 .text.sdStart  0x08011420       0x50 build/obj/serial.o
                0x08011420                sdStart
 .text.sdIncomingDataI
                0x08011470       0x50 build/obj/serial.o
                0x08011470                sdIncomingDataI
 .text.spiInit  0x080114c0       0x10 build/obj/spi.o
                0x080114c0                spiInit
 .text.spiObjectInit
                0x080114d0       0x10 build/obj/spi.o
                0x080114d0                spiObjectInit
 .text.spiStart
                0x080114e0       0x50 build/obj/spi.o
                0x080114e0                spiStart
 .text.spiSelect
                0x08011530       0x40 build/obj/spi.o
                0x08011530                spiSelect
 .text.spiUnselect
                0x08011570       0x40 build/obj/spi.o
                0x08011570                spiUnselect
 .text.spiExchange
                0x080115b0       0x90 build/obj/spi.o
                0x080115b0                spiExchange
 .text.spiSend  0x08011640       0x80 build/obj/spi.o
                0x08011640                spiSend
 .text.spiAcquireBus
                0x080116c0       0x30 build/obj/spi.o
                0x080116c0                spiAcquireBus
 .text.spiReleaseBus
                0x080116f0       0x20 build/obj/spi.o
                0x080116f0                spiReleaseBus
 .text.tm_start
                0x08011710       0x10 build/obj/tm.o
 .text.tm_stop  0x08011720       0x30 build/obj/tm.o
 .text.tmInit   0x08011750       0x40 build/obj/tm.o
                0x08011750                tmInit
 .text.qeiInit  0x08011790       0x10 build/obj/qei.o
                0x08011790                qeiInit
 .text.qeiObjectInit
                0x080117a0       0x10 build/obj/qei.o
                0x080117a0                qeiObjectInit
 .text.qeiStart
                0x080117b0       0x50 build/obj/qei.o
                0x080117b0                qeiStart
 .text.qeiEnable
                0x08011800       0x50 build/obj/qei.o
                0x08011800                qeiEnable
 .text.Vector6C
                0x08011850       0x30 build/obj/stm32_dma.o
                0x08011850                Vector6C
 .text.Vector70
                0x08011880       0x30 build/obj/stm32_dma.o
                0x08011880                Vector70
 .text.Vector74
                0x080118b0       0x30 build/obj/stm32_dma.o
                0x080118b0                Vector74
 .text.Vector78
                0x080118e0       0x30 build/obj/stm32_dma.o
                0x080118e0                Vector78
 .text.Vector7C
                0x08011910       0x30 build/obj/stm32_dma.o
                0x08011910                Vector7C
 .text.Vector80
                0x08011940       0x30 build/obj/stm32_dma.o
                0x08011940                Vector80
 .text.Vector84
                0x08011970       0x30 build/obj/stm32_dma.o
                0x08011970                Vector84
 .text.Vector120
                0x080119a0       0x30 build/obj/stm32_dma.o
                0x080119a0                Vector120
 .text.Vector124
                0x080119d0       0x30 build/obj/stm32_dma.o
                0x080119d0                Vector124
 .text.Vector128
                0x08011a00       0x30 build/obj/stm32_dma.o
                0x08011a00                Vector128
 .text.Vector12C
                0x08011a30       0x50 build/obj/stm32_dma.o
                0x08011a30                Vector12C
 .text.dmaInit  0x08011a80       0x50 build/obj/stm32_dma.o
                0x08011a80                dmaInit
 .text.dmaStreamAllocate
                0x08011ad0       0xb0 build/obj/stm32_dma.o
                0x08011ad0                dmaStreamAllocate
 .text.hal_lld_init
                0x08011b80       0x70 build/obj/hal_lld.o
                0x08011b80                hal_lld_init
 .text.stm32_clock_init
                0x08011bf0       0x90 build/obj/hal_lld.o
                0x08011bf0                stm32_clock_init
 .text.Vector58
                0x08011c80       0x30 build/obj/ext_lld_isr.o
                0x08011c80                Vector58
 .text.Vector5C
                0x08011cb0       0x30 build/obj/ext_lld_isr.o
                0x08011cb0                Vector5C
 .text.Vector60
                0x08011ce0       0x30 build/obj/ext_lld_isr.o
                0x08011ce0                Vector60
 .text.Vector64
                0x08011d10       0x30 build/obj/ext_lld_isr.o
                0x08011d10                Vector64
 .text.Vector68
                0x08011d40       0x30 build/obj/ext_lld_isr.o
                0x08011d40                Vector68
 .text.Vector9C
                0x08011d70       0x80 build/obj/ext_lld_isr.o
                0x08011d70                Vector9C
 .text.VectorE0
                0x08011df0       0x90 build/obj/ext_lld_isr.o
                0x08011df0                VectorE0
 .text.Vector44
                0x08011e80       0x30 build/obj/ext_lld_isr.o
                0x08011e80                Vector44
 .text.VectorE4
                0x08011eb0       0x30 build/obj/ext_lld_isr.o
                0x08011eb0                VectorE4
 .text.VectorE8
                0x08011ee0       0x30 build/obj/ext_lld_isr.o
                0x08011ee0                VectorE8
 .text.ext_lld_exti_irq_enable
                0x08011f10       0x60 build/obj/ext_lld_isr.o
                0x08011f10                ext_lld_exti_irq_enable
 .text.can_lld_set_filters
                0x08011f70      0x110 build/obj/can_lld.o
 .text.Vector8C
                0x08012080       0x60 build/obj/can_lld.o
                0x08012080                Vector8C
 .text.Vector90
                0x080120e0       0x90 build/obj/can_lld.o
                0x080120e0                Vector90
 .text.Vector94
                0x08012170       0x90 build/obj/can_lld.o
                0x08012170                Vector94
 .text.Vector98
                0x08012200       0x90 build/obj/can_lld.o
                0x08012200                Vector98
 .text.can_lld_init
                0x08012290       0x30 build/obj/can_lld.o
                0x08012290                can_lld_init
 .text.can_lld_start
                0x080122c0       0x80 build/obj/can_lld.o
                0x080122c0                can_lld_start
 .text.can_lld_stop
                0x08012340       0x50 build/obj/can_lld.o
                0x08012340                can_lld_stop
 .text.can_lld_is_tx_empty
                0x08012390       0x40 build/obj/can_lld.o
                0x08012390                can_lld_is_tx_empty
 .text.can_lld_transmit
                0x080123d0       0x80 build/obj/can_lld.o
                0x080123d0                can_lld_transmit
 .text.can_lld_is_rx_nonempty
                0x08012450       0x40 build/obj/can_lld.o
                0x08012450                can_lld_is_rx_nonempty
 .text.can_lld_receive
                0x08012490       0xd0 build/obj/can_lld.o
                0x08012490                can_lld_receive
 .text.ext_lld_init
                0x08012560       0x10 build/obj/ext_lld.o
                0x08012560                ext_lld_init
 .text.ext_lld_channel_enable
                0x08012570       0x90 build/obj/ext_lld.o
                0x08012570                ext_lld_channel_enable
 .text.ext_lld_channel_disable
                0x08012600       0x30 build/obj/ext_lld.o
                0x08012600                ext_lld_channel_disable
 .text.ext_lld_start
                0x08012630       0x40 build/obj/ext_lld.o
                0x08012630                ext_lld_start
 .text._pal_lld_init
                0x08012670       0xa0 build/obj/pal_lld.o
                0x08012670                _pal_lld_init
 .text._pal_lld_setgroupmode
                0x08012710       0x70 build/obj/pal_lld.o
                0x08012710                _pal_lld_setgroupmode
 .text.i2c_lld_serve_event_interrupt
                0x08012780      0x220 build/obj/i2c_lld.o
 .text.i2c_lld_serve_error_interrupt
                0x080129a0       0xa0 build/obj/i2c_lld.o
 .text.i2c_lld_safety_timeout
                0x08012a40       0x40 build/obj/i2c_lld.o
 .text.VectorBC
                0x08012a80       0x20 build/obj/i2c_lld.o
                0x08012a80                VectorBC
 .text.VectorC0
                0x08012aa0       0x40 build/obj/i2c_lld.o
                0x08012aa0                VectorC0
 .text.VectorC4
                0x08012ae0       0x20 build/obj/i2c_lld.o
                0x08012ae0                VectorC4
 .text.VectorC8
                0x08012b00       0x40 build/obj/i2c_lld.o
                0x08012b00                VectorC8
 .text.i2c_lld_init
                0x08012b40       0x40 build/obj/i2c_lld.o
                0x08012b40                i2c_lld_init
 .text.i2c_lld_start
                0x08012b80      0x230 build/obj/i2c_lld.o
                0x08012b80                i2c_lld_start
 .text.i2c_lld_stop
                0x08012db0       0x70 build/obj/i2c_lld.o
                0x08012db0                i2c_lld_stop
 .text.i2c_lld_master_receive_timeout
                0x08012e20      0x100 build/obj/i2c_lld.o
                0x08012e20                i2c_lld_master_receive_timeout
 .text.i2c_lld_master_transmit_timeout
                0x08012f20      0x110 build/obj/i2c_lld.o
                0x08012f20                i2c_lld_master_transmit_timeout
 .text.spi_lld_serve_tx_interrupt
                0x08013030       0x20 build/obj/spi_lld.o
 .text.spi_lld_serve_rx_interrupt
                0x08013050       0x80 build/obj/spi_lld.o
 .text.spi_lld_init
                0x080130d0       0x70 build/obj/spi_lld.o
                0x080130d0                spi_lld_init
 .text.spi_lld_start
                0x08013140      0x100 build/obj/spi_lld.o
                0x08013140                spi_lld_start
 .text.spi_lld_select
                0x08013240       0x10 build/obj/spi_lld.o
                0x08013240                spi_lld_select
 .text.spi_lld_unselect
                0x08013250       0x10 build/obj/spi_lld.o
                0x08013250                spi_lld_unselect
 .text.spi_lld_exchange
                0x08013260       0x40 build/obj/spi_lld.o
                0x08013260                spi_lld_exchange
 .text.spi_lld_send
                0x080132a0       0x40 build/obj/spi_lld.o
                0x080132a0                spi_lld_send
 .text.VectorB0
                0x080132e0       0x70 build/obj/pwm_lld.o
                0x080132e0                VectorB0
 .text.pwm_lld_init
                0x08013350       0x20 build/obj/pwm_lld.o
                0x08013350                pwm_lld_init
 .text.pwm_lld_start
                0x08013370      0x110 build/obj/pwm_lld.o
                0x08013370                pwm_lld_start
 .text.pwm_lld_enable_channel
                0x08013480       0x40 build/obj/pwm_lld.o
                0x08013480                pwm_lld_enable_channel
 .text.notify1  0x080134c0       0x20 build/obj/serial_lld.o
 .text.VectorD4
                0x080134e0      0x160 build/obj/serial_lld.o
                0x080134e0                VectorD4
 .text.sd_lld_init
                0x08013640       0x30 build/obj/serial_lld.o
                0x08013640                sd_lld_init
 .text.sd_lld_start
                0x08013670       0x80 build/obj/serial_lld.o
                0x08013670                sd_lld_start
 .text.qei_lld_init
                0x080136f0       0x30 build/obj/qei_lld.o
                0x080136f0                qei_lld_init
 .text.qei_lld_start
                0x08013720       0xd0 build/obj/qei_lld.o
                0x08013720                qei_lld_start
 .text.qei_lld_enable
                0x080137f0       0x10 build/obj/qei_lld.o
                0x080137f0                qei_lld_enable
 .text.__early_init
                0x08013800       0x10 build/obj/board.o
                0x08013800                __early_init
 .text.boardInit
                0x08013810       0x10 build/obj/board.o
                0x08013810                boardInit
 .text.boardWriteLed
                0x08013820       0x20 build/obj/board.o
                0x08013820                boardWriteLed
 .text.boardWakeup
                0x08013840       0x20 build/obj/board.o
                0x08013840                boardWakeup
 .text.boardClearI2CBus
                0x08013860       0xe0 build/obj/board.o
                0x08013860                boardClearI2CBus
 .text.tmrcb    0x08013940       0x40 build/obj/evtimer.o
 .text.evtStart
                0x08013980       0x40 build/obj/evtimer.o
                0x08013980                evtStart
 .text.evtStop  0x080139c0       0x30 build/obj/evtimer.o
                0x080139c0                evtStop
 .text._read_r  0x080139f0       0x10 build/obj/syscalls.o
                0x080139f0                _read_r
 .text._lseek_r
                0x08013a00       0x10 build/obj/syscalls.o
                0x08013a00                _lseek_r
 .text._write_r
                0x08013a10       0x10 build/obj/syscalls.o
                0x08013a10                _write_r
 .text._close_r
                0x08013a20       0x10 build/obj/syscalls.o
                0x08013a20                _close_r
 .text._sbrk_r  0x08013a30       0x30 build/obj/syscalls.o
                0x08013a30                _sbrk_r
 .text._fstat_r
                0x08013a60       0x20 build/obj/syscalls.o
                0x08013a60                _fstat_r
 .text._isatty_r
                0x08013a80       0x10 build/obj/syscalls.o
                0x08013a80                _isatty_r
 .text.long_to_string_with_divisor
                0x08013a90       0x50 build/obj/chprintf.o
 .text.chvprintf
                0x08013ae0      0x350 build/obj/chprintf.o
                0x08013ae0                chvprintf
 .text.chprintf
                0x08013e30       0x20 build/obj/shell.o
 .text.cmd_systime
                0x08013e50       0x30 build/obj/shell.o
 .text.cmd_info
                0x08013e80       0xc0 build/obj/shell.o
 .text._strtok.constprop.2
                0x08013f40       0x40 build/obj/shell.o
 .text.shellExit
                0x08013f80       0x30 build/obj/shell.o
                0x08013f80                shellExit
 .text.shellCreate
                0x08013fb0       0x20 build/obj/shell.o
                0x08013fb0                shellCreate
 .text.shellGetLine
                0x08013fd0       0xa0 build/obj/shell.o
                0x08013fd0                shellGetLine
 .text.shell_thread
                0x08014070      0x1a0 build/obj/shell.o
 .text._getpid  0x08014210       0x10 build/obj/stubs.o
                0x08014210                _getpid
 .text._exit    0x08014220       0x10 build/obj/stubs.o
                0x08014220                _exit
 .text._kill    0x08014230       0x10 build/obj/stubs.o
                0x08014230                _kill
 .text.haltErrorCode
                0x08014240       0xb0 build/obj/Debug.o
                0x08014240                haltErrorCode
 .text._ZN10chibios_rt10BaseThread5startEm
                0x080142f0       0x10 build/obj/ch.o
                0x080142f0                chibios_rt::BaseThread::start(unsigned long)
 .text._ZN10chibios_rt15ThreadReference4stopEv
                0x08014300       0x10 build/obj/ch.o
                0x08014300                chibios_rt::ThreadReference::stop()
 .text._ZN10chibios_rt6System4initEv
                0x08014310       0x10 build/obj/ch.o
                0x08014310                chibios_rt::System::init()
 .text._ZN10chibios_rt6System7getTimeEv
                0x08014320       0x10 build/obj/ch.o
                0x08014320                chibios_rt::System::getTime()
 .text._ZN10chibios_rt15ThreadReference16requestTerminateEv
                0x08014330       0x30 build/obj/ch.o
                0x08014330                chibios_rt::ThreadReference::requestTerminate()
 .text._ZN10chibios_rt15ThreadReference4waitEv
                0x08014360       0x30 build/obj/ch.o
                0x08014360                chibios_rt::ThreadReference::wait()
 .text._ZN10chibios_rt10BaseThreadC2Ev
                0x08014390       0x10 build/obj/ch.o
                0x08014390                chibios_rt::BaseThread::BaseThread()
                0x08014390                chibios_rt::BaseThread::BaseThread()
 .text._ZN10chibios_rt10_thd_startEPv
                0x080143a0       0x10 build/obj/ch.o
                0x080143a0                chibios_rt::_thd_start(void*)
 .text._ZN10chibios_rt10BaseThread7setNameEPKc
                0x080143b0       0x10 build/obj/ch.o
                0x080143b0                chibios_rt::BaseThread::setName(char const*)
 .text._ZN10chibios_rt10BaseThread15shouldTerminateEv
                0x080143c0       0x20 build/obj/ch.o
                0x080143c0                chibios_rt::BaseThread::shouldTerminate()
 .text._ZN10chibios_rt10BaseThread5sleepEm
                0x080143e0       0x10 build/obj/ch.o
                0x080143e0                chibios_rt::BaseThread::sleep(unsigned long)
 .text._ZN10chibios_rt10BaseThread12waitOneEventEm
                0x080143f0       0x10 build/obj/ch.o
                0x080143f0                chibios_rt::BaseThread::waitOneEvent(unsigned long)
 .text._ZN10chibios_rt10BaseThread19waitOneEventTimeoutEmm
                0x08014400       0x10 build/obj/ch.o
                0x08014400                chibios_rt::BaseThread::waitOneEventTimeout(unsigned long, unsigned long)
 .text._ZN10chibios_rt10BaseThread19waitAnyEventTimeoutEmm
                0x08014410       0x10 build/obj/ch.o
                0x08014410                chibios_rt::BaseThread::waitAnyEventTimeout(unsigned long, unsigned long)
 .text._ZN10chibios_rt9EvtSourceC2Ev
                0x08014420       0x10 build/obj/ch.o
                0x08014420                chibios_rt::EvtSource::EvtSource()
                0x08014420                chibios_rt::EvtSource::EvtSource()
 .text._ZN10chibios_rt9EvtSource11registerOneEPNS_11EvtListenerEl
                0x08014430       0x10 build/obj/ch.o
                0x08014430                chibios_rt::EvtSource::registerOne(chibios_rt::EvtListener*, long)
 .text._ZN10chibios_rt9EvtSource10unregisterEPNS_11EvtListenerE
                0x08014440       0x10 build/obj/ch.o
                0x08014440                chibios_rt::EvtSource::unregister(chibios_rt::EvtListener*)
 .text._ZN10chibios_rt9EvtSource14broadcastFlagsEm
                0x08014450       0x10 build/obj/ch.o
                0x08014450                chibios_rt::EvtSource::broadcastFlags(unsigned long)
 .text._ZN5amiro11HWSPIDriverD2Ev
                0x08014460       0x10 build/obj/HWSPIDriver.o
                0x08014460                amiro::HWSPIDriver::~HWSPIDriver()
                0x08014460                amiro::HWSPIDriver::~HWSPIDriver()
 .text._ZN5amiro11HWSPIDriverD0Ev
                0x08014470       0x20 build/obj/HWSPIDriver.o
                0x08014470                amiro::HWSPIDriver::~HWSPIDriver()
 .text._ZN5amiro11HWSPIDriverC2EP9SPIDriverPK9SPIConfig
                0x08014490       0x20 build/obj/HWSPIDriver.o
                0x08014490                amiro::HWSPIDriver::HWSPIDriver(SPIDriver*, SPIConfig const*)
                0x08014490                amiro::HWSPIDriver::HWSPIDriver(SPIDriver*, SPIConfig const*)
 .text._ZN5amiro11HWSPIDriver8exchangeEPhPKhj
                0x080144b0       0x40 build/obj/HWSPIDriver.o
                0x080144b0                amiro::HWSPIDriver::exchange(unsigned char*, unsigned char const*, unsigned int)
 .text._ZN5amiro11HWSPIDriver5writeEPKhj
                0x080144f0       0x40 build/obj/HWSPIDriver.o
                0x080144f0                amiro::HWSPIDriver::write(unsigned char const*, unsigned int)
 .text._ZN5amiro9I2CDriverD2Ev
                0x08014530       0x10 build/obj/HWI2CDriver.o
                0x08014530                amiro::I2CDriver::~I2CDriver()
                0x08014530                amiro::I2CDriver::~I2CDriver()
 .text._ZN5amiro11HWI2CDriverD2Ev
                0x08014540       0x10 build/obj/HWI2CDriver.o
                0x08014540                amiro::HWI2CDriver::~HWI2CDriver()
                0x08014540                amiro::HWI2CDriver::~HWI2CDriver()
 .text._ZN5amiro9I2CDriverD0Ev
                0x08014550       0x20 build/obj/HWI2CDriver.o
                0x08014550                amiro::I2CDriver::~I2CDriver()
 .text._ZN5amiro11HWI2CDriverD0Ev
                0x08014570       0x20 build/obj/HWI2CDriver.o
                0x08014570                amiro::HWI2CDriver::~HWI2CDriver()
 .text._ZN5amiro11HWI2CDriver5startEPK9I2CConfig
                0x08014590       0x10 build/obj/HWI2CDriver.o
                0x08014590                amiro::HWI2CDriver::start(I2CConfig const*)
 .text._ZN5amiro11HWI2CDriver4stopEv
                0x080145a0       0x10 build/obj/HWI2CDriver.o
                0x080145a0                amiro::HWI2CDriver::stop()
 .text._ZN5amiro11HWI2CDriver9getErrorsEv
                0x080145b0       0x10 build/obj/HWI2CDriver.o
                0x080145b0                amiro::HWI2CDriver::getErrors()
 .text._ZN5amiro11HWI2CDriver14masterTransmitEPKNS_11I2CTxParamsEm
                0x080145c0       0x30 build/obj/HWI2CDriver.o
                0x080145c0                amiro::HWI2CDriver::masterTransmit(amiro::I2CTxParams const*, unsigned long)
 .text._ZN5amiro11HWI2CDriver13masterReceiveEPKNS_11I2CRxParamsEm
                0x080145f0       0x20 build/obj/HWI2CDriver.o
                0x080145f0                amiro::HWI2CDriver::masterReceive(amiro::I2CRxParams const*, unsigned long)
 .text._ZN5amiro11HWI2CDriver10acquireBusEv
                0x08014610       0x10 build/obj/HWI2CDriver.o
                0x08014610                amiro::HWI2CDriver::acquireBus()
 .text._ZN5amiro11HWI2CDriver10releaseBusEv
                0x08014620       0x10 build/obj/HWI2CDriver.o
                0x08014620                amiro::HWI2CDriver::releaseBus()
 .text._ZN5amiro11HWI2CDriverC2EP9I2CDriver
                0x08014630       0x10 build/obj/HWI2CDriver.o
                0x08014630                amiro::HWI2CDriver::HWI2CDriver(I2CDriver*)
                0x08014630                amiro::HWI2CDriver::HWI2CDriver(I2CDriver*)
 .text._ZN5amiro14I2CMultiplexer9getErrorsEv
                0x08014640       0x10 build/obj/I2CMultiplexer.o
                0x08014640                amiro::I2CMultiplexer::getErrors()
 .text._ZN5amiro14I2CMultiplexer14masterTransmitEPKNS_11I2CTxParamsEm
                0x08014650       0x10 build/obj/I2CMultiplexer.o
                0x08014650                amiro::I2CMultiplexer::masterTransmit(amiro::I2CTxParams const*, unsigned long)
 .text._ZN5amiro14I2CMultiplexer13masterReceiveEPKNS_11I2CRxParamsEm
                0x08014660       0x10 build/obj/I2CMultiplexer.o
                0x08014660                amiro::I2CMultiplexer::masterReceive(amiro::I2CRxParams const*, unsigned long)
 .text._ZN5amiro14I2CMultiplexer10acquireBusEv
                0x08014670       0x20 build/obj/I2CMultiplexer.o
                0x08014670                amiro::I2CMultiplexer::acquireBus()
 .text._ZN5amiro14I2CMultiplexer10releaseBusEv
                0x08014690       0x20 build/obj/I2CMultiplexer.o
                0x08014690                amiro::I2CMultiplexer::releaseBus()
 .text._ZN5amiro14I2CMultiplexerC2EPNS_9I2CDriverE
                0x080146b0       0x20 build/obj/I2CMultiplexer.o
                0x080146b0                amiro::I2CMultiplexer::I2CMultiplexer(amiro::I2CDriver*)
                0x080146b0                amiro::I2CMultiplexer::I2CMultiplexer(amiro::I2CDriver*)
 .text._ZN5amiro14I2CMultiplexerD2Ev
                0x080146d0       0x10 build/obj/I2CMultiplexer.o
                0x080146d0                amiro::I2CMultiplexer::~I2CMultiplexer()
                0x080146d0                amiro::I2CMultiplexer::~I2CMultiplexer()
 .text._ZN5amiro10VI2CDriverD2Ev
                0x080146e0       0x10 build/obj/VI2CDriver.o
                0x080146e0                amiro::VI2CDriver::~VI2CDriver()
                0x080146e0                amiro::VI2CDriver::~VI2CDriver()
 .text._ZN5amiro10VI2CDriver5startEPK9I2CConfig
                0x080146f0       0x10 build/obj/VI2CDriver.o
                0x080146f0                amiro::VI2CDriver::start(I2CConfig const*)
 .text._ZN5amiro10VI2CDriver4stopEv
                0x08014700       0x10 build/obj/VI2CDriver.o
                0x08014700                amiro::VI2CDriver::stop()
 .text._ZN5amiro10VI2CDriver9getErrorsEv
                0x08014710       0x10 build/obj/VI2CDriver.o
                0x08014710                amiro::VI2CDriver::getErrors()
 .text._ZN5amiro10VI2CDriver14masterTransmitEPKNS_11I2CTxParamsEm
                0x08014720       0x40 build/obj/VI2CDriver.o
                0x08014720                amiro::VI2CDriver::masterTransmit(amiro::I2CTxParams const*, unsigned long)
 .text._ZN5amiro10VI2CDriver13masterReceiveEPKNS_11I2CRxParamsEm
                0x08014760       0x40 build/obj/VI2CDriver.o
                0x08014760                amiro::VI2CDriver::masterReceive(amiro::I2CRxParams const*, unsigned long)
 .text._ZN5amiro10VI2CDriverD0Ev
                0x080147a0       0x20 build/obj/VI2CDriver.o
                0x080147a0                amiro::VI2CDriver::~VI2CDriver()
 .text._ZN5amiro10VI2CDriver10acquireBusEv
                0x080147c0       0x10 build/obj/VI2CDriver.o
                0x080147c0                amiro::VI2CDriver::acquireBus()
 .text._ZN5amiro10VI2CDriver10releaseBusEv
                0x080147d0       0x10 build/obj/VI2CDriver.o
                0x080147d0                amiro::VI2CDriver::releaseBus()
 .text._ZN5amiro10VI2CDriverC2EPNS_14I2CMultiplexerEh
                0x080147e0       0x20 build/obj/VI2CDriver.o
                0x080147e0                amiro::VI2CDriver::VI2CDriver(amiro::I2CMultiplexer*, unsigned char)
                0x080147e0                amiro::VI2CDriver::VI2CDriver(amiro::I2CMultiplexer*, unsigned char)
 .text._ZN5amiro8VCNL4020D2Ev
                0x08014800       0x10 build/obj/vcnl4020.o
                0x08014800                amiro::VCNL4020::~VCNL4020()
                0x08014800                amiro::VCNL4020::~VCNL4020()
 .text._ZN5amiro8VCNL4020D0Ev
                0x08014810       0x20 build/obj/vcnl4020.o
                0x08014810                amiro::VCNL4020::~VCNL4020()
 .text._ZN10chibios_rt16BaseStaticThreadILi256EE5startEm
                0x08014830       0x30 build/obj/vcnl4020.o
                0x08014830                chibios_rt::BaseStaticThread<256>::start(unsigned long)
 .text._ZN5amiro8VCNL4020C2EPNS_9I2CDriverEPKNS0_14VCNL4020ConfigE
                0x08014860       0x40 build/obj/vcnl4020.o
                0x08014860                amiro::VCNL4020::VCNL4020(amiro::I2CDriver*, amiro::VCNL4020::VCNL4020Config const*)
                0x08014860                amiro::VCNL4020::VCNL4020(amiro::I2CDriver*, amiro::VCNL4020::VCNL4020Config const*)
 .text._ZN5amiro8VCNL402015getAmbientLightEv
                0x080148a0       0x10 build/obj/vcnl4020.o
                0x080148a0                amiro::VCNL4020::getAmbientLight()
 .text._ZN5amiro8VCNL402018setProximityOffsetEt
                0x080148b0       0x10 build/obj/vcnl4020.o
                0x080148b0                amiro::VCNL4020::setProximityOffset(unsigned short)
 .text._ZN5amiro8VCNL402018getProximityOffsetEv
                0x080148c0       0x10 build/obj/vcnl4020.o
                0x080148c0                amiro::VCNL4020::getProximityOffset()
 .text._ZN5amiro8VCNL402012getProximityEv
                0x080148d0       0x10 build/obj/vcnl4020.o
                0x080148d0                amiro::VCNL4020::getProximity()
 .text._ZN5amiro8VCNL402026getProximityScaledWoOffsetEv
                0x080148e0       0x40 build/obj/vcnl4020.o
                0x080148e0                amiro::VCNL4020::getProximityScaledWoOffset()
 .text._ZN5amiro8VCNL40208getCheckEv
                0x08014920       0x60 build/obj/vcnl4020.o
                0x08014920                amiro::VCNL4020::getCheck()
 .text._ZN5amiro8VCNL402015calibrateOffsetERt
                0x08014980       0x50 build/obj/vcnl4020.o
                0x08014980                amiro::VCNL4020::calibrateOffset(unsigned short&)
 .text._ZN5amiro8VCNL40209calibrateEv
                0x080149d0       0x20 build/obj/vcnl4020.o
                0x080149d0                amiro::VCNL4020::calibrate()
 .text._ZN5amiro8HMC5883LD2Ev
                0x080149f0       0x10 build/obj/hmc5883l.o
                0x080149f0                amiro::HMC5883L::~HMC5883L()
                0x080149f0                amiro::HMC5883L::~HMC5883L()
 .text._ZN5amiro8HMC5883LD0Ev
                0x08014a00       0x20 build/obj/hmc5883l.o
                0x08014a00                amiro::HMC5883L::~HMC5883L()
 .text._ZN5amiro8HMC5883LC2EPNS_9I2CDriverEPKNS0_14HMC5883LConfigE
                0x08014a20       0x30 build/obj/hmc5883l.o
                0x08014a20                amiro::HMC5883L::HMC5883L(amiro::I2CDriver*, amiro::HMC5883L::HMC5883LConfig const*)
                0x08014a20                amiro::HMC5883L::HMC5883L(amiro::I2CDriver*, amiro::HMC5883L::HMC5883LConfig const*)
 .text._ZN5amiro8HMC5883L21getMagnetizationGaussEh
                0x08014a50       0xb0 build/obj/hmc5883l.o
                0x08014a50                amiro::HMC5883L::getMagnetizationGauss(unsigned char)
 .text._ZN5amiro8HMC5883L8getCheckEv
                0x08014b00       0x70 build/obj/hmc5883l.o
                0x08014b00                amiro::HMC5883L::getCheck()
 .text._ZN5amiro8HMC5883L9writeConfEv
                0x08014b70       0x60 build/obj/hmc5883l.o
                0x08014b70                amiro::HMC5883L::writeConf()
 .text._ZN5amiro9LIS331DLHD2Ev
                0x08014bd0       0x10 build/obj/lis331dlh.o
                0x08014bd0                amiro::LIS331DLH::~LIS331DLH()
                0x08014bd0                amiro::LIS331DLH::~LIS331DLH()
 .text._ZN5amiro9LIS331DLHD0Ev
                0x08014be0       0x20 build/obj/lis331dlh.o
                0x08014be0                amiro::LIS331DLH::~LIS331DLH()
 .text._ZN5amiro9LIS331DLHC2EPNS_11HWSPIDriverE
                0x08014c00       0x30 build/obj/lis331dlh.o
                0x08014c00                amiro::LIS331DLH::LIS331DLH(amiro::HWSPIDriver*)
                0x08014c00                amiro::LIS331DLH::LIS331DLH(amiro::HWSPIDriver*)
 .text._ZN5amiro9LIS331DLH20getAccelerationForceEh
                0x08014c30       0x30 build/obj/lis331dlh.o
                0x08014c30                amiro::LIS331DLH::getAccelerationForce(unsigned char)
 .text._ZN5amiro9LIS331DLH9configureEPNS0_15LIS331DLHConfigE
                0x08014c60       0xe0 build/obj/lis331dlh.o
                0x08014c60                amiro::LIS331DLH::configure(amiro::LIS331DLH::LIS331DLHConfig*)
 .text._ZN5amiro9LIS331DLH8getCheckEv
                0x08014d40       0x30 build/obj/lis331dlh.o
                0x08014d40                amiro::LIS331DLH::getCheck()
 .text._ZN5amiro8L3G4200DD2Ev
                0x08014d70       0x10 build/obj/l3g4200d.o
                0x08014d70                amiro::L3G4200D::~L3G4200D()
                0x08014d70                amiro::L3G4200D::~L3G4200D()
 .text._ZN5amiro8L3G4200DD0Ev
                0x08014d80       0x20 build/obj/l3g4200d.o
                0x08014d80                amiro::L3G4200D::~L3G4200D()
 .text._ZL8chprintfP20BaseSequentialStreamPKcz.constprop.0
                0x08014da0       0x30 build/obj/l3g4200d.o
 .text._ZN5amiro8L3G4200DC2EPNS_11HWSPIDriverE
                0x08014dd0       0x40 build/obj/l3g4200d.o
                0x08014dd0                amiro::L3G4200D::L3G4200D(amiro::HWSPIDriver*)
                0x08014dd0                amiro::L3G4200D::L3G4200D(amiro::HWSPIDriver*)
 .text._ZN5amiro8L3G4200D14getAngularRateEh
                0x08014e10       0x10 build/obj/l3g4200d.o
                0x08014e10                amiro::L3G4200D::getAngularRate(unsigned char)
 .text._ZN5amiro8L3G4200D9configureEPKNS0_14L3G4200DConfigE
                0x08014e20      0x120 build/obj/l3g4200d.o
                0x08014e20                amiro::L3G4200D::configure(amiro::L3G4200D::L3G4200DConfig const*)
 .text._ZN5amiro8L3G4200D8getCheckEv
                0x08014f40       0x30 build/obj/l3g4200d.o
                0x08014f40                amiro::L3G4200D::getCheck()
 .text._ZN5amiro6INA2196DriverD2Ev
                0x08014f70       0x20 build/obj/ina219.o
                0x08014f70                amiro::INA219::Driver::~Driver()
                0x08014f70                amiro::INA219::Driver::~Driver()
 .text._ZN5amiro6INA2196Driver11calibrationEPNS0_9CalibDataE
                0x08014f90      0x100 build/obj/ina219.o
                0x08014f90                amiro::INA219::Driver::calibration(amiro::INA219::CalibData*)
 .text._ZN5amiro10BaseSensorINS_6INA2198InitDataENS1_9CalibDataEED2Ev
                0x08015090       0x10 build/obj/ina219.o
                0x08015090                amiro::BaseSensor<amiro::INA219::InitData, amiro::INA219::CalibData>::~BaseSensor()
                0x08015090                amiro::BaseSensor<amiro::INA219::InitData, amiro::INA219::CalibData>::~BaseSensor()
 .text._ZN5amiro10BaseSensorINS_6INA2198InitDataENS1_9CalibDataEE4initEPS2_
                0x080150a0       0x10 build/obj/ina219.o
                0x080150a0                amiro::BaseSensor<amiro::INA219::InitData, amiro::INA219::CalibData>::init(amiro::INA219::InitData*)
 .text._ZN5amiro10BaseSensorINS_6INA2198InitDataENS1_9CalibDataEE9hibernateEv
                0x080150b0       0x10 build/obj/ina219.o
                0x080150b0                amiro::BaseSensor<amiro::INA219::InitData, amiro::INA219::CalibData>::hibernate()
 .text._ZN5amiro10BaseSensorINS_6INA2198InitDataENS1_9CalibDataEE11calibrationEPS3_
                0x080150c0       0x10 build/obj/ina219.o
                0x080150c0                amiro::BaseSensor<amiro::INA219::InitData, amiro::INA219::CalibData>::calibration(amiro::INA219::CalibData*)
 .text._ZN5amiro10BaseSensorINS_6INA2198InitDataENS1_9CalibDataEE8selftestEv
                0x080150d0       0x10 build/obj/ina219.o
                0x080150d0                amiro::BaseSensor<amiro::INA219::InitData, amiro::INA219::CalibData>::selftest()
 .text._ZN5amiro6INA2196DriverD0Ev
                0x080150e0       0x20 build/obj/ina219.o
                0x080150e0                amiro::INA219::Driver::~Driver()
 .text._ZN5amiro10BaseSensorINS_6INA2198InitDataENS1_9CalibDataEED0Ev
                0x08015100       0x20 build/obj/ina219.o
                0x08015100                amiro::BaseSensor<amiro::INA219::InitData, amiro::INA219::CalibData>::~BaseSensor()
 .text._ZThn8_N5amiro6INA2196Driver4mainEv
                0x08015120       0x10 build/obj/ina219.o
                0x08015120                non-virtual thunk to amiro::INA219::Driver::main()
 .text._ZL8chprintfP20BaseSequentialStreamPKcz.constprop.3
                0x08015130       0x30 build/obj/ina219.o
 .text._ZN5amiro6INA2196DriverC2ERNS_9I2CDriverEh
                0x08015160       0x80 build/obj/ina219.o
                0x08015160                amiro::INA219::Driver::Driver(amiro::I2CDriver&, unsigned char)
                0x08015160                amiro::INA219::Driver::Driver(amiro::I2CDriver&, unsigned char)
 .text._ZN5amiro6INA2196Driver12readRegisterENS1_15RegisterAddressERt
                0x080151e0       0xb0 build/obj/ina219.o
                0x080151e0                amiro::INA219::Driver::readRegister(amiro::INA219::Driver::RegisterAddress, unsigned short&)
 .text._ZN5amiro6INA2196Driver6updateEv
                0x08015290       0x70 build/obj/ina219.o
                0x08015290                amiro::INA219::Driver::update()
 .text._ZN5amiro6INA2196Driver14readBusVoltageEv
                0x08015300       0x40 build/obj/ina219.o
                0x08015300                amiro::INA219::Driver::readBusVoltage()
 .text._ZN5amiro6INA2196Driver19readShuntVoltage_uVEv
                0x08015340       0xa0 build/obj/ina219.o
                0x08015340                amiro::INA219::Driver::readShuntVoltage_uV()
 .text._ZN5amiro6INA2196Driver13writeRegisterENS1_15RegisterAddressERKt
                0x080153e0       0x80 build/obj/ina219.o
                0x080153e0                amiro::INA219::Driver::writeRegister(amiro::INA219::Driver::RegisterAddress, unsigned short const&)
 .text._ZN5amiro6INA2196Driver4initEPNS0_8InitDataE
                0x08015460       0x60 build/obj/ina219.o
                0x08015460                amiro::INA219::Driver::init(amiro::INA219::InitData*)
 .text._ZN5amiro6INA2196Driver6wakeupEv
                0x080154c0       0x20 build/obj/ina219.o
                0x080154c0                amiro::INA219::Driver::wakeup()
 .text._ZN5amiro6INA2196Driver9hibernateEv
                0x080154e0       0x30 build/obj/ina219.o
                0x080154e0                amiro::INA219::Driver::hibernate()
 .text._ZN5amiro6INA2196Driver8selftestEv
                0x08015510      0x250 build/obj/ina219.o
                0x08015510                amiro::INA219::Driver::selftest()
 .text._ZN5amiro6EEPROMC2EPK17BaseFileStreamVMTjhthPNS_9I2CDriverE
                0x08015760       0x30 build/obj/eeprom.o
                0x08015760                amiro::EEPROM::EEPROM(BaseFileStreamVMT const*, unsigned int, unsigned char, unsigned short, unsigned char, amiro::I2CDriver*)
                0x08015760                amiro::EEPROM::EEPROM(BaseFileStreamVMT const*, unsigned int, unsigned char, unsigned short, unsigned char, amiro::I2CDriver*)
 .text._ZN5amiro6EEPROMD2Ev
                0x08015790       0x10 build/obj/eeprom.o
                0x08015790                amiro::EEPROM::~EEPROM()
                0x08015790                amiro::EEPROM::~EEPROM()
 .text._ZN5amiro6EEPROM8geterrorEPv
                0x080157a0       0x10 build/obj/eeprom.o
                0x080157a0                amiro::EEPROM::geterror(void*)
 .text._ZN5amiro6EEPROM7getsizeEPv
                0x080157b0       0x10 build/obj/eeprom.o
                0x080157b0                amiro::EEPROM::getsize(void*)
 .text._ZN5amiro6EEPROM11getpositionEPv
                0x080157c0       0x10 build/obj/eeprom.o
                0x080157c0                amiro::EEPROM::getposition(void*)
 .text._ZN5amiro6EEPROM5lseekEPvm
                0x080157d0       0x10 build/obj/eeprom.o
                0x080157d0                amiro::EEPROM::lseek(void*, unsigned long)
 .text._ZN5amiro4AT245closeEPv
                0x080157e0       0x10 build/obj/at24.o
                0x080157e0                amiro::AT24::close(void*)
 .text._ZN5amiro4AT245writeEPvPKhj
                0x080157f0      0x130 build/obj/at24.o
                0x080157f0                amiro::AT24::write(void*, unsigned char const*, unsigned int)
 .text._ZN5amiro4AT24C2EjhtPNS_9I2CDriverE
                0x08015920       0x30 build/obj/at24.o
                0x08015920                amiro::AT24::AT24(unsigned int, unsigned char, unsigned short, amiro::I2CDriver*)
                0x08015920                amiro::AT24::AT24(unsigned int, unsigned char, unsigned short, amiro::I2CDriver*)
 .text._ZN5amiro4AT24D2Ev
                0x08015950       0x10 build/obj/at24.o
                0x08015950                amiro::AT24::~AT24()
                0x08015950                amiro::AT24::~AT24()
 .text._ZN5amiro4AT248poll_ackEPv
                0x08015960       0x80 build/obj/at24.o
                0x08015960                amiro::AT24::poll_ack(void*)
 .text._ZN5amiro4AT244readEPvPhj
                0x080159e0       0xa0 build/obj/at24.o
                0x080159e0                amiro::AT24::read(void*, unsigned char*, unsigned int)
 .text._ZN5amiro12fileSystemIo16FileSystemIoBase8getCheckEv
                0x08015a80       0x70 build/obj/FileSystemInputOutputBase.o
                0x08015a80                amiro::fileSystemIo::FileSystemIoBase::getCheck()
 .text._ZN5amiro12fileSystemIo16FileSystemIoBase12initPreambleEhhb
                0x08015af0      0x100 build/obj/FileSystemInputOutputBase.o
                0x08015af0                amiro::fileSystemIo::FileSystemIoBase::initPreamble(unsigned char, unsigned char, bool)
 .text._ZN5amiro12fileSystemIo16FileSystemIoBase4initEv
                0x08015bf0       0xa0 build/obj/FileSystemInputOutputBase.o
                0x08015bf0                amiro::fileSystemIo::FileSystemIoBase::init()
 .text._ZN5amiro12fileSystemIo16FileSystemIoBase11resetMemoryEv
                0x08015c90       0x10 build/obj/FileSystemInputOutputBase.o
                0x08015c90                amiro::fileSystemIo::FileSystemIoBase::resetMemory()
 .text._ZN5amiro12fileSystemIo16FileSystemIoBase10getBoardIdEPh
                0x08015ca0       0x50 build/obj/FileSystemInputOutputBase.o
                0x08015ca0                amiro::fileSystemIo::FileSystemIoBase::getBoardId(unsigned char*)
 .text._ZN5amiro12fileSystemIo16FileSystemIoBase10setBoardIdEh
                0x08015cf0       0x50 build/obj/FileSystemInputOutputBase.o
                0x08015cf0                amiro::fileSystemIo::FileSystemIoBase::setBoardId(unsigned char)
 .text._ZN5amiro12fileSystemIo16FSIODiWheelDrive17getVcnl4020OffsetEPth
                0x08015d40       0x50 build/obj/FSIODiWheelDrive.o
                0x08015d40                amiro::fileSystemIo::FSIODiWheelDrive::getVcnl4020Offset(unsigned short*, unsigned char)
 .text._ZN5amiro12fileSystemIo16FSIODiWheelDrive17setVcnl4020OffsetEth
                0x08015d90       0x50 build/obj/FSIODiWheelDrive.o
                0x08015d90                amiro::fileSystemIo::FSIODiWheelDrive::setVcnl4020Offset(unsigned short, unsigned char)
 .text._ZN5amiro12fileSystemIo16FSIODiWheelDrive14setwheelfactorEf
                0x08015de0       0x50 build/obj/FSIODiWheelDrive.o
                0x08015de0                amiro::fileSystemIo::FSIODiWheelDrive::setwheelfactor(float)
 .text._ZN5amiro12fileSystemIo16FSIODiWheelDrive14getWheelFactorEPf
                0x08015e30       0x40 build/obj/FSIODiWheelDrive.o
                0x08015e30                amiro::fileSystemIo::FSIODiWheelDrive::getWheelFactor(float*)
 .text._ZN5amiro12fileSystemIo16FSIODiWheelDrive8setiGainEf
                0x08015e70       0x50 build/obj/FSIODiWheelDrive.o
                0x08015e70                amiro::fileSystemIo::FSIODiWheelDrive::setiGain(float)
 .text._ZN5amiro12fileSystemIo16FSIODiWheelDrive8getiGainEPf
                0x08015ec0       0x40 build/obj/FSIODiWheelDrive.o
                0x08015ec0                amiro::fileSystemIo::FSIODiWheelDrive::getiGain(float*)
 .text._ZN5amiro12fileSystemIo16FSIODiWheelDrive8setdGainEf
                0x08015f00       0x50 build/obj/FSIODiWheelDrive.o
                0x08015f00                amiro::fileSystemIo::FSIODiWheelDrive::setdGain(float)
 .text._ZN5amiro12fileSystemIo16FSIODiWheelDrive8getdGainEPf
                0x08015f50       0x40 build/obj/FSIODiWheelDrive.o
                0x08015f50                amiro::fileSystemIo::FSIODiWheelDrive::getdGain(float*)
 .text._ZN5amiro12fileSystemIo16FSIODiWheelDrive8setpGainEi
                0x08015f90       0x50 build/obj/FSIODiWheelDrive.o
                0x08015f90                amiro::fileSystemIo::FSIODiWheelDrive::setpGain(int)
 .text._ZN5amiro12fileSystemIo16FSIODiWheelDrive8getpGainEPi
                0x08015fe0       0x40 build/obj/FSIODiWheelDrive.o
                0x08015fe0                amiro::fileSystemIo::FSIODiWheelDrive::getpGain(int*)
 .text._ZN5amiro12fileSystemIo16FSIODiWheelDrive5getEdEPf
                0x08016020       0x40 build/obj/FSIODiWheelDrive.o
                0x08016020                amiro::fileSystemIo::FSIODiWheelDrive::getEd(float*)
 .text._ZN5amiro12fileSystemIo16FSIODiWheelDrive5setEdEf
                0x08016060       0x50 build/obj/FSIODiWheelDrive.o
                0x08016060                amiro::fileSystemIo::FSIODiWheelDrive::setEd(float)
 .text._ZN5amiro12fileSystemIo16FSIODiWheelDrive5getEbEPf
                0x080160b0       0x40 build/obj/FSIODiWheelDrive.o
                0x080160b0                amiro::fileSystemIo::FSIODiWheelDrive::getEb(float*)
 .text._ZN5amiro12fileSystemIo16FSIODiWheelDrive5setEbEf
                0x080160f0       0x50 build/obj/FSIODiWheelDrive.o
                0x080160f0                amiro::fileSystemIo::FSIODiWheelDrive::setEb(float)
 .text._ZN5amiro15MotorIncrementsC2EP9QEIDriverS2_
                0x08016140       0x20 build/obj/MotorIncrements.o
                0x08016140                amiro::MotorIncrements::MotorIncrements(QEIDriver*, QEIDriver*)
                0x08016140                amiro::MotorIncrements::MotorIncrements(QEIDriver*, QEIDriver*)
 .text._ZN5amiro15MotorIncrements5startEv
                0x08016160       0x30 build/obj/MotorIncrements.o
                0x08016160                amiro::MotorIncrements::start()
 .text._ZN5amiro15MotorIncrements14qeiGetPositionEi
                0x08016190       0x10 build/obj/MotorIncrements.o
                0x08016190                amiro::MotorIncrements::qeiGetPosition(int)
 .text._ZN5amiro15MotorIncrements17getQeiConfigRangeEv
                0x080161a0       0x10 build/obj/MotorIncrements.o
                0x080161a0                amiro::MotorIncrements::getQeiConfigRange()
 .text._ZN10chibios_rt16BaseStaticThreadILi512EE5startEm
                0x080161b0       0x30 build/obj/MotorControl.o
                0x080161b0                chibios_rt::BaseStaticThread<512>::start(unsigned long)
 .text._ZL8chprintfP20BaseSequentialStreamPKcz.constprop.0
                0x080161e0       0x30 build/obj/MotorControl.o
 .text._ZN5amiro12MotorControlC2EP9PWMDriverPNS_15MotorIncrementsEP12GPIO_TypeDefiPNS_12fileSystemIo16FSIODiWheelDriveE
                0x08016210      0x170 build/obj/MotorControl.o
                0x08016210                amiro::MotorControl::MotorControl(PWMDriver*, amiro::MotorIncrements*, GPIO_TypeDef*, int, amiro::fileSystemIo::FSIODiWheelDrive*)
                0x08016210                amiro::MotorControl::MotorControl(PWMDriver*, amiro::MotorIncrements*, GPIO_TypeDef*, int, amiro::fileSystemIo::FSIODiWheelDrive*)
 .text._ZN5amiro12MotorControl18getCurrentVelocityEv
                0x08016380       0x20 build/obj/MotorControl.o
                0x08016380                amiro::MotorControl::getCurrentVelocity()
 .text._ZN5amiro12MotorControl32setWheelDiameterCorrectionFactorEfb
                0x080163a0       0x60 build/obj/MotorControl.o
                0x080163a0                amiro::MotorControl::setWheelDiameterCorrectionFactor(float, bool)
 .text._ZN5amiro12MotorControl26setActualWheelBaseDistanceEfb
                0x08016400       0x30 build/obj/MotorControl.o
                0x08016400                amiro::MotorControl::setActualWheelBaseDistance(float, bool)
 .text._ZN5amiro12MotorControl12setTargetRPMEll
                0x08016430       0x80 build/obj/MotorControl.o
                0x08016430                amiro::MotorControl::setTargetRPM(long, long)
 .text._ZN5amiro12MotorControl14setTargetSpeedERKN5types9kinematicE
                0x080164b0       0x30 build/obj/MotorControl.o
                0x080164b0                amiro::MotorControl::setTargetSpeed(types::kinematic const&)
 .text._ZN5amiro12MotorControl9calibrateEv
                0x080164e0      0x150 build/obj/MotorControl.o
                0x080164e0                amiro::MotorControl::calibrate()
 .text._ZN5amiro12MotorControl16calibrateZieglerEv
                0x08016630      0x2a0 build/obj/MotorControl.o
                0x08016630                amiro::MotorControl::calibrateZiegler()
 .text._ZN5amiro12MotorControl18setRightWheelSpeedEii
                0x080168d0       0xc0 build/obj/MotorControl.o
                0x080168d0                amiro::MotorControl::setRightWheelSpeed(int, int)
 .text._ZN5amiro12MotorControl13PIDControllerEv
                0x08016990      0x1f0 build/obj/MotorControl.o
                0x08016990                amiro::MotorControl::PIDController()
 .text._ZN5amiro12MotorControl29controllerAndCalibrationLogicEv
                0x08016b80       0xa0 build/obj/MotorControl.o
                0x08016b80                amiro::MotorControl::controllerAndCalibrationLogic()
 .text._ZN5amiro12MotorControl10printGainsEv
                0x08016c20       0x70 build/obj/MotorControl.o
                0x08016c20                amiro::MotorControl::printGains()
 .text._ZN5amiro12MotorControl10resetGainsEv
                0x08016c90       0x70 build/obj/MotorControl.o
                0x08016c90                amiro::MotorControl::resetGains()
 .text._ZN5amiro12MotorControl12calcVelocityEv
                0x08016d00       0x70 build/obj/MotorControl.o
                0x08016d00                amiro::MotorControl::calcVelocity()
 .text._ZN5amiro12MotorControl16updateIncrementsEPNS_15MotorIncrementsERA2_lRA2_f
                0x08016d70       0xa0 build/obj/MotorControl.o
                0x08016d70                amiro::MotorControl::updateIncrements(amiro::MotorIncrements*, long (&) [2], float (&) [2])
 .text._ZN5amiro12MotorControl14updateDistanceERA2_KfRA2_f
                0x08016e10       0x30 build/obj/MotorControl.o
                0x08016e10                amiro::MotorControl::updateDistance(float const (&) [2], float (&) [2])
 .text._ZN5amiro12MotorControl25writePulseWidthModulationEv
                0x08016e40       0xa0 build/obj/MotorControl.o
                0x08016e40                amiro::MotorControl::writePulseWidthModulation()
 .text._ZN5amiro11DistControlC2EPNS_12MotorControlEPNS_15MotorIncrementsE
                0x08016ee0       0xb0 build/obj/DistControl.o
                0x08016ee0                amiro::DistControl::DistControl(amiro::MotorControl*, amiro::MotorIncrements*)
                0x08016ee0                amiro::DistControl::DistControl(amiro::MotorControl*, amiro::MotorIncrements*)
 .text._ZN5amiro11DistControl17setTargetPositionEllt
                0x08016f90       0x90 build/obj/DistControl.o
                0x08016f90                amiro::DistControl::setTargetPosition(long, long, unsigned short)
 .text._ZN5amiro11DistControl20deactivateControllerEv
                0x08017020       0x50 build/obj/DistControl.o
                0x08017020                amiro::DistControl::deactivateController()
 .text._ZN5amiro11DistControl14calcVelocitiesEv
                0x08017070      0x140 build/obj/DistControl.o
                0x08017070                amiro::DistControl::calcVelocities()
 .text._ZL8chprintfP20BaseSequentialStreamPKcz.constprop.6
                0x080171b0       0x30 build/obj/Odometry.o
 .text._ZN6Matrix10XdotYtransIfEEvPT_jjS2_jjS2_jj.isra.1.constprop.7
                0x080171e0       0x70 build/obj/Odometry.o
 .text._ZN6Matrix5XdotYIfEEvPT_jjS2_jjS2_jj.isra.0.constprop.8
                0x08017250       0x90 build/obj/Odometry.o
 .text._ZN5amiro8Odometry11getPositionEv
                0x080172e0       0xa0 build/obj/Odometry.o
                0x080172e0                amiro::Odometry::getPosition()
 .text._ZN5amiro8Odometry11setPositionEfff
                0x08017380       0x30 build/obj/Odometry.o
                0x08017380                amiro::Odometry::setPosition(float, float, float)
 .text._ZN5amiro8Odometry13resetPositionEv
                0x080173b0       0x30 build/obj/Odometry.o
                0x080173b0                amiro::Odometry::resetPosition()
 .text._ZN5amiro8OdometryC2EPNS_15MotorIncrementsEPNS_8L3G4200DE
                0x080173e0       0x90 build/obj/Odometry.o
                0x080173e0                amiro::Odometry::Odometry(amiro::MotorIncrements*, amiro::L3G4200D*)
                0x080173e0                amiro::Odometry::Odometry(amiro::MotorIncrements*, amiro::L3G4200D*)
 .text._ZN5amiro8Odometry14updateOdometryEv
                0x08017470      0x2c0 build/obj/Odometry.o
                0x08017470                amiro::Odometry::updateOdometry()
 .text._ZN5amiro8Odometry14updateDistanceEv
                0x08017730       0x30 build/obj/Odometry.o
                0x08017730                amiro::Odometry::updateDistance()
 .text._ZN5amiro23ControllerAreaNetworkRx14receiveMessageEP10CANRxFrame
                0x08017760       0x10 build/obj/ControllerAreaNetworkRx.o
                0x08017760                amiro::ControllerAreaNetworkRx::receiveMessage(CANRxFrame*)
 .text._ZN10chibios_rt16BaseStaticThreadILi128EE5startEm
                0x08017770       0x30 build/obj/ControllerAreaNetworkRx.o
                0x08017770                chibios_rt::BaseStaticThread<128>::start(unsigned long)
 .text._ZN5amiro23ControllerAreaNetworkRxC2EP9CANDriverh
                0x080177a0       0x30 build/obj/ControllerAreaNetworkRx.o
                0x080177a0                amiro::ControllerAreaNetworkRx::ControllerAreaNetworkRx(CANDriver*, unsigned char)
                0x080177a0                amiro::ControllerAreaNetworkRx::ControllerAreaNetworkRx(CANDriver*, unsigned char)
 .text._ZN5amiro23ControllerAreaNetworkRxD2Ev
                0x080177d0       0x10 build/obj/ControllerAreaNetworkRx.o
                0x080177d0                amiro::ControllerAreaNetworkRx::~ControllerAreaNetworkRx()
                0x080177d0                amiro::ControllerAreaNetworkRx::~ControllerAreaNetworkRx()
 .text._ZN5amiro23ControllerAreaNetworkRx16receiveSensorValEP10CANRxFrame
                0x080177e0      0x1b0 build/obj/ControllerAreaNetworkRx.o
                0x080177e0                amiro::ControllerAreaNetworkRx::receiveSensorVal(CANRxFrame*)
 .text._ZN5amiro23ControllerAreaNetworkRx21getProximityRingValueEi
                0x08017990       0x10 build/obj/ControllerAreaNetworkRx.o
                0x08017990                amiro::ControllerAreaNetworkRx::getProximityRingValue(int)
 .text._ZN5amiro23ControllerAreaNetworkRx10getRobotIDEv
                0x080179a0       0x10 build/obj/ControllerAreaNetworkRx.o
                0x080179a0                amiro::ControllerAreaNetworkRx::getRobotID()
 .text._ZN5amiro23ControllerAreaNetworkRx13decodeBoardIdEP10CANRxFrame
                0x080179b0       0x10 build/obj/ControllerAreaNetworkRx.o
                0x080179b0                amiro::ControllerAreaNetworkRx::decodeBoardId(CANRxFrame*)
 .text._ZN5amiro23ControllerAreaNetworkRx14decodeDeviceIdEP10CANRxFrame
                0x080179c0       0x10 build/obj/ControllerAreaNetworkRx.o
                0x080179c0                amiro::ControllerAreaNetworkRx::decodeDeviceId(CANRxFrame*)
 .text._ZN5amiro23ControllerAreaNetworkTx15updateSensorValEv
                0x080179d0       0x10 build/obj/ControllerAreaNetworkTx.o
                0x080179d0                amiro::ControllerAreaNetworkTx::updateSensorVal()
 .text._ZN5amiro23ControllerAreaNetworkTxC2EP9CANDriverh
                0x080179e0       0x30 build/obj/ControllerAreaNetworkTx.o
                0x080179e0                amiro::ControllerAreaNetworkTx::ControllerAreaNetworkTx(CANDriver*, unsigned char)
                0x080179e0                amiro::ControllerAreaNetworkTx::ControllerAreaNetworkTx(CANDriver*, unsigned char)
 .text._ZN5amiro23ControllerAreaNetworkTxD2Ev
                0x08017a10       0x10 build/obj/ControllerAreaNetworkTx.o
                0x08017a10                amiro::ControllerAreaNetworkTx::~ControllerAreaNetworkTx()
                0x08017a10                amiro::ControllerAreaNetworkTx::~ControllerAreaNetworkTx()
 .text._ZN5amiro23ControllerAreaNetworkTx14encodeDeviceIdEP10CANTxFramei
                0x08017a20       0x20 build/obj/ControllerAreaNetworkTx.o
                0x08017a20                amiro::ControllerAreaNetworkTx::encodeDeviceId(CANTxFrame*, int)
 .text._ZN5amiro23ControllerAreaNetworkTx15transmitMessageEP10CANTxFrame
                0x08017a40       0x40 build/obj/ControllerAreaNetworkTx.o
                0x08017a40                amiro::ControllerAreaNetworkTx::transmitMessage(CANTxFrame*)
 .text._ZN5amiro23ControllerAreaNetworkTx13setLightColorEiNS_5ColorE
                0x08017a80       0x60 build/obj/ControllerAreaNetworkTx.o