Archive member included because of file (symbol)

/homes/skollbach/Downloads/ASE/gcc-arm-embedded/gcc-arm-none-eabi-4_8-2014q1/bin/../lib/gcc/arm-none-eabi/4.8.3/../../../../arm-none-eabi/lib/armv7-m/libstdc++.a(pure.o)
                              build/obj/HWI2CDriver.o (__cxa_pure_virtual)
/homes/skollbach/Downloads/ASE/gcc-arm-embedded/gcc-arm-none-eabi-4_8-2014q1/bin/../lib/gcc/arm-none-eabi/4.8.3/../../../../arm-none-eabi/lib/armv7-m/libstdc++.a(del_op.o)
                              build/obj/HWSPIDriver.o (operator delete(void*))
/homes/skollbach/Downloads/ASE/gcc-arm-embedded/gcc-arm-none-eabi-4_8-2014q1/bin/../lib/gcc/arm-none-eabi/4.8.3/../../../../arm-none-eabi/lib/armv7-m/libstdc++.a(eh_terminate.o)
                              /homes/skollbach/Downloads/ASE/gcc-arm-embedded/gcc-arm-none-eabi-4_8-2014q1/bin/../lib/gcc/arm-none-eabi/4.8.3/../../../../arm-none-eabi/lib/armv7-m/libstdc++.a(pure.o) (std::terminate())
/homes/skollbach/Downloads/ASE/gcc-arm-embedded/gcc-arm-none-eabi-4_8-2014q1/bin/../lib/gcc/arm-none-eabi/4.8.3/../../../../arm-none-eabi/lib/armv7-m/libstdc++.a(eh_unex_handler.o)
                              /homes/skollbach/Downloads/ASE/gcc-arm-embedded/gcc-arm-none-eabi-4_8-2014q1/bin/../lib/gcc/arm-none-eabi/4.8.3/../../../../arm-none-eabi/lib/armv7-m/libstdc++.a(eh_terminate.o) (__cxxabiv1::__unexpected_handler)
/homes/skollbach/Downloads/ASE/gcc-arm-embedded/gcc-arm-none-eabi-4_8-2014q1/bin/../lib/gcc/arm-none-eabi/4.8.3/../../../../arm-none-eabi/lib/armv7-m/libstdc++.a(eh_catch.o)
                              /homes/skollbach/Downloads/ASE/gcc-arm-embedded/gcc-arm-none-eabi-4_8-2014q1/bin/../lib/gcc/arm-none-eabi/4.8.3/../../../../arm-none-eabi/lib/armv7-m/libstdc++.a(eh_terminate.o) (__cxa_begin_catch)
/homes/skollbach/Downloads/ASE/gcc-arm-embedded/gcc-arm-none-eabi-4_8-2014q1/bin/../lib/gcc/arm-none-eabi/4.8.3/../../../../arm-none-eabi/lib/armv7-m/libstdc++.a(atexit_arm.o)
                              build/obj/main.o (__aeabi_atexit)
/homes/skollbach/Downloads/ASE/gcc-arm-embedded/gcc-arm-none-eabi-4_8-2014q1/bin/../lib/gcc/arm-none-eabi/4.8.3/../../../../arm-none-eabi/lib/armv7-m/libstdc++.a(eh_term_handler.o)
                              /homes/skollbach/Downloads/ASE/gcc-arm-embedded/gcc-arm-none-eabi-4_8-2014q1/bin/../lib/gcc/arm-none-eabi/4.8.3/../../../../arm-none-eabi/lib/armv7-m/libstdc++.a(eh_terminate.o) (__cxxabiv1::__terminate_handler)
/homes/skollbach/Downloads/ASE/gcc-arm-embedded/gcc-arm-none-eabi-4_8-2014q1/bin/../lib/gcc/arm-none-eabi/4.8.3/../../../../arm-none-eabi/lib/armv7-m/libstdc++.a(eh_arm.o)
                              /homes/skollbach/Downloads/ASE/gcc-arm-embedded/gcc-arm-none-eabi-4_8-2014q1/bin/../lib/gcc/arm-none-eabi/4.8.3/../../../../arm-none-eabi/lib/armv7-m/libstdc++.a(eh_terminate.o) (__cxa_end_cleanup)
/homes/skollbach/Downloads/ASE/gcc-arm-embedded/gcc-arm-none-eabi-4_8-2014q1/bin/../lib/gcc/arm-none-eabi/4.8.3/../../../../arm-none-eabi/lib/armv7-m/libstdc++.a(eh_call.o)
                              /homes/skollbach/Downloads/ASE/gcc-arm-embedded/gcc-arm-none-eabi-4_8-2014q1/bin/../lib/gcc/arm-none-eabi/4.8.3/../../../../arm-none-eabi/lib/armv7-m/libstdc++.a(eh_terminate.o) (__cxa_call_unexpected)
/homes/skollbach/Downloads/ASE/gcc-arm-embedded/gcc-arm-none-eabi-4_8-2014q1/bin/../lib/gcc/arm-none-eabi/4.8.3/../../../../arm-none-eabi/lib/armv7-m/libstdc++.a(eh_personality.o)
                              /homes/skollbach/Downloads/ASE/gcc-arm-embedded/gcc-arm-none-eabi-4_8-2014q1/bin/../lib/gcc/arm-none-eabi/4.8.3/../../../../arm-none-eabi/lib/armv7-m/libstdc++.a(eh_terminate.o) (__gxx_personality_v0)
/homes/skollbach/Downloads/ASE/gcc-arm-embedded/gcc-arm-none-eabi-4_8-2014q1/bin/../lib/gcc/arm-none-eabi/4.8.3/../../../../arm-none-eabi/lib/armv7-m/libstdc++.a(eh_globals.o)
                              /homes/skollbach/Downloads/ASE/gcc-arm-embedded/gcc-arm-none-eabi-4_8-2014q1/bin/../lib/gcc/arm-none-eabi/4.8.3/../../../../arm-none-eabi/lib/armv7-m/libstdc++.a(eh_catch.o) (__cxa_get_globals_fast)
/homes/skollbach/Downloads/ASE/gcc-arm-embedded/gcc-arm-none-eabi-4_8-2014q1/bin/../lib/gcc/arm-none-eabi/4.8.3/../../../../arm-none-eabi/lib/armv7-m/libstdc++.a(vterminate.o)
                              /homes/skollbach/Downloads/ASE/gcc-arm-embedded/gcc-arm-none-eabi-4_8-2014q1/bin/../lib/gcc/arm-none-eabi/4.8.3/../../../../arm-none-eabi/lib/armv7-m/libstdc++.a(eh_term_handler.o) (__gnu_cxx::__verbose_terminate_handler())
/homes/skollbach/Downloads/ASE/gcc-arm-embedded/gcc-arm-none-eabi-4_8-2014q1/bin/../lib/gcc/arm-none-eabi/4.8.3/../../../../arm-none-eabi/lib/armv7-m/libstdc++.a(eh_throw.o)
                              /homes/skollbach/Downloads/ASE/gcc-arm-embedded/gcc-arm-none-eabi-4_8-2014q1/bin/../lib/gcc/arm-none-eabi/4.8.3/../../../../arm-none-eabi/lib/armv7-m/libstdc++.a(eh_call.o) (__cxa_throw)
[...]
Memory Configuration

Name             Origin             Length             Attributes
flash            0x08006000         0x0007a000
ram              0x20000000         0x00010000
*default*        0x00000000         0xffffffff

Linker script and memory map

LOAD build/obj/crt0.o
LOAD build/obj/vectors.o
LOAD build/obj/chcore.o
LOAD build/obj/chcore_v7m.o
LOAD build/obj/nvic.o
LOAD build/obj/chsys.o
LOAD build/obj/chdebug.o
LOAD build/obj/chlists.o
LOAD build/obj/chvt.o
LOAD build/obj/chschd.o
LOAD build/obj/chthreads.o
LOAD build/obj/chdynamic.o
LOAD build/obj/chregistry.o
LOAD build/obj/chsem.o
LOAD build/obj/chmtx.o
LOAD build/obj/chcond.o
LOAD build/obj/chevents.o
LOAD build/obj/chmsg.o
LOAD build/obj/chmboxes.o
LOAD build/obj/chqueues.o
LOAD build/obj/chmemcore.o
LOAD build/obj/chheap.o
LOAD build/obj/chmempools.o
LOAD build/obj/hal.o
LOAD build/obj/adc.o
LOAD build/obj/can.o
LOAD build/obj/ext.o
LOAD build/obj/gpt.o
LOAD build/obj/i2c.o
LOAD build/obj/icu.o
LOAD build/obj/mac.o
LOAD build/obj/mmc_spi.o
LOAD build/obj/mmcsd.o
LOAD build/obj/pal.o
LOAD build/obj/pwm.o
LOAD build/obj/rtc.o
LOAD build/obj/sdc.o
LOAD build/obj/serial.o
LOAD build/obj/serial_usb.o
LOAD build/obj/spi.o
LOAD build/obj/tm.o
LOAD build/obj/uart.o
LOAD build/obj/usb.o
LOAD build/obj/qei.o
LOAD build/obj/stm32_dma.o
LOAD build/obj/hal_lld.o
LOAD build/obj/adc_lld.o
LOAD build/obj/ext_lld_isr.o
LOAD build/obj/can_lld.o
LOAD build/obj/ext_lld.o
LOAD build/obj/mac_lld.o
LOAD build/obj/sdc_lld.o
LOAD build/obj/pal_lld.o
LOAD build/obj/i2c_lld.o
LOAD build/obj/rtc_lld.o
LOAD build/obj/spi_lld.o
LOAD build/obj/gpt_lld.o
LOAD build/obj/icu_lld.o
LOAD build/obj/pwm_lld.o
LOAD build/obj/serial_lld.o
LOAD build/obj/uart_lld.o
LOAD build/obj/usb_lld.o
LOAD build/obj/qei_lld.o
LOAD build/obj/board.o
LOAD build/obj/evtimer.o
LOAD build/obj/syscalls.o
LOAD build/obj/chprintf.o
LOAD build/obj/shell.o
LOAD build/obj/memstreams.o
LOAD build/obj/stubs.o
LOAD build/obj/Debug.o
LOAD build/obj/ch.o
LOAD build/obj/HWSPIDriver.o
LOAD build/obj/HWI2CDriver.o
LOAD build/obj/I2CMultiplexer.o
LOAD build/obj/VI2CDriver.o
LOAD build/obj/vcnl4020.o
LOAD build/obj/hmc5883l.o
LOAD build/obj/lis331dlh.o
LOAD build/obj/l3g4200d.o
LOAD build/obj/ina219.o
LOAD build/obj/eeprom.o
LOAD build/obj/at24.o
LOAD build/obj/FileSystemInputOutputBase.o
LOAD build/obj/FSIODiWheelDrive.o
LOAD build/obj/MotorIncrements.o
LOAD build/obj/MotorControl.o
LOAD build/obj/DistControl.o
LOAD build/obj/Odometry.o
LOAD build/obj/ControllerAreaNetworkRx.o
LOAD build/obj/ControllerAreaNetworkTx.o
LOAD build/obj/Color.o
LOAD build/obj/serial_can_mux.o
LOAD build/obj/DiWheelDrive.o
LOAD build/obj/userthread.o
LOAD build/obj/main.o
LOAD build/obj/exti.o
                0x00000400                __main_stack_size__ = 0x400
                0x00000400                __process_stack_size__ = 0x400
                0x20000000                __ram_start__ = ORIGIN (ram)
                0x00010000                __ram_size__ = 0x10000
                0x20010000                __ram_end__ = (__ram_start__ + __ram_size__)
                0x08006150                __crc_start__ = (ORIGIN (flash) + 0x150)
                0x00000000                . = 0x0
                0x00000000                _text = .

startup         0x08006000      0x130
 *(vectors)
 vectors        0x08006000      0x130 build/obj/vectors.o
                0x08006000                _vectors

crc             0x08006150        0x4
                0x08006150        0x4 LONG 0x55aa11ee

constructors    0x08006154       0x38
                0x08006154                PROVIDE (__init_array_start, .)
 *(SORT(.init_array.*))
 *(.init_array)
 .init_array    0x08006154        0x4 build/obj/vcnl4020.o
 .init_array    0x08006158        0x4 build/obj/hmc5883l.o
 .init_array    0x0800615c        0x4 build/obj/lis331dlh.o
 .init_array    0x08006160        0x4 build/obj/l3g4200d.o
 .init_array    0x08006164        0x4 build/obj/ina219.o
 .init_array    0x08006168        0x4 build/obj/MotorControl.o
 .init_array    0x0800616c        0x4 build/obj/DistControl.o
 .init_array    0x08006170        0x4 build/obj/Odometry.o
 .init_array    0x08006174        0x4 build/obj/ControllerAreaNetworkRx.o
 .init_array    0x08006178        0x4 build/obj/ControllerAreaNetworkTx.o
 .init_array    0x0800617c        0x4 build/obj/serial_can_mux.o
 .init_array    0x08006180        0x4 build/obj/DiWheelDrive.o
 .init_array    0x08006184        0x4 build/obj/userthread.o
 .init_array    0x08006188        0x4 build/obj/main.o
                0x0800618c                PROVIDE (__init_array_end, .)

destructors     0x0800618c        0x0
                0x0800618c                PROVIDE (__fini_array_start, .)
 *(.fini_array)
 *(SORT(.fini_array.*))
                0x0800618c                PROVIDE (__fini_array_end, .)

.text           0x08006190    0x21c2c
 *(.text.startup.*)
 .text.startup._ZN10chibios_rt10BaseThread4mainEv
                0x08006190       0x10 build/obj/ch.o
                0x08006190                chibios_rt::BaseThread::main()
 .text.startup._ZN5amiro8VCNL40204mainEv
                0x080061a0      0x150 build/obj/vcnl4020.o
                0x080061a0                amiro::VCNL4020::main()
 .text.startup._GLOBAL__sub_I__ZN5amiro8VCNL4020D2Ev
                0x080062f0       0x20 build/obj/vcnl4020.o
 .text.startup._ZN5amiro8HMC5883L4mainEv
                0x08006310       0xd0 build/obj/hmc5883l.o
                0x08006310                amiro::HMC5883L::main()
 .text.startup._GLOBAL__sub_I__ZN5amiro8HMC5883LD2Ev
                0x080063e0       0x20 build/obj/hmc5883l.o
 .text.startup._ZN5amiro9LIS331DLH4mainEv
                0x08006400       0xa0 build/obj/lis331dlh.o
                0x08006400                amiro::LIS331DLH::main()
 .text.startup._GLOBAL__sub_I__ZN5amiro9LIS331DLHC2EPNS_11HWSPIDriverE
                0x080064a0       0x20 build/obj/lis331dlh.o
 .text.startup._ZN5amiro8L3G4200D4mainEv
                0x080064c0      0x120 build/obj/l3g4200d.o
                0x080064c0                amiro::L3G4200D::main()
 .text.startup._GLOBAL__sub_I__ZN5amiro8L3G4200DC2EPNS_11HWSPIDriverE
                0x080065e0       0x20 build/obj/l3g4200d.o
 .text.startup._ZN5amiro6INA2196Driver4mainEv
                0x08006600       0x30 build/obj/ina219.o
                0x08006600                amiro::INA219::Driver::main()
 .text.startup._GLOBAL__sub_I__ZN5amiro6INA2196DriverC2ERNS_9I2CDriverEh
                0x08006630       0x20 build/obj/ina219.o
 .text.startup._ZN5amiro12MotorControl4mainEv
                0x08006650      0x170 build/obj/MotorControl.o
                0x08006650                amiro::MotorControl::main()
 .text.startup._GLOBAL__sub_I__ZN5amiro12MotorControl29wheelDiameterCorrectionFactorE
                0x080067c0       0x20 build/obj/MotorControl.o
 .text.startup._ZN5amiro11DistControl4mainEv
                0x080067e0      0x1c0 build/obj/DistControl.o
                0x080067e0                amiro::DistControl::main()
 .text.startup._GLOBAL__sub_I__ZN5amiro11DistControlC2EPNS_12MotorControlEPNS_15MotorIncrementsE
                0x080069a0       0x20 build/obj/DistControl.o
 .text.startup._ZN5amiro8Odometry4mainEv
                0x080069c0       0x80 build/obj/Odometry.o
                0x080069c0                amiro::Odometry::main()
 .text.startup._GLOBAL__sub_I__ZN5amiro8OdometryC2EPNS_15MotorIncrementsEPNS_8L3G4200DE
                0x08006a40       0x20 build/obj/Odometry.o
 .text.startup._ZN5amiro23ControllerAreaNetworkRx4mainEv
                0x08006a60       0x90 build/obj/ControllerAreaNetworkRx.o
                0x08006a60                amiro::ControllerAreaNetworkRx::main()
 .text.startup._GLOBAL__sub_I__ZN5amiro23ControllerAreaNetworkRxC2EP9CANDriverh
                0x08006af0       0x20 build/obj/ControllerAreaNetworkRx.o
 .text.startup._ZN5amiro23ControllerAreaNetworkTx4mainEv
                0x08006b10       0x80 build/obj/ControllerAreaNetworkTx.o
                0x08006b10                amiro::ControllerAreaNetworkTx::main()
 .text.startup._GLOBAL__sub_I__ZN5amiro23ControllerAreaNetworkTxC2EP9CANDriverh
                0x08006b90       0x20 build/obj/ControllerAreaNetworkTx.o
 .text.startup._GLOBAL__sub_I__ZN5amiro12SerialCanMuxC2EP12SerialDriverP9CANDriverh
                0x08006bb0       0x20 build/obj/serial_can_mux.o
 .text.startup._GLOBAL__sub_I__ZN5amiro12DiWheelDriveC2EP9CANDriver
                0x08006bd0       0x20 build/obj/DiWheelDrive.o
 .text.startup._ZN5amiro10UserThread4mainEv
                0x08006bf0      0x2c0 build/obj/userthread.o
                0x08006bf0                amiro::UserThread::main()
 .text.startup._GLOBAL__sub_I_policy
                0x08006eb0       0x40 build/obj/userthread.o
 .text.startup.main
                0x08006ef0      0x400 build/obj/main.o
                0x08006ef0                main
 .text.startup._GLOBAL__sub_I_global
                0x080072f0       0x40 build/obj/main.o
 *(.text)
 .text          0x08007330     0x57a0 /homes/skollbach/Downloads/ASE/gcc-arm-embedded/gcc-arm-none-eabi-4_8-2014q1/bin/../lib/gcc/arm-none-eabi/4.8.3/../../../../arm-none-eabi/lib/armv7-m/libstdc++.a(cp-demangle.o)
                0x0800c9f0                __cxa_demangle
                0x0800cab4                __gcclibcxx_demangle_callback
 .text          0x0800cad0      0x370 /homes/skollbach/Downloads/ASE/gcc-arm-embedded/gcc-arm-none-eabi-4_8-2014q1/bin/../lib/gcc/arm-none-eabi/4.8.3/armv7-m/libgcc.a(_arm_addsubdf3.o)
                0x0800cad0                __aeabi_drsub
                0x0800cad8                __aeabi_dsub
                0x0800cad8                __subdf3
                0x0800cadc                __adddf3
                0x0800cadc                __aeabi_dadd
                0x0800cd54                __aeabi_ui2d
                0x0800cd54                __floatunsidf
                0x0800cd74                __floatsidf
                0x0800cd74                __aeabi_i2d
                0x0800cd98                __extendsfdf2
                0x0800cd98                __aeabi_f2d
                0x0800cdd4                __aeabi_ul2d
                0x0800cdd4                __floatundidf
                0x0800cde4                __floatdidf
                0x0800cde4                __aeabi_l2d
 .text          0x0800ce40      0x424 /homes/skollbach/Downloads/ASE/gcc-arm-embedded/gcc-arm-none-eabi-4_8-2014q1/bin/../lib/gcc/arm-none-eabi/4.8.3/armv7-m/libgcc.a(_arm_muldivdf3.o)
                0x0800ce40                __aeabi_dmul
                0x0800ce40                __muldf3
                0x0800d094                __aeabi_ddiv
                0x0800d094                __divdf3
 *fill*         0x0800d264        0xc 
 .text          0x0800d270      0x110 /homes/skollbach/Downloads/ASE/gcc-arm-embedded/gcc-arm-none-eabi-4_8-2014q1/bin/../lib/gcc/arm-none-eabi/4.8.3/armv7-m/libgcc.a(_arm_cmpdf2.o)
                0x0800d270                __gtdf2
                0x0800d270                __gedf2
                0x0800d278                __ltdf2
                0x0800d278                __ledf2
                0x0800d280                __cmpdf2
                0x0800d280                __eqdf2
                0x0800d280                __nedf2
                0x0800d2fc                __aeabi_cdrcmple
                0x0800d30c                __aeabi_cdcmple
                0x0800d30c                __aeabi_cdcmpeq
                0x0800d31c                __aeabi_dcmpeq
                0x0800d330                __aeabi_dcmplt
                0x0800d344                __aeabi_dcmple
                0x0800d358                __aeabi_dcmpge
                0x0800d36c                __aeabi_dcmpgt
 .text          0x0800d380       0x50 /homes/skollbach/Downloads/ASE/gcc-arm-embedded/gcc-arm-none-eabi-4_8-2014q1/bin/../lib/gcc/arm-none-eabi/4.8.3/armv7-m/libgcc.a(_arm_fixdfsi.o)
                0x0800d380                __fixdfsi
                0x0800d380                __aeabi_d2iz
 .text          0x0800d3d0       0x40 /homes/skollbach/Downloads/ASE/gcc-arm-embedded/gcc-arm-none-eabi-4_8-2014q1/bin/../lib/gcc/arm-none-eabi/4.8.3/armv7-m/libgcc.a(_arm_fixunsdfsi.o)
                0x0800d3d0                __fixunsdfsi
                0x0800d3d0                __aeabi_d2uiz
 .text          0x0800d410       0xa0 /homes/skollbach/Downloads/ASE/gcc-arm-embedded/gcc-arm-none-eabi-4_8-2014q1/bin/../lib/gcc/arm-none-eabi/4.8.3/armv7-m/libgcc.a(_arm_truncdfsf2.o)
                0x0800d410                __aeabi_d2f
                0x0800d410                __truncdfsf2
 .text          0x0800d4b0      0x21c /homes/skollbach/Downloads/ASE/gcc-arm-embedded/gcc-arm-none-eabi-4_8-2014q1/bin/../lib/gcc/arm-none-eabi/4.8.3/armv7-m/libgcc.a(_arm_addsubsf3.o)
                0x0800d4b0                __aeabi_frsub
                0x0800d4b8                __subsf3
                0x0800d4b8                __aeabi_fsub
                0x0800d4bc                __aeabi_fadd
                0x0800d4bc                __addsf3
                0x0800d61c                __aeabi_ui2f
                0x0800d61c                __floatunsisf
                0x0800d624                __aeabi_i2f
                0x0800d624                __floatsisf
                0x0800d640                __floatundisf
                0x0800d640                __aeabi_ul2f
                0x0800d650                __floatdisf
                0x0800d650                __aeabi_l2f
 *fill*         0x0800d6cc        0x4 
 .text          0x0800d6d0      0x2a0 /homes/skollbach/Downloads/ASE/gcc-arm-embedded/gcc-arm-none-eabi-4_8-2014q1/bin/../lib/gcc/arm-none-eabi/4.8.3/armv7-m/libgcc.a(_arm_muldivsf3.o)
                0x0800d6d0                __mulsf3
                0x0800d6d0                __aeabi_fmul
                0x0800d838                __divsf3
                0x0800d838                __aeabi_fdiv
 .text          0x0800d970       0xec /homes/skollbach/Downloads/ASE/gcc-arm-embedded/gcc-arm-none-eabi-4_8-2014q1/bin/../lib/gcc/arm-none-eabi/4.8.3/armv7-m/libgcc.a(_arm_cmpsf2.o)
                0x0800d970                __gtsf2
                0x0800d970                __gesf2
                0x0800d978                __lesf2
                0x0800d978                __ltsf2
                0x0800d980                __nesf2
                0x0800d980                __eqsf2
                0x0800d980                __cmpsf2
                0x0800d9e0                __aeabi_cfrcmple
                0x0800d9e8                __aeabi_cfcmple
                0x0800d9e8                __aeabi_cfcmpeq
                0x0800d9f8                __aeabi_fcmpeq
                0x0800da0c                __aeabi_fcmplt
                0x0800da20                __aeabi_fcmple
                0x0800da34                __aeabi_fcmpge
                0x0800da48                __aeabi_fcmpgt
 *fill*         0x0800da5c        0x4 
 .text          0x0800da60       0x4c /homes/skollbach/Downloads/ASE/gcc-arm-embedded/gcc-arm-none-eabi-4_8-2014q1/bin/../lib/gcc/arm-none-eabi/4.8.3/armv7-m/libgcc.a(_arm_fixsfsi.o)
                0x0800da60                __fixsfsi
                0x0800da60                __aeabi_f2iz
 *fill*         0x0800daac        0x4 
 .text          0x0800dab0       0x40 /homes/skollbach/Downloads/ASE/gcc-arm-embedded/gcc-arm-none-eabi-4_8-2014q1/bin/../lib/gcc/arm-none-eabi/4.8.3/armv7-m/libgcc.a(_arm_fixunssfsi.o)
                0x0800dab0                __aeabi_f2uiz
                0x0800dab0                __fixunssfsi
 .text          0x0800daf0      0xa28 /homes/skollbach/Downloads/ASE/gcc-arm-embedded/gcc-arm-none-eabi-4_8-2014q1/bin/../lib/gcc/arm-none-eabi/4.8.3/armv7-m/libgcc.a(unwind-arm.o)
                0x0800ddd4                _Unwind_GetCFA
                0x0800ddd8                __gnu_Unwind_RaiseException
                0x0800de38                __gnu_Unwind_ForcedUnwind
                0x0800de4c                __gnu_Unwind_Resume
                0x0800de90                __gnu_Unwind_Resume_or_Rethrow
                0x0800deac                _Unwind_Complete
                0x0800deb0                _Unwind_DeleteException
                0x0800dec0                _Unwind_VRS_Get
                0x0800df10                _Unwind_VRS_Set
                0x0800df60                __gnu_Unwind_Backtrace
                0x0800e2b4                __aeabi_unwind_cpp_pr0
                0x0800e2bc                __aeabi_unwind_cpp_pr1
                0x0800e2c4                __aeabi_unwind_cpp_pr2
                0x0800e2cc                _Unwind_VRS_Pop
 *fill*         0x0800e518        0x8 
 .text          0x0800e520      0x1ac /homes/skollbach/Downloads/ASE/gcc-arm-embedded/gcc-arm-none-eabi-4_8-2014q1/bin/../lib/gcc/arm-none-eabi/4.8.3/armv7-m/libgcc.a(libunwind.o)
                0x0800e520                __restore_core_regs
                0x0800e520                restore_core_regs
                0x0800e538                __gnu_Unwind_Restore_VFP
                0x0800e540                __gnu_Unwind_Save_VFP
                0x0800e548                __gnu_Unwind_Restore_VFP_D
                0x0800e550                __gnu_Unwind_Save_VFP_D
                0x0800e558                __gnu_Unwind_Restore_VFP_D_16_to_31
                0x0800e560                __gnu_Unwind_Save_VFP_D_16_to_31
                0x0800e568                __gnu_Unwind_Restore_WMMXD
                0x0800e5ac                __gnu_Unwind_Save_WMMXD
                0x0800e5f0                __gnu_Unwind_Restore_WMMXC
                0x0800e604                __gnu_Unwind_Save_WMMXC
                0x0800e618                ___Unwind_RaiseException
                0x0800e618                _Unwind_RaiseException
                0x0800e63c                ___Unwind_Resume
                0x0800e63c                _Unwind_Resume
                0x0800e660                _Unwind_Resume_or_Rethrow
                0x0800e660                ___Unwind_Resume_or_Rethrow
                0x0800e684                ___Unwind_ForcedUnwind
                0x0800e684                _Unwind_ForcedUnwind
                0x0800e6a8                _Unwind_Backtrace
                0x0800e6a8                ___Unwind_Backtrace
 *fill*         0x0800e6cc        0x4 
 .text          0x0800e6d0      0x33c /homes/skollbach/Downloads/ASE/gcc-arm-embedded/gcc-arm-none-eabi-4_8-2014q1/bin/../lib/gcc/arm-none-eabi/4.8.3/armv7-m/libgcc.a(pr-support.o)
                0x0800e724                __gnu_unwind_execute
                0x0800e9b4                __gnu_unwind_frame
                0x0800e9dc                _Unwind_GetRegionStart
                0x0800e9e8                _Unwind_GetLanguageSpecificData
                0x0800e9fc                _Unwind_GetDataRelBase
                0x0800ea04                _Unwind_GetTextRelBase
 *fill*         0x0800ea0c        0x4 
 .text          0x0800ea10       0xec /homes/skollbach/Downloads/ASE/gcc-arm-embedded/gcc-arm-none-eabi-4_8-2014q1/bin/../lib/gcc/arm-none-eabi/4.8.3/../../../../arm-none-eabi/lib/armv7-m/libc.a(lib_a-memcpy.o)
                0x0800ea10                memcpy
 *fill*         0x0800eafc        0x4 
 .text          0x0800eb00      0x23c /homes/skollbach/Downloads/ASE/gcc-arm-embedded/gcc-arm-none-eabi-4_8-2014q1/bin/../lib/gcc/arm-none-eabi/4.8.3/../../../../arm-none-eabi/lib/armv7-m/libc.a(lib_a-strcmp.o)
                0x0800eb00                strcmp
 *fill*         0x0800ed3c        0x4 
 .text          0x0800ed40       0x2c /homes/skollbach/Downloads/ASE/gcc-arm-embedded/gcc-arm-none-eabi-4_8-2014q1/bin/../lib/gcc/arm-none-eabi/4.8.3/armv7-m/libgcc.a(_aeabi_uldivmod.o)
                0x0800ed40                __aeabi_uldivmod
 *fill*         0x0800ed6c        0x4 
 .text          0x0800ed70       0x60 /homes/skollbach/Downloads/ASE/gcc-arm-embedded/gcc-arm-none-eabi-4_8-2014q1/bin/../lib/gcc/arm-none-eabi/4.8.3/armv7-m/libgcc.a(bpabi.o)
                0x0800ed70                __gnu_ldivmod_helper
                0x0800eda0                __gnu_uldivmod_helper
 .text          0x0800edd0        0x4 /homes/skollbach/Downloads/ASE/gcc-arm-embedded/gcc-arm-none-eabi-4_8-2014q1/bin/../lib/gcc/arm-none-eabi/4.8.3/armv7-m/libgcc.a(_dvmd_tls.o)
                0x0800edd0                __aeabi_ldiv0
                0x0800edd0                __aeabi_idiv0
 *fill*         0x0800edd4        0xc 
 .text          0x0800ede0      0x2a0 /homes/skollbach/Downloads/ASE/gcc-arm-embedded/gcc-arm-none-eabi-4_8-2014q1/bin/../lib/gcc/arm-none-eabi/4.8.3/armv7-m/libgcc.a(_divdi3.o)
                0x0800ede0                __divdi3
 .text          0x0800f080      0x290 /homes/skollbach/Downloads/ASE/gcc-arm-embedded/gcc-arm-none-eabi-4_8-2014q1/bin/../lib/gcc/arm-none-eabi/4.8.3/armv7-m/libgcc.a(_udivdi3.o)
                0x0800f080                __udivdi3
 *(.text.*)
 .text.__late_init
                0x0800f310       0x10 build/obj/crt0.o
                0x0800f310                __late_init
 .text._default_exit
                0x0800f320       0x10 build/obj/crt0.o
                0x0800f320                _default_exit
 .text.ResetHandler
                0x0800f330      0x100 build/obj/crt0.o
                0x0800f330                ResetHandler
 .text._unhandled_exception
                0x0800f430       0x10 build/obj/vectors.o
                0x0800f430                VectorAC
                0x0800f430                NMIVector
                0x0800f430                Vector11C
                0x0800f430                VectorDC
                0x0800f430                Vector110
                0x0800f430                VectorA8
                0x0800f430                VectorB4
                0x0800f430                VectorEC
                0x0800f430                UsageFaultVector
                0x0800f430                DebugMonitorVector
                0x0800f430                Vector40
                0x0800f430                VectorF8
                0x0800f430                Vector108
                0x0800f430                PendSVVector
                0x0800f430                Vector118
                0x0800f430                VectorCC
                0x0800f430                Vector54
                0x0800f430                VectorD8
                0x0800f430                Vector24
                0x0800f430                BusFaultVector
                0x0800f430                VectorD0
                0x0800f430                HardFaultVector
                0x0800f430                VectorF0
                0x0800f430                Vector100
                0x0800f430                VectorF4
                0x0800f430                MemManageVector
                0x0800f430                VectorA0
                0x0800f430                Vector114
                0x0800f430                Vector1C
                0x0800f430                Vector48
                0x0800f430                Vector4C
                0x0800f430                _unhandled_exception
                0x0800f430                Vector88
                0x0800f430                Vector104
                0x0800f430                Vector10C
                0x0800f430                Vector50
                0x0800f430                Vector28
                0x0800f430                VectorB8
                0x0800f430                VectorFC
                0x0800f430                Vector34
                0x0800f430                VectorA4
                0x0800f430                Vector20
 .text.port_halt
                0x0800f440       0x10 build/obj/chcore.o
                0x0800f440                port_halt
 .text._port_switch_from_isr
                0x0800f450       0x10 build/obj/chcore_v7m.o
                0x0800f450                _port_switch_from_isr
 .text.SVCallVector
                0x0800f460       0x20 build/obj/chcore_v7m.o
                0x0800f460                SVCallVector
 .text._port_init
                0x0800f480       0x40 build/obj/chcore_v7m.o
                0x0800f480                _port_init
 .text._port_irq_epilogue
                0x0800f4c0       0x70 build/obj/chcore_v7m.o
                0x0800f4c0                _port_irq_epilogue
 .text.SysTickVector
                0x0800f530       0x30 build/obj/chcore_v7m.o
                0x0800f530                SysTickVector
 .text._port_switch
                0x0800f560       0x10 build/obj/chcore_v7m.o
                0x0800f560                _port_switch
 .text._port_thread_start
                0x0800f570       0x20 build/obj/chcore_v7m.o
                0x0800f570                _port_thread_start
 .text.nvicEnableVector
                0x0800f590       0x50 build/obj/nvic.o
                0x0800f590                nvicEnableVector
 .text.nvicDisableVector
                0x0800f5e0       0x50 build/obj/nvic.o
                0x0800f5e0                nvicDisableVector
 .text.nvicSetSystemHandlerPriority
                0x0800f630       0x30 build/obj/nvic.o
                0x0800f630                nvicSetSystemHandlerPriority
 .text._idle_thread
                0x0800f660       0x20 build/obj/chsys.o
                0x0800f660                _idle_thread
 .text.chSysInit
                0x0800f680       0x80 build/obj/chsys.o
                0x0800f680                chSysInit
 .text.chSysTimerHandlerI
                0x0800f700       0x70 build/obj/chsys.o
                0x0800f700                chSysTimerHandlerI
 .text.dbg_check_enable
                0x0800f770       0x40 build/obj/chdebug.o
                0x0800f770                dbg_check_enable
 .text.dbg_check_lock
                0x0800f7b0       0x40 build/obj/chdebug.o
                0x0800f7b0                dbg_check_lock
 .text.dbg_check_unlock
                0x0800f7f0       0x40 build/obj/chdebug.o
                0x0800f7f0                dbg_check_unlock
 .text.dbg_check_lock_from_isr
                0x0800f830       0x40 build/obj/chdebug.o
                0x0800f830                dbg_check_lock_from_isr
 .text.dbg_check_unlock_from_isr
                0x0800f870       0x40 build/obj/chdebug.o
                0x0800f870                dbg_check_unlock_from_isr
 .text.dbg_check_enter_isr
                0x0800f8b0       0x50 build/obj/chdebug.o
                0x0800f8b0                dbg_check_enter_isr
 .text.dbg_check_leave_isr
                0x0800f900       0x50 build/obj/chdebug.o
                0x0800f900                dbg_check_leave_isr
 .text.chDbgCheckClassI
                0x0800f950       0x40 build/obj/chdebug.o
                0x0800f950                chDbgCheckClassI
 .text.chDbgCheckClassS
                0x0800f990       0x40 build/obj/chdebug.o
                0x0800f990                chDbgCheckClassS
 .text._trace_init
                0x0800f9d0       0x20 build/obj/chdebug.o
                0x0800f9d0                _trace_init
 .text.dbg_trace
                0x0800f9f0       0x50 build/obj/chdebug.o
                0x0800f9f0                dbg_trace
 .text.chDbgPanic
                0x0800fa40       0x20 build/obj/chdebug.o
                0x0800fa40                chDbgPanic
 .text._vt_init
                0x0800fa60       0x20 build/obj/chvt.o
                0x0800fa60                _vt_init
 .text.chVTSetI
                0x0800fa80       0x60 build/obj/chvt.o
                0x0800fa80                chVTSetI
 .text.chVTResetI
                0x0800fae0       0x50 build/obj/chvt.o
                0x0800fae0                chVTResetI
 .text._scheduler_init
                0x0800fb30       0x20 build/obj/chschd.o
                0x0800fb30                _scheduler_init
 .text.chSchReadyI
                0x0800fb50       0x50 build/obj/chschd.o
                0x0800fb50                chSchReadyI
 .text.wakeup   0x0800fba0       0x60 build/obj/chschd.o
 .text.chSchGoSleepS
                0x0800fc00       0x50 build/obj/chschd.o
                0x0800fc00                chSchGoSleepS
 .text.chSchGoSleepTimeoutS
                0x0800fc50       0x50 build/obj/chschd.o
                0x0800fc50                chSchGoSleepTimeoutS
 .text.chSchWakeupS
                0x0800fca0       0x70 build/obj/chschd.o
                0x0800fca0                chSchWakeupS
 .text.chSchDoRescheduleBehind
                0x0800fd10       0x50 build/obj/chschd.o
                0x0800fd10                chSchDoRescheduleBehind
 .text.chSchDoRescheduleAhead
                0x0800fd60       0x60 build/obj/chschd.o
                0x0800fd60                chSchDoRescheduleAhead
 .text.chSchRescheduleS
                0x0800fdc0       0x30 build/obj/chschd.o
                0x0800fdc0                chSchRescheduleS
 .text.chSchDoReschedule
                0x0800fdf0       0x20 build/obj/chschd.o
                0x0800fdf0                chSchDoReschedule
 .text._thread_init
                0x0800fe10       0x60 build/obj/chthreads.o
                0x0800fe10                _thread_init
 .text.chThdCreateI
                0x0800fe70       0xa0 build/obj/chthreads.o
                0x0800fe70                chThdCreateI
 .text.chThdCreateStatic
                0x0800ff10       0x50 build/obj/chthreads.o
                0x0800ff10                chThdCreateStatic
 .text.chThdTerminate
                0x0800ff60       0x30 build/obj/chthreads.o
                0x0800ff60                chThdTerminate
 .text.chThdSleep
                0x0800ff90       0x30 build/obj/chthreads.o
                0x0800ff90                chThdSleep
 .text.chThdSleepUntil
                0x0800ffc0       0x30 build/obj/chthreads.o
                0x0800ffc0                chThdSleepUntil
 .text.chThdExitS
                0x0800fff0       0x50 build/obj/chthreads.o
                0x0800fff0                chThdExitS
 .text.chThdExit
                0x08010040       0x20 build/obj/chthreads.o
                0x08010040                chThdExit
 .text.chThdWait
                0x08010060       0x80 build/obj/chthreads.o
                0x08010060                chThdWait
 .text.chThdRelease
                0x080100e0       0x80 build/obj/chdynamic.o
                0x080100e0                chThdRelease
 .text.chThdCreateFromHeap
                0x08010160       0x50 build/obj/chdynamic.o
                0x08010160                chThdCreateFromHeap
 .text.chSemInit
                0x080101b0       0x30 build/obj/chsem.o
                0x080101b0                chSemInit
 .text.chSemResetI
                0x080101e0       0x60 build/obj/chsem.o
                0x080101e0                chSemResetI
 .text.chSemWaitTimeoutS
                0x08010240       0x80 build/obj/chsem.o
                0x08010240                chSemWaitTimeoutS
 .text.chSemSignalI
                0x080102c0       0x60 build/obj/chsem.o
                0x080102c0                chSemSignalI
 .text.chMtxInit
                0x08010320       0x20 build/obj/chmtx.o
                0x08010320                chMtxInit
 .text.chMtxLockS
                0x08010340      0x100 build/obj/chmtx.o
                0x08010340                chMtxLockS
 .text.chMtxLock
                0x08010440       0x20 build/obj/chmtx.o
                0x08010440                chMtxLock
 .text.chMtxUnlock
                0x08010460       0x90 build/obj/chmtx.o
                0x08010460                chMtxUnlock
 .text.chEvtRegisterMask
                0x080104f0       0x50 build/obj/chevents.o
                0x080104f0                chEvtRegisterMask
 .text.chEvtUnregister
                0x08010540       0x50 build/obj/chevents.o
                0x08010540                chEvtUnregister
 .text.chEvtSignalI
                0x08010590       0x50 build/obj/chevents.o
                0x08010590                chEvtSignalI
 .text.chEvtBroadcastFlagsI
                0x080105e0       0x40 build/obj/chevents.o
                0x080105e0                chEvtBroadcastFlagsI
 .text.chEvtBroadcastFlags
                0x08010620       0x30 build/obj/chevents.o
                0x08010620                chEvtBroadcastFlags
 .text.chEvtWaitOne
                0x08010650       0x50 build/obj/chevents.o
                0x08010650                chEvtWaitOne
 .text.chEvtWaitOneTimeout
                0x080106a0       0x70 build/obj/chevents.o
                0x080106a0                chEvtWaitOneTimeout
 .text.chEvtWaitAnyTimeout
                0x08010710       0x70 build/obj/chevents.o
                0x08010710                chEvtWaitAnyTimeout
 .text.qwait    0x08010780       0x30 build/obj/chqueues.o
 .text.chIQInit
                0x080107b0       0x20 build/obj/chqueues.o
                0x080107b0                chIQInit
 .text.chIQPutI
                0x080107d0       0x60 build/obj/chqueues.o
                0x080107d0                chIQPutI
 .text.chIQGetTimeout
                0x08010830       0x70 build/obj/chqueues.o
                0x08010830                chIQGetTimeout
 .text.chIQReadTimeout
                0x080108a0       0xa0 build/obj/chqueues.o
                0x080108a0                chIQReadTimeout
 .text.chOQInit
                0x08010940       0x20 build/obj/chqueues.o
                0x08010940                chOQInit
 .text.chOQPutTimeout
                0x08010960       0x70 build/obj/chqueues.o
                0x08010960                chOQPutTimeout
 .text.chOQGetI
                0x080109d0       0x50 build/obj/chqueues.o
                0x080109d0                chOQGetI
 .text.chOQWriteTimeout
                0x08010a20       0xa0 build/obj/chqueues.o
                0x08010a20                chOQWriteTimeout
 .text._core_init
                0x08010ac0       0x30 build/obj/chmemcore.o
                0x08010ac0                _core_init
 .text.chCoreAllocI
                0x08010af0       0x30 build/obj/chmemcore.o
                0x08010af0                chCoreAllocI
 .text.chCoreAlloc
                0x08010b20       0x30 build/obj/chmemcore.o
                0x08010b20                chCoreAlloc
 .text.chCoreStatus
                0x08010b50       0x20 build/obj/chmemcore.o
                0x08010b50                chCoreStatus
 .text._heap_init
                0x08010b70       0x20 build/obj/chheap.o
                0x08010b70                _heap_init
 .text.chHeapAlloc
                0x08010b90       0x80 build/obj/chheap.o
                0x08010b90                chHeapAlloc
 .text.chHeapFree
                0x08010c10       0xd0 build/obj/chheap.o
                0x08010c10                chHeapFree
 .text.chPoolFreeI
                0x08010ce0       0x30 build/obj/chmempools.o
                0x08010ce0                chPoolFreeI
 .text.chPoolFree
                0x08010d10       0x30 build/obj/chmempools.o
                0x08010d10                chPoolFree
 .text.halInit  0x08010d40       0x40 build/obj/hal.o
                0x08010d40                halInit
 .text.canInit  0x08010d80       0x10 build/obj/can.o
                0x08010d80                canInit
 .text.canObjectInit
                0x08010d90       0x40 build/obj/can.o
                0x08010d90                canObjectInit
 .text.canStart
                0x08010dd0       0x70 build/obj/can.o
                0x08010dd0                canStart
 .text.canStop  0x08010e40       0x60 build/obj/can.o
                0x08010e40                canStop
 .text.canTransmit
                0x08010ea0       0xa0 build/obj/can.o
                0x08010ea0                canTransmit
 .text.canReceive
                0x08010f40       0x90 build/obj/can.o
                0x08010f40                canReceive
 .text.extInit  0x08010fd0       0x10 build/obj/ext.o
                0x08010fd0                extInit
 .text.extObjectInit
                0x08010fe0       0x10 build/obj/ext.o
                0x08010fe0                extObjectInit
 .text.extStart
                0x08010ff0       0x50 build/obj/ext.o
                0x08010ff0                extStart
 .text.i2cInit  0x08011040       0x10 build/obj/i2c.o
                0x08011040                i2cInit
 .text.i2cObjectInit
                0x08011050       0x10 build/obj/i2c.o
                0x08011050                i2cObjectInit
 .text.i2cStart
                0x08011060       0x50 build/obj/i2c.o
                0x08011060                i2cStart
 .text.i2cStop  0x080110b0       0x50 build/obj/i2c.o
                0x080110b0                i2cStop
 .text.i2cGetErrors
                0x08011100       0x20 build/obj/i2c.o
                0x08011100                i2cGetErrors
 .text.i2cMasterTransmitTimeout
                0x08011120       0x90 build/obj/i2c.o
                0x08011120                i2cMasterTransmitTimeout
 .text.i2cMasterReceiveTimeout
                0x080111b0       0x80 build/obj/i2c.o
                0x080111b0                i2cMasterReceiveTimeout
 .text.i2cAcquireBus
                0x08011230       0x30 build/obj/i2c.o
                0x08011230                i2cAcquireBus
 .text.i2cReleaseBus
                0x08011260       0x20 build/obj/i2c.o
                0x08011260                i2cReleaseBus
 .text.pwmInit  0x08011280       0x10 build/obj/pwm.o
                0x08011280                pwmInit
 .text.pwmObjectInit
                0x08011290       0x10 build/obj/pwm.o
                0x08011290                pwmObjectInit
 .text.pwmStart
                0x080112a0       0x50 build/obj/pwm.o
                0x080112a0                pwmStart
 .text.pwmEnableChannel
                0x080112f0       0x50 build/obj/pwm.o
                0x080112f0                pwmEnableChannel
 .text.readt    0x08011340       0x10 build/obj/serial.o
 .text.read     0x08011350       0x10 build/obj/serial.o
 .text.writet   0x08011360       0x10 build/obj/serial.o
 .text.write    0x08011370       0x10 build/obj/serial.o
 .text.gett     0x08011380       0x10 build/obj/serial.o
 .text.get      0x08011390       0x10 build/obj/serial.o
 .text.putt     0x080113a0       0x10 build/obj/serial.o
 .text.put      0x080113b0       0x10 build/obj/serial.o
 .text.sdInit   0x080113c0       0x10 build/obj/serial.o
                0x080113c0                sdInit
 .text.sdObjectInit
                0x080113d0       0x40 build/obj/serial.o
                0x080113d0                sdObjectInit
 .text.sdStart  0x08011410       0x50 build/obj/serial.o
                0x08011410                sdStart
 .text.sdIncomingDataI
                0x08011460       0x50 build/obj/serial.o
                0x08011460                sdIncomingDataI
 .text.spiInit  0x080114b0       0x10 build/obj/spi.o
                0x080114b0                spiInit
 .text.spiObjectInit
                0x080114c0       0x10 build/obj/spi.o
                0x080114c0                spiObjectInit
 .text.spiStart
                0x080114d0       0x50 build/obj/spi.o
                0x080114d0                spiStart
 .text.spiSelect
                0x08011520       0x40 build/obj/spi.o
                0x08011520                spiSelect
 .text.spiUnselect
                0x08011560       0x40 build/obj/spi.o
                0x08011560                spiUnselect
 .text.spiExchange
                0x080115a0       0x90 build/obj/spi.o
                0x080115a0                spiExchange
 .text.spiSend  0x08011630       0x80 build/obj/spi.o
                0x08011630                spiSend
 .text.spiAcquireBus
                0x080116b0       0x30 build/obj/spi.o
                0x080116b0                spiAcquireBus
 .text.spiReleaseBus
                0x080116e0       0x20 build/obj/spi.o
                0x080116e0                spiReleaseBus
 .text.tm_start
                0x08011700       0x10 build/obj/tm.o
 .text.tm_stop  0x08011710       0x30 build/obj/tm.o
 .text.tmInit   0x08011740       0x40 build/obj/tm.o
                0x08011740                tmInit
 .text.qeiInit  0x08011780       0x10 build/obj/qei.o
                0x08011780                qeiInit
 .text.qeiObjectInit
                0x08011790       0x10 build/obj/qei.o
                0x08011790                qeiObjectInit
 .text.qeiStart
                0x080117a0       0x50 build/obj/qei.o
                0x080117a0                qeiStart
 .text.qeiEnable
                0x080117f0       0x50 build/obj/qei.o
                0x080117f0                qeiEnable
 .text.Vector6C
                0x08011840       0x30 build/obj/stm32_dma.o
                0x08011840                Vector6C
 .text.Vector70
                0x08011870       0x30 build/obj/stm32_dma.o
                0x08011870                Vector70
 .text.Vector74
                0x080118a0       0x30 build/obj/stm32_dma.o
                0x080118a0                Vector74
 .text.Vector78
                0x080118d0       0x30 build/obj/stm32_dma.o
                0x080118d0                Vector78
 .text.Vector7C
                0x08011900       0x30 build/obj/stm32_dma.o
                0x08011900                Vector7C
 .text.Vector80
                0x08011930       0x30 build/obj/stm32_dma.o
                0x08011930                Vector80
 .text.Vector84
                0x08011960       0x30 build/obj/stm32_dma.o
                0x08011960                Vector84
 .text.Vector120
                0x08011990       0x30 build/obj/stm32_dma.o
                0x08011990                Vector120
 .text.Vector124
                0x080119c0       0x30 build/obj/stm32_dma.o
                0x080119c0                Vector124
 .text.Vector128
                0x080119f0       0x30 build/obj/stm32_dma.o
                0x080119f0                Vector128
 .text.Vector12C
                0x08011a20       0x50 build/obj/stm32_dma.o
                0x08011a20                Vector12C
 .text.dmaInit  0x08011a70       0x50 build/obj/stm32_dma.o
                0x08011a70                dmaInit
 .text.dmaStreamAllocate
                0x08011ac0       0xb0 build/obj/stm32_dma.o
                0x08011ac0                dmaStreamAllocate
 .text.hal_lld_init
                0x08011b70       0x70 build/obj/hal_lld.o
                0x08011b70                hal_lld_init
 .text.stm32_clock_init
                0x08011be0       0x90 build/obj/hal_lld.o
                0x08011be0                stm32_clock_init
 .text.Vector58
                0x08011c70       0x30 build/obj/ext_lld_isr.o
                0x08011c70                Vector58
 .text.Vector5C
                0x08011ca0       0x30 build/obj/ext_lld_isr.o
                0x08011ca0                Vector5C
 .text.Vector60
                0x08011cd0       0x30 build/obj/ext_lld_isr.o
                0x08011cd0                Vector60
 .text.Vector64
                0x08011d00       0x30 build/obj/ext_lld_isr.o
                0x08011d00                Vector64
 .text.Vector68
                0x08011d30       0x30 build/obj/ext_lld_isr.o
                0x08011d30                Vector68
 .text.Vector9C
                0x08011d60       0x80 build/obj/ext_lld_isr.o
                0x08011d60                Vector9C
 .text.VectorE0
                0x08011de0       0x90 build/obj/ext_lld_isr.o
                0x08011de0                VectorE0
 .text.Vector44
                0x08011e70       0x30 build/obj/ext_lld_isr.o
                0x08011e70                Vector44
 .text.VectorE4
                0x08011ea0       0x30 build/obj/ext_lld_isr.o
                0x08011ea0                VectorE4
 .text.VectorE8
                0x08011ed0       0x30 build/obj/ext_lld_isr.o
                0x08011ed0                VectorE8
 .text.ext_lld_exti_irq_enable
                0x08011f00       0x60 build/obj/ext_lld_isr.o
                0x08011f00                ext_lld_exti_irq_enable
 .text.can_lld_set_filters
                0x08011f60      0x110 build/obj/can_lld.o
 .text.Vector8C
                0x08012070       0x60 build/obj/can_lld.o
                0x08012070                Vector8C
 .text.Vector90
                0x080120d0       0x90 build/obj/can_lld.o
                0x080120d0                Vector90
 .text.Vector94
                0x08012160       0x90 build/obj/can_lld.o
                0x08012160                Vector94
 .text.Vector98
                0x080121f0       0x90 build/obj/can_lld.o
                0x080121f0                Vector98
 .text.can_lld_init
                0x08012280       0x30 build/obj/can_lld.o
                0x08012280                can_lld_init
 .text.can_lld_start
                0x080122b0       0x80 build/obj/can_lld.o
                0x080122b0                can_lld_start
 .text.can_lld_stop
                0x08012330       0x50 build/obj/can_lld.o
                0x08012330                can_lld_stop
 .text.can_lld_is_tx_empty
                0x08012380       0x40 build/obj/can_lld.o
                0x08012380                can_lld_is_tx_empty
 .text.can_lld_transmit
                0x080123c0       0x80 build/obj/can_lld.o
                0x080123c0                can_lld_transmit
 .text.can_lld_is_rx_nonempty
                0x08012440       0x40 build/obj/can_lld.o
                0x08012440                can_lld_is_rx_nonempty
 .text.can_lld_receive
                0x08012480       0xd0 build/obj/can_lld.o
                0x08012480                can_lld_receive
 .text.ext_lld_init
                0x08012550       0x10 build/obj/ext_lld.o
                0x08012550                ext_lld_init
 .text.ext_lld_channel_enable
                0x08012560       0x90 build/obj/ext_lld.o
                0x08012560                ext_lld_channel_enable
 .text.ext_lld_channel_disable
                0x080125f0       0x30 build/obj/ext_lld.o
                0x080125f0                ext_lld_channel_disable
 .text.ext_lld_start
                0x08012620       0x40 build/obj/ext_lld.o
                0x08012620                ext_lld_start
 .text._pal_lld_init
                0x08012660       0xa0 build/obj/pal_lld.o
                0x08012660                _pal_lld_init
 .text._pal_lld_setgroupmode
                0x08012700       0x70 build/obj/pal_lld.o
                0x08012700                _pal_lld_setgroupmode
 .text.i2c_lld_serve_event_interrupt
                0x08012770      0x220 build/obj/i2c_lld.o
 .text.i2c_lld_serve_error_interrupt
                0x08012990       0xa0 build/obj/i2c_lld.o
 .text.i2c_lld_safety_timeout
                0x08012a30       0x40 build/obj/i2c_lld.o
 .text.VectorBC
                0x08012a70       0x20 build/obj/i2c_lld.o
                0x08012a70                VectorBC
 .text.VectorC0
                0x08012a90       0x40 build/obj/i2c_lld.o
                0x08012a90                VectorC0
 .text.VectorC4
                0x08012ad0       0x20 build/obj/i2c_lld.o
                0x08012ad0                VectorC4
 .text.VectorC8
                0x08012af0       0x40 build/obj/i2c_lld.o
                0x08012af0                VectorC8
 .text.i2c_lld_init
                0x08012b30       0x40 build/obj/i2c_lld.o
                0x08012b30                i2c_lld_init
 .text.i2c_lld_start
                0x08012b70      0x230 build/obj/i2c_lld.o
                0x08012b70                i2c_lld_start
 .text.i2c_lld_stop
                0x08012da0       0x70 build/obj/i2c_lld.o
                0x08012da0                i2c_lld_stop
 .text.i2c_lld_master_receive_timeout
                0x08012e10      0x100 build/obj/i2c_lld.o
                0x08012e10                i2c_lld_master_receive_timeout
 .text.i2c_lld_master_transmit_timeout
                0x08012f10      0x110 build/obj/i2c_lld.o
                0x08012f10                i2c_lld_master_transmit_timeout
 .text.spi_lld_serve_tx_interrupt
                0x08013020       0x20 build/obj/spi_lld.o
 .text.spi_lld_serve_rx_interrupt
                0x08013040       0x80 build/obj/spi_lld.o
 .text.spi_lld_init
                0x080130c0       0x70 build/obj/spi_lld.o
                0x080130c0                spi_lld_init
 .text.spi_lld_start
                0x08013130      0x100 build/obj/spi_lld.o
                0x08013130                spi_lld_start
 .text.spi_lld_select
                0x08013230       0x10 build/obj/spi_lld.o
                0x08013230                spi_lld_select
 .text.spi_lld_unselect
                0x08013240       0x10 build/obj/spi_lld.o
                0x08013240                spi_lld_unselect
 .text.spi_lld_exchange
                0x08013250       0x40 build/obj/spi_lld.o
                0x08013250                spi_lld_exchange
 .text.spi_lld_send
                0x08013290       0x40 build/obj/spi_lld.o
                0x08013290                spi_lld_send
 .text.VectorB0
                0x080132d0       0x70 build/obj/pwm_lld.o
                0x080132d0                VectorB0
 .text.pwm_lld_init
                0x08013340       0x20 build/obj/pwm_lld.o
                0x08013340                pwm_lld_init
 .text.pwm_lld_start
                0x08013360      0x110 build/obj/pwm_lld.o
                0x08013360                pwm_lld_start
 .text.pwm_lld_enable_channel
                0x08013470       0x40 build/obj/pwm_lld.o
                0x08013470                pwm_lld_enable_channel
 .text.notify1  0x080134b0       0x20 build/obj/serial_lld.o
 .text.VectorD4
                0x080134d0      0x160 build/obj/serial_lld.o
                0x080134d0                VectorD4
 .text.sd_lld_init
                0x08013630       0x30 build/obj/serial_lld.o
                0x08013630                sd_lld_init
 .text.sd_lld_start
                0x08013660       0x80 build/obj/serial_lld.o
                0x08013660                sd_lld_start
 .text.qei_lld_init
                0x080136e0       0x30 build/obj/qei_lld.o
                0x080136e0                qei_lld_init
 .text.qei_lld_start
                0x08013710       0xd0 build/obj/qei_lld.o
                0x08013710                qei_lld_start
 .text.qei_lld_enable
                0x080137e0       0x10 build/obj/qei_lld.o
                0x080137e0                qei_lld_enable
 .text.__early_init
                0x080137f0       0x10 build/obj/board.o
                0x080137f0                __early_init
 .text.boardInit
                0x08013800       0x10 build/obj/board.o
                0x08013800                boardInit
 .text.boardWriteLed
                0x08013810       0x20 build/obj/board.o
                0x08013810                boardWriteLed
 .text.boardWakeup
                0x08013830       0x20 build/obj/board.o
                0x08013830                boardWakeup
 .text.boardClearI2CBus
                0x08013850       0xe0 build/obj/board.o
                0x08013850                boardClearI2CBus
 .text.tmrcb    0x08013930       0x40 build/obj/evtimer.o
 .text.evtStart
                0x08013970       0x40 build/obj/evtimer.o
                0x08013970                evtStart
 .text.evtStop  0x080139b0       0x30 build/obj/evtimer.o
                0x080139b0                evtStop
 .text._read_r  0x080139e0       0x10 build/obj/syscalls.o
                0x080139e0                _read_r
 .text._lseek_r
                0x080139f0       0x10 build/obj/syscalls.o
                0x080139f0                _lseek_r
 .text._write_r
                0x08013a00       0x10 build/obj/syscalls.o
                0x08013a00                _write_r
 .text._close_r
                0x08013a10       0x10 build/obj/syscalls.o
                0x08013a10                _close_r
 .text._sbrk_r  0x08013a20       0x30 build/obj/syscalls.o
                0x08013a20                _sbrk_r
 .text._fstat_r
                0x08013a50       0x20 build/obj/syscalls.o
                0x08013a50                _fstat_r
 .text._isatty_r
                0x08013a70       0x10 build/obj/syscalls.o
                0x08013a70                _isatty_r
 .text.long_to_string_with_divisor
                0x08013a80       0x50 build/obj/chprintf.o
 .text.chvprintf
                0x08013ad0      0x350 build/obj/chprintf.o
                0x08013ad0                chvprintf
 .text.chprintf
                0x08013e20       0x20 build/obj/shell.o
 .text.cmd_systime
                0x08013e40       0x30 build/obj/shell.o
 .text.cmd_info
                0x08013e70       0xc0 build/obj/shell.o
 .text._strtok.constprop.2
                0x08013f30       0x40 build/obj/shell.o
 .text.shellExit
                0x08013f70       0x30 build/obj/shell.o
                0x08013f70                shellExit
 .text.shellCreate
                0x08013fa0       0x20 build/obj/shell.o
                0x08013fa0                shellCreate
 .text.shellGetLine
                0x08013fc0       0xa0 build/obj/shell.o
                0x08013fc0                shellGetLine
 .text.shell_thread
                0x08014060      0x1a0 build/obj/shell.o
 .text._getpid  0x08014200       0x10 build/obj/stubs.o
                0x08014200                _getpid
 .text._exit    0x08014210       0x10 build/obj/stubs.o
                0x08014210                _exit
 .text._kill    0x08014220       0x10 build/obj/stubs.o
                0x08014220                _kill
 .text.haltErrorCode
                0x08014230       0xb0 build/obj/Debug.o
                0x08014230                haltErrorCode
 .text._ZN10chibios_rt10BaseThread5startEm
                0x080142e0       0x10 build/obj/ch.o
                0x080142e0                chibios_rt::BaseThread::start(unsigned long)
 .text._ZN10chibios_rt15ThreadReference4stopEv
                0x080142f0       0x10 build/obj/ch.o
                0x080142f0                chibios_rt::ThreadReference::stop()
 .text._ZN10chibios_rt6System4initEv
                0x08014300       0x10 build/obj/ch.o
                0x08014300                chibios_rt::System::init()
 .text._ZN10chibios_rt6System7getTimeEv
                0x08014310       0x10 build/obj/ch.o
                0x08014310                chibios_rt::System::getTime()
 .text._ZN10chibios_rt15ThreadReference16requestTerminateEv
                0x08014320       0x30 build/obj/ch.o
                0x08014320                chibios_rt::ThreadReference::requestTerminate()
 .text._ZN10chibios_rt15ThreadReference4waitEv
                0x08014350       0x30 build/obj/ch.o
                0x08014350                chibios_rt::ThreadReference::wait()
 .text._ZN10chibios_rt10BaseThreadC2Ev
                0x08014380       0x10 build/obj/ch.o
                0x08014380                chibios_rt::BaseThread::BaseThread()
                0x08014380                chibios_rt::BaseThread::BaseThread()
 .text._ZN10chibios_rt10_thd_startEPv
                0x08014390       0x10 build/obj/ch.o
                0x08014390                chibios_rt::_thd_start(void*)
 .text._ZN10chibios_rt10BaseThread7setNameEPKc
                0x080143a0       0x10 build/obj/ch.o
                0x080143a0                chibios_rt::BaseThread::setName(char const*)
 .text._ZN10chibios_rt10BaseThread15shouldTerminateEv
                0x080143b0       0x20 build/obj/ch.o
                0x080143b0                chibios_rt::BaseThread::shouldTerminate()
 .text._ZN10chibios_rt10BaseThread5sleepEm
                0x080143d0       0x10 build/obj/ch.o
                0x080143d0                chibios_rt::BaseThread::sleep(unsigned long)
 .text._ZN10chibios_rt10BaseThread12waitOneEventEm
                0x080143e0       0x10 build/obj/ch.o
                0x080143e0                chibios_rt::BaseThread::waitOneEvent(unsigned long)
 .text._ZN10chibios_rt10BaseThread19waitOneEventTimeoutEmm
                0x080143f0       0x10 build/obj/ch.o
                0x080143f0                chibios_rt::BaseThread::waitOneEventTimeout(unsigned long, unsigned long)
 .text._ZN10chibios_rt10BaseThread19waitAnyEventTimeoutEmm
                0x08014400       0x10 build/obj/ch.o
                0x08014400                chibios_rt::BaseThread::waitAnyEventTimeout(unsigned long, unsigned long)
 .text._ZN10chibios_rt9EvtSourceC2Ev
                0x08014410       0x10 build/obj/ch.o
                0x08014410                chibios_rt::EvtSource::EvtSource()
                0x08014410                chibios_rt::EvtSource::EvtSource()
 .text._ZN10chibios_rt9EvtSource11registerOneEPNS_11EvtListenerEl
                0x08014420       0x10 build/obj/ch.o
                0x08014420                chibios_rt::EvtSource::registerOne(chibios_rt::EvtListener*, long)
 .text._ZN10chibios_rt9EvtSource10unregisterEPNS_11EvtListenerE
                0x08014430       0x10 build/obj/ch.o
                0x08014430                chibios_rt::EvtSource::unregister(chibios_rt::EvtListener*)
 .text._ZN10chibios_rt9EvtSource14broadcastFlagsEm
                0x08014440       0x10 build/obj/ch.o
                0x08014440                chibios_rt::EvtSource::broadcastFlags(unsigned long)
 .text._ZN5amiro11HWSPIDriverD2Ev
                0x08014450       0x10 build/obj/HWSPIDriver.o
                0x08014450                amiro::HWSPIDriver::~HWSPIDriver()
                0x08014450                amiro::HWSPIDriver::~HWSPIDriver()
 .text._ZN5amiro11HWSPIDriverD0Ev
                0x08014460       0x20 build/obj/HWSPIDriver.o
                0x08014460                amiro::HWSPIDriver::~HWSPIDriver()
 .text._ZN5amiro11HWSPIDriverC2EP9SPIDriverPK9SPIConfig
                0x08014480       0x20 build/obj/HWSPIDriver.o
                0x08014480                amiro::HWSPIDriver::HWSPIDriver(SPIDriver*, SPIConfig const*)
                0x08014480                amiro::HWSPIDriver::HWSPIDriver(SPIDriver*, SPIConfig const*)
 .text._ZN5amiro11HWSPIDriver8exchangeEPhPKhj
                0x080144a0       0x40 build/obj/HWSPIDriver.o
                0x080144a0                amiro::HWSPIDriver::exchange(unsigned char*, unsigned char const*, unsigned int)
 .text._ZN5amiro11HWSPIDriver5writeEPKhj
                0x080144e0       0x40 build/obj/HWSPIDriver.o
                0x080144e0                amiro::HWSPIDriver::write(unsigned char const*, unsigned int)
 .text._ZN5amiro9I2CDriverD2Ev
                0x08014520       0x10 build/obj/HWI2CDriver.o
                0x08014520                amiro::I2CDriver::~I2CDriver()
                0x08014520                amiro::I2CDriver::~I2CDriver()
 .text._ZN5amiro11HWI2CDriverD2Ev
                0x08014530       0x10 build/obj/HWI2CDriver.o
                0x08014530                amiro::HWI2CDriver::~HWI2CDriver()
                0x08014530                amiro::HWI2CDriver::~HWI2CDriver()
 .text._ZN5amiro9I2CDriverD0Ev
                0x08014540       0x20 build/obj/HWI2CDriver.o
                0x08014540                amiro::I2CDriver::~I2CDriver()
 .text._ZN5amiro11HWI2CDriverD0Ev
                0x08014560       0x20 build/obj/HWI2CDriver.o
                0x08014560                amiro::HWI2CDriver::~HWI2CDriver()
 .text._ZN5amiro11HWI2CDriver5startEPK9I2CConfig
                0x08014580       0x10 build/obj/HWI2CDriver.o
                0x08014580                amiro::HWI2CDriver::start(I2CConfig const*)
 .text._ZN5amiro11HWI2CDriver4stopEv
                0x08014590       0x10 build/obj/HWI2CDriver.o
                0x08014590                amiro::HWI2CDriver::stop()
 .text._ZN5amiro11HWI2CDriver9getErrorsEv
                0x080145a0       0x10 build/obj/HWI2CDriver.o
                0x080145a0                amiro::HWI2CDriver::getErrors()
 .text._ZN5amiro11HWI2CDriver14masterTransmitEPKNS_11I2CTxParamsEm
                0x080145b0       0x30 build/obj/HWI2CDriver.o
                0x080145b0                amiro::HWI2CDriver::masterTransmit(amiro::I2CTxParams const*, unsigned long)
 .text._ZN5amiro11HWI2CDriver13masterReceiveEPKNS_11I2CRxParamsEm
                0x080145e0       0x20 build/obj/HWI2CDriver.o
                0x080145e0                amiro::HWI2CDriver::masterReceive(amiro::I2CRxParams const*, unsigned long)
 .text._ZN5amiro11HWI2CDriver10acquireBusEv
                0x08014600       0x10 build/obj/HWI2CDriver.o
                0x08014600                amiro::HWI2CDriver::acquireBus()
 .text._ZN5amiro11HWI2CDriver10releaseBusEv
                0x08014610       0x10 build/obj/HWI2CDriver.o
                0x08014610                amiro::HWI2CDriver::releaseBus()
 .text._ZN5amiro11HWI2CDriverC2EP9I2CDriver
                0x08014620       0x10 build/obj/HWI2CDriver.o
                0x08014620                amiro::HWI2CDriver::HWI2CDriver(I2CDriver*)
                0x08014620                amiro::HWI2CDriver::HWI2CDriver(I2CDriver*)
 .text._ZN5amiro14I2CMultiplexer9getErrorsEv
                0x08014630       0x10 build/obj/I2CMultiplexer.o
                0x08014630                amiro::I2CMultiplexer::getErrors()
 .text._ZN5amiro14I2CMultiplexer14masterTransmitEPKNS_11I2CTxParamsEm
                0x08014640       0x10 build/obj/I2CMultiplexer.o
                0x08014640                amiro::I2CMultiplexer::masterTransmit(amiro::I2CTxParams const*, unsigned long)
 .text._ZN5amiro14I2CMultiplexer13masterReceiveEPKNS_11I2CRxParamsEm
                0x08014650       0x10 build/obj/I2CMultiplexer.o
                0x08014650                amiro::I2CMultiplexer::masterReceive(amiro::I2CRxParams const*, unsigned long)
 .text._ZN5amiro14I2CMultiplexer10acquireBusEv
                0x08014660       0x20 build/obj/I2CMultiplexer.o
                0x08014660                amiro::I2CMultiplexer::acquireBus()
 .text._ZN5amiro14I2CMultiplexer10releaseBusEv
                0x08014680       0x20 build/obj/I2CMultiplexer.o
                0x08014680                amiro::I2CMultiplexer::releaseBus()
 .text._ZN5amiro14I2CMultiplexerC2EPNS_9I2CDriverE
                0x080146a0       0x20 build/obj/I2CMultiplexer.o
                0x080146a0                amiro::I2CMultiplexer::I2CMultiplexer(amiro::I2CDriver*)
                0x080146a0                amiro::I2CMultiplexer::I2CMultiplexer(amiro::I2CDriver*)
 .text._ZN5amiro14I2CMultiplexerD2Ev
                0x080146c0       0x10 build/obj/I2CMultiplexer.o
                0x080146c0                amiro::I2CMultiplexer::~I2CMultiplexer()
                0x080146c0                amiro::I2CMultiplexer::~I2CMultiplexer()
 .text._ZN5amiro10VI2CDriverD2Ev
                0x080146d0       0x10 build/obj/VI2CDriver.o
                0x080146d0                amiro::VI2CDriver::~VI2CDriver()
                0x080146d0                amiro::VI2CDriver::~VI2CDriver()
 .text._ZN5amiro10VI2CDriver5startEPK9I2CConfig
                0x080146e0       0x10 build/obj/VI2CDriver.o
                0x080146e0                amiro::VI2CDriver::start(I2CConfig const*)
 .text._ZN5amiro10VI2CDriver4stopEv
                0x080146f0       0x10 build/obj/VI2CDriver.o
                0x080146f0                amiro::VI2CDriver::stop()
 .text._ZN5amiro10VI2CDriver9getErrorsEv
                0x08014700       0x10 build/obj/VI2CDriver.o
                0x08014700                amiro::VI2CDriver::getErrors()
 .text._ZN5amiro10VI2CDriver14masterTransmitEPKNS_11I2CTxParamsEm
                0x08014710       0x40 build/obj/VI2CDriver.o
                0x08014710                amiro::VI2CDriver::masterTransmit(amiro::I2CTxParams const*, unsigned long)
 .text._ZN5amiro10VI2CDriver13masterReceiveEPKNS_11I2CRxParamsEm
                0x08014750       0x40 build/obj/VI2CDriver.o
                0x08014750                amiro::VI2CDriver::masterReceive(amiro::I2CRxParams const*, unsigned long)
 .text._ZN5amiro10VI2CDriverD0Ev
                0x08014790       0x20 build/obj/VI2CDriver.o
                0x08014790                amiro::VI2CDriver::~VI2CDriver()
 .text._ZN5amiro10VI2CDriver10acquireBusEv
                0x080147b0       0x10 build/obj/VI2CDriver.o
                0x080147b0                amiro::VI2CDriver::acquireBus()
 .text._ZN5amiro10VI2CDriver10releaseBusEv
                0x080147c0       0x10 build/obj/VI2CDriver.o
                0x080147c0                amiro::VI2CDriver::releaseBus()
 .text._ZN5amiro10VI2CDriverC2EPNS_14I2CMultiplexerEh
                0x080147d0       0x20 build/obj/VI2CDriver.o
                0x080147d0                amiro::VI2CDriver::VI2CDriver(amiro::I2CMultiplexer*, unsigned char)
                0x080147d0                amiro::VI2CDriver::VI2CDriver(amiro::I2CMultiplexer*, unsigned char)
 .text._ZN5amiro8VCNL4020D2Ev
                0x080147f0       0x10 build/obj/vcnl4020.o
                0x080147f0                amiro::VCNL4020::~VCNL4020()
                0x080147f0                amiro::VCNL4020::~VCNL4020()
 .text._ZN5amiro8VCNL4020D0Ev
                0x08014800       0x20 build/obj/vcnl4020.o
                0x08014800                amiro::VCNL4020::~VCNL4020()
 .text._ZN10chibios_rt16BaseStaticThreadILi256EE5startEm
                0x08014820       0x30 build/obj/vcnl4020.o
                0x08014820                chibios_rt::BaseStaticThread<256>::start(unsigned long)
 .text._ZN5amiro8VCNL4020C2EPNS_9I2CDriverEPKNS0_14VCNL4020ConfigE
                0x08014850       0x40 build/obj/vcnl4020.o
                0x08014850                amiro::VCNL4020::VCNL4020(amiro::I2CDriver*, amiro::VCNL4020::VCNL4020Config const*)
                0x08014850                amiro::VCNL4020::VCNL4020(amiro::I2CDriver*, amiro::VCNL4020::VCNL4020Config const*)
 .text._ZN5amiro8VCNL402015getAmbientLightEv
                0x08014890       0x10 build/obj/vcnl4020.o
                0x08014890                amiro::VCNL4020::getAmbientLight()
 .text._ZN5amiro8VCNL402018setProximityOffsetEt
                0x080148a0       0x10 build/obj/vcnl4020.o
                0x080148a0                amiro::VCNL4020::setProximityOffset(unsigned short)
 .text._ZN5amiro8VCNL402018getProximityOffsetEv
                0x080148b0       0x10 build/obj/vcnl4020.o
                0x080148b0                amiro::VCNL4020::getProximityOffset()
 .text._ZN5amiro8VCNL402012getProximityEv
                0x080148c0       0x10 build/obj/vcnl4020.o
                0x080148c0                amiro::VCNL4020::getProximity()
 .text._ZN5amiro8VCNL402026getProximityScaledWoOffsetEv
                0x080148d0       0x40 build/obj/vcnl4020.o
                0x080148d0                amiro::VCNL4020::getProximityScaledWoOffset()
 .text._ZN5amiro8VCNL40208getCheckEv
                0x08014910       0x60 build/obj/vcnl4020.o
                0x08014910                amiro::VCNL4020::getCheck()
 .text._ZN5amiro8VCNL402015calibrateOffsetERt
                0x08014970       0x50 build/obj/vcnl4020.o
                0x08014970                amiro::VCNL4020::calibrateOffset(unsigned short&)
 .text._ZN5amiro8VCNL40209calibrateEv
                0x080149c0       0x20 build/obj/vcnl4020.o
                0x080149c0                amiro::VCNL4020::calibrate()
 .text._ZN5amiro8HMC5883LD2Ev
                0x080149e0       0x10 build/obj/hmc5883l.o
                0x080149e0                amiro::HMC5883L::~HMC5883L()
                0x080149e0                amiro::HMC5883L::~HMC5883L()
 .text._ZN5amiro8HMC5883LD0Ev
                0x080149f0       0x20 build/obj/hmc5883l.o
                0x080149f0                amiro::HMC5883L::~HMC5883L()
 .text._ZN5amiro8HMC5883LC2EPNS_9I2CDriverEPKNS0_14HMC5883LConfigE
                0x08014a10       0x30 build/obj/hmc5883l.o
                0x08014a10                amiro::HMC5883L::HMC5883L(amiro::I2CDriver*, amiro::HMC5883L::HMC5883LConfig const*)
                0x08014a10                amiro::HMC5883L::HMC5883L(amiro::I2CDriver*, amiro::HMC5883L::HMC5883LConfig const*)
 .text._ZN5amiro8HMC5883L21getMagnetizationGaussEh
                0x08014a40       0xb0 build/obj/hmc5883l.o
                0x08014a40                amiro::HMC5883L::getMagnetizationGauss(unsigned char)
 .text._ZN5amiro8HMC5883L8getCheckEv
                0x08014af0       0x70 build/obj/hmc5883l.o
                0x08014af0                amiro::HMC5883L::getCheck()
 .text._ZN5amiro8HMC5883L9writeConfEv
                0x08014b60       0x60 build/obj/hmc5883l.o
                0x08014b60                amiro::HMC5883L::writeConf()
 .text._ZN5amiro9LIS331DLHD2Ev
                0x08014bc0       0x10 build/obj/lis331dlh.o
                0x08014bc0                amiro::LIS331DLH::~LIS331DLH()
                0x08014bc0                amiro::LIS331DLH::~LIS331DLH()
 .text._ZN5amiro9LIS331DLHD0Ev
                0x08014bd0       0x20 build/obj/lis331dlh.o
                0x08014bd0                amiro::LIS331DLH::~LIS331DLH()
 .text._ZN5amiro9LIS331DLHC2EPNS_11HWSPIDriverE
                0x08014bf0       0x30 build/obj/lis331dlh.o
                0x08014bf0                amiro::LIS331DLH::LIS331DLH(amiro::HWSPIDriver*)
                0x08014bf0                amiro::LIS331DLH::LIS331DLH(amiro::HWSPIDriver*)
 .text._ZN5amiro9LIS331DLH20getAccelerationForceEh
                0x08014c20       0x30 build/obj/lis331dlh.o
                0x08014c20                amiro::LIS331DLH::getAccelerationForce(unsigned char)
 .text._ZN5amiro9LIS331DLH9configureEPNS0_15LIS331DLHConfigE
                0x08014c50       0xe0 build/obj/lis331dlh.o
                0x08014c50                amiro::LIS331DLH::configure(amiro::LIS331DLH::LIS331DLHConfig*)
 .text._ZN5amiro9LIS331DLH8getCheckEv
                0x08014d30       0x30 build/obj/lis331dlh.o
                0x08014d30                amiro::LIS331DLH::getCheck()
 .text._ZN5amiro8L3G4200DD2Ev
                0x08014d60       0x10 build/obj/l3g4200d.o
                0x08014d60                amiro::L3G4200D::~L3G4200D()
                0x08014d60                amiro::L3G4200D::~L3G4200D()
 .text._ZN5amiro8L3G4200DD0Ev
                0x08014d70       0x20 build/obj/l3g4200d.o
                0x08014d70                amiro::L3G4200D::~L3G4200D()
 .text._ZL8chprintfP20BaseSequentialStreamPKcz.constprop.0
                0x08014d90       0x30 build/obj/l3g4200d.o
 .text._ZN5amiro8L3G4200DC2EPNS_11HWSPIDriverE
                0x08014dc0       0x40 build/obj/l3g4200d.o
                0x08014dc0                amiro::L3G4200D::L3G4200D(amiro::HWSPIDriver*)
                0x08014dc0                amiro::L3G4200D::L3G4200D(amiro::HWSPIDriver*)
 .text._ZN5amiro8L3G4200D14getAngularRateEh
                0x08014e00       0x10 build/obj/l3g4200d.o
                0x08014e00                amiro::L3G4200D::getAngularRate(unsigned char)
 .text._ZN5amiro8L3G4200D9configureEPKNS0_14L3G4200DConfigE
                0x08014e10      0x120 build/obj/l3g4200d.o
                0x08014e10                amiro::L3G4200D::configure(amiro::L3G4200D::L3G4200DConfig const*)
 .text._ZN5amiro8L3G4200D8getCheckEv
                0x08014f30       0x30 build/obj/l3g4200d.o
                0x08014f30                amiro::L3G4200D::getCheck()
 .text._ZN5amiro6INA2196DriverD2Ev
                0x08014f60       0x20 build/obj/ina219.o
                0x08014f60                amiro::INA219::Driver::~Driver()
                0x08014f60                amiro::INA219::Driver::~Driver()
 .text._ZN5amiro6INA2196Driver11calibrationEPNS0_9CalibDataE
                0x08014f80      0x100 build/obj/ina219.o
                0x08014f80                amiro::INA219::Driver::calibration(amiro::INA219::CalibData*)
 .text._ZN5amiro10BaseSensorINS_6INA2198InitDataENS1_9CalibDataEED2Ev
                0x08015080       0x10 build/obj/ina219.o
                0x08015080                amiro::BaseSensor<amiro::INA219::InitData, amiro::INA219::CalibData>::~BaseSensor()
                0x08015080                amiro::BaseSensor<amiro::INA219::InitData, amiro::INA219::CalibData>::~BaseSensor()
 .text._ZN5amiro10BaseSensorINS_6INA2198InitDataENS1_9CalibDataEE4initEPS2_
                0x08015090       0x10 build/obj/ina219.o
                0x08015090                amiro::BaseSensor<amiro::INA219::InitData, amiro::INA219::CalibData>::init(amiro::INA219::InitData*)
 .text._ZN5amiro10BaseSensorINS_6INA2198InitDataENS1_9CalibDataEE9hibernateEv
                0x080150a0       0x10 build/obj/ina219.o
                0x080150a0                amiro::BaseSensor<amiro::INA219::InitData, amiro::INA219::CalibData>::hibernate()
 .text._ZN5amiro10BaseSensorINS_6INA2198InitDataENS1_9CalibDataEE11calibrationEPS3_
                0x080150b0       0x10 build/obj/ina219.o
                0x080150b0                amiro::BaseSensor<amiro::INA219::InitData, amiro::INA219::CalibData>::calibration(amiro::INA219::CalibData*)
 .text._ZN5amiro10BaseSensorINS_6INA2198InitDataENS1_9CalibDataEE8selftestEv
                0x080150c0       0x10 build/obj/ina219.o
                0x080150c0                amiro::BaseSensor<amiro::INA219::InitData, amiro::INA219::CalibData>::selftest()
 .text._ZN5amiro6INA2196DriverD0Ev
                0x080150d0       0x20 build/obj/ina219.o
                0x080150d0                amiro::INA219::Driver::~Driver()
 .text._ZN5amiro10BaseSensorINS_6INA2198InitDataENS1_9CalibDataEED0Ev
                0x080150f0       0x20 build/obj/ina219.o
                0x080150f0                amiro::BaseSensor<amiro::INA219::InitData, amiro::INA219::CalibData>::~BaseSensor()
 .text._ZThn8_N5amiro6INA2196Driver4mainEv
                0x08015110       0x10 build/obj/ina219.o
                0x08015110                non-virtual thunk to amiro::INA219::Driver::main()
 .text._ZL8chprintfP20BaseSequentialStreamPKcz.constprop.3
                0x08015120       0x30 build/obj/ina219.o
 .text._ZN5amiro6INA2196DriverC2ERNS_9I2CDriverEh
                0x08015150       0x80 build/obj/ina219.o
                0x08015150                amiro::INA219::Driver::Driver(amiro::I2CDriver&, unsigned char)
                0x08015150                amiro::INA219::Driver::Driver(amiro::I2CDriver&, unsigned char)
 .text._ZN5amiro6INA2196Driver12readRegisterENS1_15RegisterAddressERt
                0x080151d0       0xb0 build/obj/ina219.o
                0x080151d0                amiro::INA219::Driver::readRegister(amiro::INA219::Driver::RegisterAddress, unsigned short&)
 .text._ZN5amiro6INA2196Driver6updateEv
                0x08015280       0x70 build/obj/ina219.o
                0x08015280                amiro::INA219::Driver::update()
 .text._ZN5amiro6INA2196Driver14readBusVoltageEv
                0x080152f0       0x40 build/obj/ina219.o
                0x080152f0                amiro::INA219::Driver::readBusVoltage()
 .text._ZN5amiro6INA2196Driver19readShuntVoltage_uVEv
                0x08015330       0xa0 build/obj/ina219.o
                0x08015330                amiro::INA219::Driver::readShuntVoltage_uV()
 .text._ZN5amiro6INA2196Driver13writeRegisterENS1_15RegisterAddressERKt
                0x080153d0       0x80 build/obj/ina219.o
                0x080153d0                amiro::INA219::Driver::writeRegister(amiro::INA219::Driver::RegisterAddress, unsigned short const&)
 .text._ZN5amiro6INA2196Driver4initEPNS0_8InitDataE
                0x08015450       0x60 build/obj/ina219.o
                0x08015450                amiro::INA219::Driver::init(amiro::INA219::InitData*)
 .text._ZN5amiro6INA2196Driver6wakeupEv
                0x080154b0       0x20 build/obj/ina219.o
                0x080154b0                amiro::INA219::Driver::wakeup()
 .text._ZN5amiro6INA2196Driver9hibernateEv
                0x080154d0       0x30 build/obj/ina219.o
                0x080154d0                amiro::INA219::Driver::hibernate()
 .text._ZN5amiro6INA2196Driver8selftestEv
                0x08015500      0x250 build/obj/ina219.o
                0x08015500                amiro::INA219::Driver::selftest()
 .text._ZN5amiro6EEPROMC2EPK17BaseFileStreamVMTjhthPNS_9I2CDriverE
                0x08015750       0x30 build/obj/eeprom.o
                0x08015750                amiro::EEPROM::EEPROM(BaseFileStreamVMT const*, unsigned int, unsigned char, unsigned short, unsigned char, amiro::I2CDriver*)
                0x08015750                amiro::EEPROM::EEPROM(BaseFileStreamVMT const*, unsigned int, unsigned char, unsigned short, unsigned char, amiro::I2CDriver*)
 .text._ZN5amiro6EEPROMD2Ev
                0x08015780       0x10 build/obj/eeprom.o
                0x08015780                amiro::EEPROM::~EEPROM()
                0x08015780                amiro::EEPROM::~EEPROM()
 .text._ZN5amiro6EEPROM8geterrorEPv
                0x08015790       0x10 build/obj/eeprom.o
                0x08015790                amiro::EEPROM::geterror(void*)
 .text._ZN5amiro6EEPROM7getsizeEPv
                0x080157a0       0x10 build/obj/eeprom.o
                0x080157a0                amiro::EEPROM::getsize(void*)
 .text._ZN5amiro6EEPROM11getpositionEPv
                0x080157b0       0x10 build/obj/eeprom.o
                0x080157b0                amiro::EEPROM::getposition(void*)
 .text._ZN5amiro6EEPROM5lseekEPvm
                0x080157c0       0x10 build/obj/eeprom.o
                0x080157c0                amiro::EEPROM::lseek(void*, unsigned long)
 .text._ZN5amiro4AT245closeEPv
                0x080157d0       0x10 build/obj/at24.o
                0x080157d0                amiro::AT24::close(void*)
 .text._ZN5amiro4AT245writeEPvPKhj
                0x080157e0      0x130 build/obj/at24.o
                0x080157e0                amiro::AT24::write(void*, unsigned char const*, unsigned int)
 .text._ZN5amiro4AT24C2EjhtPNS_9I2CDriverE
                0x08015910       0x30 build/obj/at24.o
                0x08015910                amiro::AT24::AT24(unsigned int, unsigned char, unsigned short, amiro::I2CDriver*)
                0x08015910                amiro::AT24::AT24(unsigned int, unsigned char, unsigned short, amiro::I2CDriver*)
 .text._ZN5amiro4AT24D2Ev
                0x08015940       0x10 build/obj/at24.o
                0x08015940                amiro::AT24::~AT24()
                0x08015940                amiro::AT24::~AT24()
 .text._ZN5amiro4AT248poll_ackEPv
                0x08015950       0x80 build/obj/at24.o
                0x08015950                amiro::AT24::poll_ack(void*)
 .text._ZN5amiro4AT244readEPvPhj
                0x080159d0       0xa0 build/obj/at24.o
                0x080159d0                amiro::AT24::read(void*, unsigned char*, unsigned int)
 .text._ZN5amiro12fileSystemIo16FileSystemIoBase8getCheckEv
                0x08015a70       0x70 build/obj/FileSystemInputOutputBase.o
                0x08015a70                amiro::fileSystemIo::FileSystemIoBase::getCheck()
 .text._ZN5amiro12fileSystemIo16FileSystemIoBase12initPreambleEhhb
                0x08015ae0      0x100 build/obj/FileSystemInputOutputBase.o
                0x08015ae0                amiro::fileSystemIo::FileSystemIoBase::initPreamble(unsigned char, unsigned char, bool)
 .text._ZN5amiro12fileSystemIo16FileSystemIoBase4initEv
                0x08015be0       0xa0 build/obj/FileSystemInputOutputBase.o
                0x08015be0                amiro::fileSystemIo::FileSystemIoBase::init()
 .text._ZN5amiro12fileSystemIo16FileSystemIoBase11resetMemoryEv
                0x08015c80       0x10 build/obj/FileSystemInputOutputBase.o
                0x08015c80                amiro::fileSystemIo::FileSystemIoBase::resetMemory()
 .text._ZN5amiro12fileSystemIo16FileSystemIoBase10getBoardIdEPh
                0x08015c90       0x50 build/obj/FileSystemInputOutputBase.o
                0x08015c90                amiro::fileSystemIo::FileSystemIoBase::getBoardId(unsigned char*)
 .text._ZN5amiro12fileSystemIo16FileSystemIoBase10setBoardIdEh
                0x08015ce0       0x50 build/obj/FileSystemInputOutputBase.o
                0x08015ce0                amiro::fileSystemIo::FileSystemIoBase::setBoardId(unsigned char)
 .text._ZN5amiro12fileSystemIo16FSIODiWheelDrive17getVcnl4020OffsetEPth
                0x08015d30       0x50 build/obj/FSIODiWheelDrive.o
                0x08015d30                amiro::fileSystemIo::FSIODiWheelDrive::getVcnl4020Offset(unsigned short*, unsigned char)
 .text._ZN5amiro12fileSystemIo16FSIODiWheelDrive17setVcnl4020OffsetEth
                0x08015d80       0x50 build/obj/FSIODiWheelDrive.o
                0x08015d80                amiro::fileSystemIo::FSIODiWheelDrive::setVcnl4020Offset(unsigned short, unsigned char)
 .text._ZN5amiro12fileSystemIo16FSIODiWheelDrive14setwheelfactorEf
                0x08015dd0       0x50 build/obj/FSIODiWheelDrive.o
                0x08015dd0                amiro::fileSystemIo::FSIODiWheelDrive::setwheelfactor(float)
 .text._ZN5amiro12fileSystemIo16FSIODiWheelDrive14getWheelFactorEPf
                0x08015e20       0x40 build/obj/FSIODiWheelDrive.o
                0x08015e20                amiro::fileSystemIo::FSIODiWheelDrive::getWheelFactor(float*)
 .text._ZN5amiro12fileSystemIo16FSIODiWheelDrive8setiGainEf
                0x08015e60       0x50 build/obj/FSIODiWheelDrive.o
                0x08015e60                amiro::fileSystemIo::FSIODiWheelDrive::setiGain(float)
 .text._ZN5amiro12fileSystemIo16FSIODiWheelDrive8getiGainEPf
                0x08015eb0       0x40 build/obj/FSIODiWheelDrive.o
                0x08015eb0                amiro::fileSystemIo::FSIODiWheelDrive::getiGain(float*)
 .text._ZN5amiro12fileSystemIo16FSIODiWheelDrive8setdGainEf
                0x08015ef0       0x50 build/obj/FSIODiWheelDrive.o
                0x08015ef0                amiro::fileSystemIo::FSIODiWheelDrive::setdGain(float)
 .text._ZN5amiro12fileSystemIo16FSIODiWheelDrive8getdGainEPf
                0x08015f40       0x40 build/obj/FSIODiWheelDrive.o
                0x08015f40                amiro::fileSystemIo::FSIODiWheelDrive::getdGain(float*)
 .text._ZN5amiro12fileSystemIo16FSIODiWheelDrive8setpGainEi
                0x08015f80       0x50 build/obj/FSIODiWheelDrive.o
                0x08015f80                amiro::fileSystemIo::FSIODiWheelDrive::setpGain(int)
 .text._ZN5amiro12fileSystemIo16FSIODiWheelDrive8getpGainEPi
                0x08015fd0       0x40 build/obj/FSIODiWheelDrive.o
                0x08015fd0                amiro::fileSystemIo::FSIODiWheelDrive::getpGain(int*)
 .text._ZN5amiro12fileSystemIo16FSIODiWheelDrive5getEdEPf
                0x08016010       0x40 build/obj/FSIODiWheelDrive.o
                0x08016010                amiro::fileSystemIo::FSIODiWheelDrive::getEd(float*)
 .text._ZN5amiro12fileSystemIo16FSIODiWheelDrive5setEdEf
                0x08016050       0x50 build/obj/FSIODiWheelDrive.o
                0x08016050                amiro::fileSystemIo::FSIODiWheelDrive::setEd(float)
 .text._ZN5amiro12fileSystemIo16FSIODiWheelDrive5getEbEPf
                0x080160a0       0x40 build/obj/FSIODiWheelDrive.o
                0x080160a0                amiro::fileSystemIo::FSIODiWheelDrive::getEb(float*)
 .text._ZN5amiro12fileSystemIo16FSIODiWheelDrive5setEbEf
                0x080160e0       0x50 build/obj/FSIODiWheelDrive.o
                0x080160e0                amiro::fileSystemIo::FSIODiWheelDrive::setEb(float)
 .text._ZN5amiro15MotorIncrementsC2EP9QEIDriverS2_
                0x08016130       0x20 build/obj/MotorIncrements.o
                0x08016130                amiro::MotorIncrements::MotorIncrements(QEIDriver*, QEIDriver*)
                0x08016130                amiro::MotorIncrements::MotorIncrements(QEIDriver*, QEIDriver*)
 .text._ZN5amiro15MotorIncrements5startEv
                0x08016150       0x30 build/obj/MotorIncrements.o
                0x08016150                amiro::MotorIncrements::start()
 .text._ZN5amiro15MotorIncrements14qeiGetPositionEi
                0x08016180       0x10 build/obj/MotorIncrements.o
                0x08016180                amiro::MotorIncrements::qeiGetPosition(int)
 .text._ZN5amiro15MotorIncrements17getQeiConfigRangeEv
                0x08016190       0x10 build/obj/MotorIncrements.o
                0x08016190                amiro::MotorIncrements::getQeiConfigRange()
 .text._ZN10chibios_rt16BaseStaticThreadILi512EE5startEm
                0x080161a0       0x30 build/obj/MotorControl.o
                0x080161a0                chibios_rt::BaseStaticThread<512>::start(unsigned long)
 .text._ZL8chprintfP20BaseSequentialStreamPKcz.constprop.0
                0x080161d0       0x30 build/obj/MotorControl.o
 .text._ZN5amiro12MotorControlC2EP9PWMDriverPNS_15MotorIncrementsEP12GPIO_TypeDefiPNS_12fileSystemIo16FSIODiWheelDriveE
                0x08016200      0x170 build/obj/MotorControl.o
                0x08016200                amiro::MotorControl::MotorControl(PWMDriver*, amiro::MotorIncrements*, GPIO_TypeDef*, int, amiro::fileSystemIo::FSIODiWheelDrive*)
                0x08016200                amiro::MotorControl::MotorControl(PWMDriver*, amiro::MotorIncrements*, GPIO_TypeDef*, int, amiro::fileSystemIo::FSIODiWheelDrive*)
 .text._ZN5amiro12MotorControl18getCurrentVelocityEv
                0x08016370       0x20 build/obj/MotorControl.o
                0x08016370                amiro::MotorControl::getCurrentVelocity()
 .text._ZN5amiro12MotorControl32setWheelDiameterCorrectionFactorEfb
                0x08016390       0x60 build/obj/MotorControl.o
                0x08016390                amiro::MotorControl::setWheelDiameterCorrectionFactor(float, bool)
 .text._ZN5amiro12MotorControl26setActualWheelBaseDistanceEfb
                0x080163f0       0x30 build/obj/MotorControl.o
                0x080163f0                amiro::MotorControl::setActualWheelBaseDistance(float, bool)
 .text._ZN5amiro12MotorControl12setTargetRPMEll
                0x08016420       0x80 build/obj/MotorControl.o
                0x08016420                amiro::MotorControl::setTargetRPM(long, long)
 .text._ZN5amiro12MotorControl14setTargetSpeedERKN5types9kinematicE
                0x080164a0       0x30 build/obj/MotorControl.o
                0x080164a0                amiro::MotorControl::setTargetSpeed(types::kinematic const&)
 .text._ZN5amiro12MotorControl9calibrateEv
                0x080164d0      0x150 build/obj/MotorControl.o
                0x080164d0                amiro::MotorControl::calibrate()
 .text._ZN5amiro12MotorControl16calibrateZieglerEv
                0x08016620      0x2a0 build/obj/MotorControl.o
                0x08016620                amiro::MotorControl::calibrateZiegler()
 .text._ZN5amiro12MotorControl18setRightWheelSpeedEii
                0x080168c0       0xc0 build/obj/MotorControl.o
                0x080168c0                amiro::MotorControl::setRightWheelSpeed(int, int)
 .text._ZN5amiro12MotorControl13PIDControllerEv
                0x08016980      0x1f0 build/obj/MotorControl.o
                0x08016980                amiro::MotorControl::PIDController()
 .text._ZN5amiro12MotorControl29controllerAndCalibrationLogicEv
                0x08016b70       0xa0 build/obj/MotorControl.o
                0x08016b70                amiro::MotorControl::controllerAndCalibrationLogic()
 .text._ZN5amiro12MotorControl10printGainsEv
                0x08016c10       0x70 build/obj/MotorControl.o
                0x08016c10                amiro::MotorControl::printGains()
 .text._ZN5amiro12MotorControl10resetGainsEv
                0x08016c80       0x70 build/obj/MotorControl.o
                0x08016c80                amiro::MotorControl::resetGains()
 .text._ZN5amiro12MotorControl12calcVelocityEv
                0x08016cf0       0x70 build/obj/MotorControl.o
                0x08016cf0                amiro::MotorControl::calcVelocity()
 .text._ZN5amiro12MotorControl16updateIncrementsEPNS_15MotorIncrementsERA2_lRA2_f
                0x08016d60       0xa0 build/obj/MotorControl.o
                0x08016d60                amiro::MotorControl::updateIncrements(amiro::MotorIncrements*, long (&) [2], float (&) [2])
 .text._ZN5amiro12MotorControl14updateDistanceERA2_KfRA2_f
                0x08016e00       0x30 build/obj/MotorControl.o
                0x08016e00                amiro::MotorControl::updateDistance(float const (&) [2], float (&) [2])
 .text._ZN5amiro12MotorControl25writePulseWidthModulationEv
                0x08016e30       0xa0 build/obj/MotorControl.o
                0x08016e30                amiro::MotorControl::writePulseWidthModulation()
 .text._ZN5amiro11DistControlC2EPNS_12MotorControlEPNS_15MotorIncrementsE
                0x08016ed0       0xb0 build/obj/DistControl.o
                0x08016ed0                amiro::DistControl::DistControl(amiro::MotorControl*, amiro::MotorIncrements*)
                0x08016ed0                amiro::DistControl::DistControl(amiro::MotorControl*, amiro::MotorIncrements*)
 .text._ZN5amiro11DistControl17setTargetPositionEllt
                0x08016f80       0x90 build/obj/DistControl.o
                0x08016f80                amiro::DistControl::setTargetPosition(long, long, unsigned short)
 .text._ZN5amiro11DistControl20deactivateControllerEv
                0x08017010       0x50 build/obj/DistControl.o
                0x08017010                amiro::DistControl::deactivateController()
 .text._ZN5amiro11DistControl14calcVelocitiesEv
                0x08017060      0x140 build/obj/DistControl.o
                0x08017060                amiro::DistControl::calcVelocities()
 .text._ZL8chprintfP20BaseSequentialStreamPKcz.constprop.6
                0x080171a0       0x30 build/obj/Odometry.o
 .text._ZN6Matrix10XdotYtransIfEEvPT_jjS2_jjS2_jj.isra.1.constprop.7
                0x080171d0       0x70 build/obj/Odometry.o
 .text._ZN6Matrix5XdotYIfEEvPT_jjS2_jjS2_jj.isra.0.constprop.8
                0x08017240       0x90 build/obj/Odometry.o
 .text._ZN5amiro8Odometry11getPositionEv
                0x080172d0       0xa0 build/obj/Odometry.o
                0x080172d0                amiro::Odometry::getPosition()
 .text._ZN5amiro8Odometry11setPositionEfff
                0x08017370       0x30 build/obj/Odometry.o
                0x08017370                amiro::Odometry::setPosition(float, float, float)
 .text._ZN5amiro8Odometry13resetPositionEv
                0x080173a0       0x30 build/obj/Odometry.o
                0x080173a0                amiro::Odometry::resetPosition()
 .text._ZN5amiro8OdometryC2EPNS_15MotorIncrementsEPNS_8L3G4200DE
                0x080173d0       0x90 build/obj/Odometry.o
                0x080173d0                amiro::Odometry::Odometry(amiro::MotorIncrements*, amiro::L3G4200D*)
                0x080173d0                amiro::Odometry::Odometry(amiro::MotorIncrements*, amiro::L3G4200D*)
 .text._ZN5amiro8Odometry14updateOdometryEv
                0x08017460      0x2c0 build/obj/Odometry.o
                0x08017460                amiro::Odometry::updateOdometry()
 .text._ZN5amiro8Odometry14updateDistanceEv
                0x08017720       0x30 build/obj/Odometry.o
                0x08017720                amiro::Odometry::updateDistance()
 .text._ZN5amiro23ControllerAreaNetworkRx14receiveMessageEP10CANRxFrame
                0x08017750       0x10 build/obj/ControllerAreaNetworkRx.o
                0x08017750                amiro::ControllerAreaNetworkRx::receiveMessage(CANRxFrame*)
 .text._ZN10chibios_rt16BaseStaticThreadILi128EE5startEm
                0x08017760       0x30 build/obj/ControllerAreaNetworkRx.o
                0x08017760                chibios_rt::BaseStaticThread<128>::start(unsigned long)
 .text._ZN5amiro23ControllerAreaNetworkRxC2EP9CANDriverh
                0x08017790       0x30 build/obj/ControllerAreaNetworkRx.o
                0x08017790                amiro::ControllerAreaNetworkRx::ControllerAreaNetworkRx(CANDriver*, unsigned char)
                0x08017790                amiro::ControllerAreaNetworkRx::ControllerAreaNetworkRx(CANDriver*, unsigned char)
 .text._ZN5amiro23ControllerAreaNetworkRxD2Ev
                0x080177c0       0x10 build/obj/ControllerAreaNetworkRx.o
                0x080177c0                amiro::ControllerAreaNetworkRx::~ControllerAreaNetworkRx()
                0x080177c0                amiro::ControllerAreaNetworkRx::~ControllerAreaNetworkRx()
 .text._ZN5amiro23ControllerAreaNetworkRx16receiveSensorValEP10CANRxFrame
                0x080177d0      0x1b0 build/obj/ControllerAreaNetworkRx.o
                0x080177d0                amiro::ControllerAreaNetworkRx::receiveSensorVal(CANRxFrame*)
 .text._ZN5amiro23ControllerAreaNetworkRx21getProximityRingValueEi
                0x08017980       0x10 build/obj/ControllerAreaNetworkRx.o
                0x08017980                amiro::ControllerAreaNetworkRx::getProximityRingValue(int)
 .text._ZN5amiro23ControllerAreaNetworkRx10getRobotIDEv
                0x08017990       0x10 build/obj/ControllerAreaNetworkRx.o
                0x08017990                amiro::ControllerAreaNetworkRx::getRobotID()
 .text._ZN5amiro23ControllerAreaNetworkRx13decodeBoardIdEP10CANRxFrame
                0x080179a0       0x10 build/obj/ControllerAreaNetworkRx.o
                0x080179a0                amiro::ControllerAreaNetworkRx::decodeBoardId(CANRxFrame*)
 .text._ZN5amiro23ControllerAreaNetworkRx14decodeDeviceIdEP10CANRxFrame
                0x080179b0       0x10 build/obj/ControllerAreaNetworkRx.o
                0x080179b0                amiro::ControllerAreaNetworkRx::decodeDeviceId(CANRxFrame*)
 .text._ZN5amiro23ControllerAreaNetworkTx15updateSensorValEv
                0x080179c0       0x10 build/obj/ControllerAreaNetworkTx.o
                0x080179c0                amiro::ControllerAreaNetworkTx::updateSensorVal()
 .text._ZN5amiro23ControllerAreaNetworkTxC2EP9CANDriverh
                0x080179d0       0x30 build/obj/ControllerAreaNetworkTx.o
                0x080179d0                amiro::ControllerAreaNetworkTx::ControllerAreaNetworkTx(CANDriver*, unsigned char)
                0x080179d0                amiro::ControllerAreaNetworkTx::ControllerAreaNetworkTx(CANDriver*, unsigned char)
 .text._ZN5amiro23ControllerAreaNetworkTxD2Ev
                0x08017a00       0x10 build/obj/ControllerAreaNetworkTx.o
                0x08017a00                amiro::ControllerAreaNetworkTx::~ControllerAreaNetworkTx()
                0x08017a00                amiro::ControllerAreaNetworkTx::~ControllerAreaNetworkTx()
 .text._ZN5amiro23ControllerAreaNetworkTx14encodeDeviceIdEP10CANTxFramei
                0x08017a10       0x20 build/obj/ControllerAreaNetworkTx.o
                0x08017a10                amiro::ControllerAreaNetworkTx::encodeDeviceId(CANTxFrame*, int)
 .text._ZN5amiro23ControllerAreaNetworkTx15transmitMessageEP10CANTxFrame
                0x08017a30       0x40 build/obj/ControllerAreaNetworkTx.o
                0x08017a30                amiro::ControllerAreaNetworkTx::transmitMessage(CANTxFrame*)
 .text._ZN5amiro23ControllerAreaNetworkTx13setLightColorEiNS_5ColorE
                0x08017a70       0x60 build/obj/ControllerAreaNetworkTx.o